Archive member included to satisfy reference by file (symbol)

c:/program files (x86)/atmel/studio/7.0/toolchain/avr8/avr8-gnu-toolchain/bin/../lib/gcc/avr/4.9.2/../../../../avr/lib/avr5\libm.a(addsf3.o)
                              Kinematics.o (__subsf3)
c:/program files (x86)/atmel/studio/7.0/toolchain/avr8/avr8-gnu-toolchain/bin/../lib/gcc/avr/4.9.2/../../../../avr/lib/avr5\libm.a(addsf3x.o)
                              c:/program files (x86)/atmel/studio/7.0/toolchain/avr8/avr8-gnu-toolchain/bin/../lib/gcc/avr/4.9.2/../../../../avr/lib/avr5\libm.a(addsf3.o) (__addsf3x)
c:/program files (x86)/atmel/studio/7.0/toolchain/avr8/avr8-gnu-toolchain/bin/../lib/gcc/avr/4.9.2/../../../../avr/lib/avr5\libm.a(divsf3.o)
                              Kinematics.o (__divsf3)
c:/program files (x86)/atmel/studio/7.0/toolchain/avr8/avr8-gnu-toolchain/bin/../lib/gcc/avr/4.9.2/../../../../avr/lib/avr5\libm.a(divsf3x.o)
                              c:/program files (x86)/atmel/studio/7.0/toolchain/avr8/avr8-gnu-toolchain/bin/../lib/gcc/avr/4.9.2/../../../../avr/lib/avr5\libm.a(divsf3.o) (__divsf3x)
c:/program files (x86)/atmel/studio/7.0/toolchain/avr8/avr8-gnu-toolchain/bin/../lib/gcc/avr/4.9.2/../../../../avr/lib/avr5\libm.a(fixsfsi.o)
                              Kinematics.o (__fixsfsi)
c:/program files (x86)/atmel/studio/7.0/toolchain/avr8/avr8-gnu-toolchain/bin/../lib/gcc/avr/4.9.2/../../../../avr/lib/avr5\libm.a(fixunssfsi.o)
                              c:/program files (x86)/atmel/studio/7.0/toolchain/avr8/avr8-gnu-toolchain/bin/../lib/gcc/avr/4.9.2/../../../../avr/lib/avr5\libm.a(fixsfsi.o) (__fixunssfsi)
c:/program files (x86)/atmel/studio/7.0/toolchain/avr8/avr8-gnu-toolchain/bin/../lib/gcc/avr/4.9.2/../../../../avr/lib/avr5\libm.a(floatsisf.o)
                              Kinematics.o (__floatsisf)
c:/program files (x86)/atmel/studio/7.0/toolchain/avr8/avr8-gnu-toolchain/bin/../lib/gcc/avr/4.9.2/../../../../avr/lib/avr5\libm.a(fp_inf.o)
                              c:/program files (x86)/atmel/studio/7.0/toolchain/avr8/avr8-gnu-toolchain/bin/../lib/gcc/avr/4.9.2/../../../../avr/lib/avr5\libm.a(addsf3x.o) (__fp_inf)
c:/program files (x86)/atmel/studio/7.0/toolchain/avr8/avr8-gnu-toolchain/bin/../lib/gcc/avr/4.9.2/../../../../avr/lib/avr5\libm.a(fp_nan.o)
                              c:/program files (x86)/atmel/studio/7.0/toolchain/avr8/avr8-gnu-toolchain/bin/../lib/gcc/avr/4.9.2/../../../../avr/lib/avr5\libm.a(addsf3x.o) (__fp_nan)
c:/program files (x86)/atmel/studio/7.0/toolchain/avr8/avr8-gnu-toolchain/bin/../lib/gcc/avr/4.9.2/../../../../avr/lib/avr5\libm.a(fp_pscA.o)
                              c:/program files (x86)/atmel/studio/7.0/toolchain/avr8/avr8-gnu-toolchain/bin/../lib/gcc/avr/4.9.2/../../../../avr/lib/avr5\libm.a(addsf3x.o) (__fp_pscA)
c:/program files (x86)/atmel/studio/7.0/toolchain/avr8/avr8-gnu-toolchain/bin/../lib/gcc/avr/4.9.2/../../../../avr/lib/avr5\libm.a(fp_pscB.o)
                              c:/program files (x86)/atmel/studio/7.0/toolchain/avr8/avr8-gnu-toolchain/bin/../lib/gcc/avr/4.9.2/../../../../avr/lib/avr5\libm.a(addsf3x.o) (__fp_pscB)
c:/program files (x86)/atmel/studio/7.0/toolchain/avr8/avr8-gnu-toolchain/bin/../lib/gcc/avr/4.9.2/../../../../avr/lib/avr5\libm.a(fp_round.o)
                              c:/program files (x86)/atmel/studio/7.0/toolchain/avr8/avr8-gnu-toolchain/bin/../lib/gcc/avr/4.9.2/../../../../avr/lib/avr5\libm.a(addsf3.o) (__fp_round)
c:/program files (x86)/atmel/studio/7.0/toolchain/avr8/avr8-gnu-toolchain/bin/../lib/gcc/avr/4.9.2/../../../../avr/lib/avr5\libm.a(fp_split3.o)
                              c:/program files (x86)/atmel/studio/7.0/toolchain/avr8/avr8-gnu-toolchain/bin/../lib/gcc/avr/4.9.2/../../../../avr/lib/avr5\libm.a(addsf3x.o) (__fp_split3)
c:/program files (x86)/atmel/studio/7.0/toolchain/avr8/avr8-gnu-toolchain/bin/../lib/gcc/avr/4.9.2/../../../../avr/lib/avr5\libm.a(fp_zero.o)
                              c:/program files (x86)/atmel/studio/7.0/toolchain/avr8/avr8-gnu-toolchain/bin/../lib/gcc/avr/4.9.2/../../../../avr/lib/avr5\libm.a(addsf3x.o) (__fp_zero)
c:/program files (x86)/atmel/studio/7.0/toolchain/avr8/avr8-gnu-toolchain/bin/../lib/gcc/avr/4.9.2/../../../../avr/lib/avr5\libm.a(mulsf3.o)
                              Kinematics.o (__mulsf3)
c:/program files (x86)/atmel/studio/7.0/toolchain/avr8/avr8-gnu-toolchain/bin/../lib/gcc/avr/4.9.2/../../../../avr/lib/avr5\libm.a(mulsf3x.o)
                              c:/program files (x86)/atmel/studio/7.0/toolchain/avr8/avr8-gnu-toolchain/bin/../lib/gcc/avr/4.9.2/../../../../avr/lib/avr5\libm.a(mulsf3.o) (__mulsf3x)
c:/program files (x86)/atmel/studio/7.0/toolchain/avr8/avr8-gnu-toolchain/bin/../lib/gcc/avr/4.9.2/../../../../avr/lib/avr5\libm.a(pow.o)
                              Kinematics.o (pow)
c:/program files (x86)/atmel/studio/7.0/toolchain/avr8/avr8-gnu-toolchain/bin/../lib/gcc/avr/4.9.2/../../../../avr/lib/avr5\libm.a(exp.o)
[...]
Memory Configuration

Name             Origin             Length             Attributes
text             0x00000000         0x00020000         xr
data             0x00800060         0x0000ffa0         rw !x
eeprom           0x00810000         0x00010000         rw !x
fuse             0x00820000         0x00000400         rw !x
lock             0x00830000         0x00000400         rw !x
signature        0x00840000         0x00000400         rw !x
user_signatures  0x00850000         0x00000400         rw !x
*default*        0x00000000         0xffffffff

Linker script and memory map

Address of section .data set to 0x800100
LOAD C:/Program Files (x86)/Atmel/Studio/7.0/Packs/atmel/ATmega_DFP/1.0.106/gcc/dev/atmega328p/avr5/crtatmega328p.o
LOAD ComwithDisplay.o
LOAD ComwithMotor.o
LOAD ComwithPOS.o
LOAD ComwithRC.o
LOAD ComwithShot.o
LOAD DisplayBuff.o
LOAD Kinematics.o
LOAD Sketch.o
LOAD src/libraries/Adafruit-GFX-Library-master/Adafruit_GFX.o
LOAD src/libraries/Adafruit-GFX-Library-master/Adafruit_SPITFT.o
LOAD src/libraries/Adafruit-GFX-Library-master/glcdfont.o
LOAD src/libraries/Adafruit_SSD1306-master/Adafruit_SSD1306.o
LOAD src/libraries/SoftwareSerial/src/SoftwareSerial.o
LOAD src/libraries/SPI/src/SPI.o
LOAD src/libraries/Wire/src/utility/twi.o
LOAD src/libraries/Wire/src/Wire.o
START GROUP
LOAD c:/program files (x86)/atmel/studio/7.0/toolchain/avr8/avr8-gnu-toolchain/bin/../lib/gcc/avr/4.9.2/../../../../avr/lib/avr5\libm.a
LOAD I:\atmel studio\led2\ArduinoSketch31\ArduinoSketch31\ArduinoCore\Debug\libArduinoCore.a
END GROUP
LOAD c:/program files (x86)/atmel/studio/7.0/toolchain/avr8/avr8-gnu-toolchain/bin/../lib/gcc/avr/4.9.2/avr5\libgcc.a
LOAD c:/program files (x86)/atmel/studio/7.0/toolchain/avr8/avr8-gnu-toolchain/bin/../lib/gcc/avr/4.9.2/../../../../avr/lib/avr5\libm.a
START GROUP
LOAD c:/program files (x86)/atmel/studio/7.0/toolchain/avr8/avr8-gnu-toolchain/bin/../lib/gcc/avr/4.9.2/avr5\libgcc.a
LOAD c:/program files (x86)/atmel/studio/7.0/toolchain/avr8/avr8-gnu-toolchain/bin/../lib/gcc/avr/4.9.2/../../../../avr/lib/avr5\libm.a
LOAD c:/program files (x86)/atmel/studio/7.0/toolchain/avr8/avr8-gnu-toolchain/bin/../lib/gcc/avr/4.9.2/../../../../avr/lib/avr5\libc.a
LOAD C:/Program Files (x86)/Atmel/Studio/7.0/Packs/atmel/ATmega_DFP/1.0.106/gcc/dev/atmega328p/avr5\libatmega328p.a
END GROUP
                0x00020000                __TEXT_REGION_LENGTH__ = DEFINED (__TEXT_REGION_LENGTH__)?__TEXT_REGION_LENGTH__:0x20000
                0x0000ffa0                __DATA_REGION_LENGTH__ = DEFINED (__DATA_REGION_LENGTH__)?__DATA_REGION_LENGTH__:0xffa0
                0x00010000                __EEPROM_REGION_LENGTH__ = DEFINED (__EEPROM_REGION_LENGTH__)?__EEPROM_REGION_LENGTH__:0x10000
                0x00000400                __FUSE_REGION_LENGTH__ = DEFINED (__FUSE_REGION_LENGTH__)?__FUSE_REGION_LENGTH__:0x400
                0x00000400                __LOCK_REGION_LENGTH__ = DEFINED (__LOCK_REGION_LENGTH__)?__LOCK_REGION_LENGTH__:0x400
                0x00000400                __SIGNATURE_REGION_LENGTH__ = DEFINED (__SIGNATURE_REGION_LENGTH__)?__SIGNATURE_REGION_LENGTH__:0x400
                0x00000400                __USER_SIGNATURE_REGION_LENGTH__ = DEFINED (__USER_SIGNATURE_REGION_LENGTH__)?__USER_SIGNATURE_REGION_LENGTH__:0x400

.hash
 *(.hash)

.dynsym
 *(.dynsym)

.dynstr
 *(.dynstr)

.gnu.version
 *(.gnu.version)

.gnu.version_d
 *(.gnu.version_d)

.gnu.version_r
 *(.gnu.version_r)

.rel.init
 *(.rel.init)

.rela.init
 *(.rela.init)

.rel.text
 *(.rel.text)
 *(.rel.text.*)
 *(.rel.gnu.linkonce.t*)

.rela.text
 *(.rela.text)
 *(.rela.text.*)
 *(.rela.gnu.linkonce.t*)

.rel.fini
 *(.rel.fini)

.rela.fini
 *(.rela.fini)

.rel.rodata
 *(.rel.rodata)
 *(.rel.rodata.*)
 *(.rel.gnu.linkonce.r*)

.rela.rodata
 *(.rela.rodata)
 *(.rela.rodata.*)
 *(.rela.gnu.linkonce.r*)

.rel.data
 *(.rel.data)
 *(.rel.data.*)
 *(.rel.gnu.linkonce.d*)

.rela.data
 *(.rela.data)
 *(.rela.data.*)
 *(.rela.gnu.linkonce.d*)

.rel.ctors
 *(.rel.ctors)

.rela.ctors
 *(.rela.ctors)

.rel.dtors
 *(.rel.dtors)

.rela.dtors
 *(.rela.dtors)

.rel.got
 *(.rel.got)

.rela.got
 *(.rela.got)

.rel.bss
 *(.rel.bss)

.rela.bss
 *(.rela.bss)

.rel.plt
 *(.rel.plt)

.rela.plt
 *(.rela.plt)

.text           0x00000000     0x4430
 *(.vectors)
 .vectors       0x00000000       0x68 C:/Program Files (x86)/Atmel/Studio/7.0/Packs/atmel/ATmega_DFP/1.0.106/gcc/dev/atmega328p/avr5/crtatmega328p.o
                0x00000000                __vector_default
                0x00000000                __vectors
 *(.vectors)
 *(.progmem.gcc*)
 .progmem.gcc_fplib
                0x00000068       0x28 c:/program files (x86)/atmel/studio/7.0/toolchain/avr8/avr8-gnu-toolchain/bin/../lib/gcc/avr/4.9.2/../../../../avr/lib/avr5\libm.a(exp.o)
 .progmem.gcc_fplib
                0x00000090       0x5a c:/program files (x86)/atmel/studio/7.0/toolchain/avr8/avr8-gnu-toolchain/bin/../lib/gcc/avr/4.9.2/../../../../avr/lib/avr5\libm.a(log.o)
                0x000000ea                . = ALIGN (0x2)
                0x000000ea                __trampolines_start = .
 *(.trampolines)
 .trampolines   0x000000ea        0x0 linker stubs
 *(.trampolines*)
                0x000000ea                __trampolines_end = .
 *libprintf_flt.a:*(.progmem.data)
 *libc.a:*(.progmem.data)
 .progmem.data  0x000000ea       0x3b c:/program files (x86)/atmel/studio/7.0/toolchain/avr8/avr8-gnu-toolchain/bin/../lib/gcc/avr/4.9.2/../../../../avr/lib/avr5\libc.a(strtod.o)
 .progmem.data  0x00000125       0xfa c:/program files (x86)/atmel/studio/7.0/toolchain/avr8/avr8-gnu-toolchain/bin/../lib/gcc/avr/4.9.2/../../../../avr/lib/avr5\libc.a(ftoa_engine.o)
 *(.progmem*)
 .progmem.data.digital_pin_to_timer_PGM
                0x0000021f       0x14 I:\atmel studio\led2\ArduinoSketch31\ArduinoSketch31\ArduinoCore\Debug\libArduinoCore.a(wiring_digital.o)
                0x0000021f                digital_pin_to_timer_PGM
 .progmem.data.digital_pin_to_bit_mask_PGM
                0x00000233       0x14 I:\atmel studio\led2\ArduinoSketch31\ArduinoSketch31\ArduinoCore\Debug\libArduinoCore.a(wiring_digital.o)
                0x00000233                digital_pin_to_bit_mask_PGM
 .progmem.data.digital_pin_to_port_PGM
                0x00000247       0x14 I:\atmel studio\led2\ArduinoSketch31\ArduinoSketch31\ArduinoCore\Debug\libArduinoCore.a(wiring_digital.o)
                0x00000247                digital_pin_to_port_PGM
 .progmem.data.port_to_input_PGM
                0x0000025b        0xa I:\atmel studio\led2\ArduinoSketch31\ArduinoSketch31\ArduinoCore\Debug\libArduinoCore.a(wiring_digital.o)
                0x0000025b                port_to_input_PGM
 .progmem.data.port_to_output_PGM
                0x00000265        0xa I:\atmel studio\led2\ArduinoSketch31\ArduinoSketch31\ArduinoCore\Debug\libArduinoCore.a(wiring_digital.o)
                0x00000265                port_to_output_PGM
 .progmem.data.port_to_mode_PGM
                0x0000026f        0xa I:\atmel studio\led2\ArduinoSketch31\ArduinoSketch31\ArduinoCore\Debug\libArduinoCore.a(wiring_digital.o)
                0x0000026f                port_to_mode_PGM
                0x0000027a                . = ALIGN (0x2)
 *fill*         0x00000279        0x1 
 *(.jumptables)
 *(.jumptables*)
 *(.lowtext)
 *(.lowtext*)
                0x0000027a                __ctors_start = .
 *(.ctors)
 .ctors         0x0000027a        0x2 ComwithDisplay.o
 .ctors         0x0000027c        0x2 Sketch.o
 .ctors         0x0000027e        0x2 src/libraries/Wire/src/Wire.o
 .ctors         0x00000280        0x2 I:\atmel studio\led2\ArduinoSketch31\ArduinoSketch31\ArduinoCore\Debug\libArduinoCore.a(HardwareSerial0.o)
                0x00000282                __ctors_end = .
                0x00000282                __dtors_start = .
 *(.dtors)
 .dtors         0x00000282        0x2 ComwithDisplay.o
 .dtors         0x00000284        0x2 Sketch.o
                0x00000286                __dtors_end = .
 SORT(*)(.ctors)
 SORT(*)(.dtors)
 *(.init0)
 .init0         0x00000286        0x0 C:/Program Files (x86)/Atmel/Studio/7.0/Packs/atmel/ATmega_DFP/1.0.106/gcc/dev/atmega328p/avr5/crtatmega328p.o
                0x00000286                __init
 *(.init0)
 *(.init1)
 *(.init1)
 *(.init2)
 .init2         0x00000286        0xc C:/Program Files (x86)/Atmel/Studio/7.0/Packs/atmel/ATmega_DFP/1.0.106/gcc/dev/atmega328p/avr5/crtatmega328p.o
 *(.init2)
 *(.init3)
 *(.init3)
 *(.init4)
 .init4         0x00000292       0x16 c:/program files (x86)/atmel/studio/7.0/toolchain/avr8/avr8-gnu-toolchain/bin/../lib/gcc/avr/4.9.2/avr5\libgcc.a(_copy_data.o)
                0x00000292                __do_copy_data
 .init4         0x000002a8       0x10 c:/program files (x86)/atmel/studio/7.0/toolchain/avr8/avr8-gnu-toolchain/bin/../lib/gcc/avr/4.9.2/avr5\libgcc.a(_clear_bss.o)
                0x000002a8                __do_clear_bss
 *(.init4)
 *(.init5)
 *(.init5)
 *(.init6)
 .init6         0x000002b8       0x16 c:/program files (x86)/atmel/studio/7.0/toolchain/avr8/avr8-gnu-toolchain/bin/../lib/gcc/avr/4.9.2/avr5\libgcc.a(_ctors.o)
                0x000002b8                __do_global_ctors
 *(.init6)
 *(.init7)
 *(.init7)
 *(.init8)
 *(.init8)
 *(.init9)
 .init9         0x000002ce        0x8 C:/Program Files (x86)/Atmel/Studio/7.0/Packs/atmel/ATmega_DFP/1.0.106/gcc/dev/atmega328p/avr5/crtatmega328p.o
 *(.init9)
 *(.text)
 .text          0x000002d6        0x2 C:/Program Files (x86)/Atmel/Studio/7.0/Packs/atmel/ATmega_DFP/1.0.106/gcc/dev/atmega328p/avr5/crtatmega328p.o
                0x000002d6                __vector_22
                0x000002d6                __vector_1
                0x000002d6                __vector_12
                0x000002d6                __bad_interrupt
                0x000002d6                __vector_6
                0x000002d6                __vector_23
                0x000002d6                __vector_25
                0x000002d6                __vector_11
                0x000002d6                __vector_13
                0x000002d6                __vector_17
                0x000002d6                __vector_7
                0x000002d6                __vector_9
                0x000002d6                __vector_2
                0x000002d6                __vector_21
                0x000002d6                __vector_15
                0x000002d6                __vector_8
                0x000002d6                __vector_14
                0x000002d6                __vector_10
                0x000002d6                __vector_20
                0x000002d8                . = ALIGN (0x2)
 *(.text.*)
 .text._ZN14ComwithDisplayC2Ev
                0x000002d8        0x2 ComwithDisplay.o
                0x000002d8                _ZN14ComwithDisplayC1Ev
                0x000002d8                _ZN14ComwithDisplayC2Ev
 .text._ZN14ComwithDisplay13displayMotorsEbbbb
                0x000002da       0xa8 ComwithDisplay.o
                0x000002da                _ZN14ComwithDisplay13displayMotorsEbbbb
 .text._ZN14ComwithDisplay11displaySHOTEb
                0x00000382       0x5e ComwithDisplay.o
                0x00000382                _ZN14ComwithDisplay11displaySHOTEb
 .text._ZN14ComwithDisplay10displayPOSEb
                0x000003e0       0x5e ComwithDisplay.o
                0x000003e0                _ZN14ComwithDisplay10displayPOSEb
 .text._ZN14ComwithDisplay10displayXYPEddd
                0x0000043e       0xca ComwithDisplay.o
                0x0000043e                _ZN14ComwithDisplay10displayXYPEddd
 .text._ZN14ComwithDisplay10displayMsgE6String
                0x00000508       0x56 ComwithDisplay.o
                0x00000508                _ZN14ComwithDisplay10displayMsgE6String
 .text._ZN14ComwithDisplay10systemInitEv
                0x0000055e       0x58 ComwithDisplay.o
                0x0000055e                _ZN14ComwithDisplay10systemInitEv
 .text.startup._GLOBAL__sub_I_mySerial
                0x000005b6        0xe ComwithDisplay.o
 .text.exit._GLOBAL__sub_D_mySerial
                0x000005c4        0x8 ComwithDisplay.o
 .text._ZN12ComwithMotorC2Ev
                0x000005cc       0x4e ComwithMotor.o
                0x000005cc                _ZN12ComwithMotorC1Ev
                0x000005cc                _ZN12ComwithMotorC2Ev
 .text._ZN12ComwithMotor18connectedtoL1RightEv
                0x0000061a        0x6 ComwithMotor.o
                0x0000061a                _ZN12ComwithMotor18connectedtoL1RightEv
 .text._ZN12ComwithMotor18connectedtoL2RightEv
                0x00000620        0x6 ComwithMotor.o
                0x00000620                _ZN12ComwithMotor18connectedtoL2RightEv
 .text._ZN12ComwithMotor18connectedtoR1RightEv
                0x00000626        0x6 ComwithMotor.o
                0x00000626                _ZN12ComwithMotor18connectedtoR1RightEv
 .text._ZN12ComwithMotor18connectedtoR2RightEv
                0x0000062c        0x6 ComwithMotor.o
                0x0000062c                _ZN12ComwithMotor18connectedtoR2RightEv
 .text._ZN12ComwithMotor7SendAtoENS_5MotorEi
                0x00000632       0x36 ComwithMotor.o
                0x00000632                _ZN12ComwithMotor7SendAtoENS_5MotorEi
 .text._ZN12ComwithMotor10SendAtoALLEiiii
                0x00000668       0x44 ComwithMotor.o
                0x00000668                _ZN12ComwithMotor10SendAtoALLEiiii
 .text._ZN12ComwithMotor7SendKtoENS_5MotorEddd
                0x000006ac       0xc6 ComwithMotor.o
                0x000006ac                _ZN12ComwithMotor7SendKtoENS_5MotorEddd
 .text._ZN12ComwithMotor10SendKtoALLEddd
                0x00000772       0xa2 ComwithMotor.o
                0x00000772                _ZN12ComwithMotor10SendKtoALLEddd
 .text._ZN12ComwithMotor9ReadBfromENS_5MotorE
                0x00000814       0x46 ComwithMotor.o
                0x00000814                _ZN12ComwithMotor9ReadBfromENS_5MotorE
 .text._ZN12ComwithMotor5beginEv
                0x0000085a       0xf0 ComwithMotor.o
                0x0000085a                _ZN12ComwithMotor5beginEv
 .text._ZN12ComwithMotor5checkEv
                0x0000094a       0x9e ComwithMotor.o
                0x0000094a                _ZN12ComwithMotor5checkEv
 .text._ZN10ComwithPOSC2Ev
                0x000009e8       0x26 ComwithPOS.o
                0x000009e8                _ZN10ComwithPOSC1Ev
                0x000009e8                _ZN10ComwithPOSC2Ev
 .text._ZN9ComwithRCC2Ev
                0x00000a0e       0x62 ComwithRC.o
                0x00000a0e                _ZN9ComwithRCC2Ev
                0x00000a0e                _ZN9ComwithRCC1Ev
 .text._ZN9ComwithRC7recivedE6String
                0x00000a70      0x1cc ComwithRC.o
                0x00000a70                _ZN9ComwithRC7recivedE6String
 .text._ZN11ComwithShotC2Ev
                0x00000c3c        0xe ComwithShot.o
                0x00000c3c                _ZN11ComwithShotC2Ev
                0x00000c3c                _ZN11ComwithShotC1Ev
 .text._ZN11ComwithShot5beginEv
                0x00000c4a       0x3e ComwithShot.o
                0x00000c4a                _ZN11ComwithShot5beginEv
 .text._ZN11ComwithShot14SendXYPandSHOTEddd
                0x00000c88      0x136 ComwithShot.o
                0x00000c88                _ZN11ComwithShot14SendXYPandSHOTEddd
 .text._ZN11ComwithShot5checkEv
                0x00000dbe       0x58 ComwithShot.o
                0x00000dbe                _ZN11ComwithShot5checkEv
 .text._ZN5Print17availableForWriteEv
                0x00000e16        0x6 DisplayBuff.o
                0x00000e16                _ZN5Print17availableForWriteEv
 .text._ZN10KinematicsC2Eiffi
                0x00000e1c       0x9a Kinematics.o
                0x00000e1c                _ZN10KinematicsC1Eiffi
                0x00000e1c                _ZN10KinematicsC2Eiffi
 .text._ZN10Kinematics6getRPMEfff
                0x00000eb6      0x1de Kinematics.o
                0x00000eb6                _ZN10Kinematics6getRPMEfff
 .text.setup    0x00001094       0xb4 Sketch.o
                0x00001094                setup
 .text.loop     0x00001148      0x1d0 Sketch.o
                0x00001148                loop
 .text.startup._GLOBAL__sub_I_CM
                0x00001318       0x74 Sketch.o
 .text.exit._GLOBAL__sub_D_CM
                0x0000138c       0x30 Sketch.o
 .text._Z11serialEventv
                0x000013bc       0x7e Sketch.o
                0x000013bc                _Z11serialEventv
 .text._ZN14SoftwareSerial4readEv
                0x0000143a       0x42 src/libraries/SoftwareSerial/src/SoftwareSerial.o
                0x0000143a                _ZN14SoftwareSerial4readEv
 .text._ZN14SoftwareSerial5writeEh
                0x0000147c       0xa8 src/libraries/SoftwareSerial/src/SoftwareSerial.o
                0x0000147c                _ZN14SoftwareSerial5writeEh
 .text._ZN14SoftwareSerial5flushEv
                0x00001524        0x2 src/libraries/SoftwareSerial/src/SoftwareSerial.o
                0x00001524                _ZN14SoftwareSerial5flushEv
 .text._ZN14SoftwareSerial4peekEv
                0x00001526       0x30 src/libraries/SoftwareSerial/src/SoftwareSerial.o
                0x00001526                _ZN14SoftwareSerial4peekEv
 .text._ZN14SoftwareSerial9availableEv
                0x00001556       0x2e src/libraries/SoftwareSerial/src/SoftwareSerial.o
                0x00001556                _ZN14SoftwareSerial9availableEv
 .text._ZN14SoftwareSerial13stopListeningEv
                0x00001584       0x2c src/libraries/SoftwareSerial/src/SoftwareSerial.o
                0x00001584                _ZN14SoftwareSerial13stopListeningEv
 .text._ZN14SoftwareSerial6listenEv
                0x000015b0       0x50 src/libraries/SoftwareSerial/src/SoftwareSerial.o
                0x000015b0                _ZN14SoftwareSerial6listenEv
 .text.__vector_3
                0x00001600       0xf4 src/libraries/SoftwareSerial/src/SoftwareSerial.o
                0x00001600                __vector_5
                0x00001600                __vector_4
                0x00001600                __vector_3
 .text._ZN14SoftwareSerialD2Ev
                0x000016f4        0xc src/libraries/SoftwareSerial/src/SoftwareSerial.o
                0x000016f4                _ZN14SoftwareSerialD1Ev
                0x000016f4                _ZN14SoftwareSerialD2Ev
 .text._ZN14SoftwareSerial5setTXEh
                0x00001700       0x52 src/libraries/SoftwareSerial/src/SoftwareSerial.o
                0x00001700                _ZN14SoftwareSerial5setTXEh
 .text._ZN14SoftwareSerial5setRXEh
                0x00001752       0x52 src/libraries/SoftwareSerial/src/SoftwareSerial.o
                0x00001752                _ZN14SoftwareSerial5setRXEh
 .text._ZN14SoftwareSerialC2Ehhb
                0x000017a4       0x52 src/libraries/SoftwareSerial/src/SoftwareSerial.o
                0x000017a4                _ZN14SoftwareSerialC1Ehhb
                0x000017a4                _ZN14SoftwareSerialC2Ehhb
 .text._ZN14SoftwareSerial5beginEl
                0x000017f6      0x11a src/libraries/SoftwareSerial/src/SoftwareSerial.o
                0x000017f6                _ZN14SoftwareSerial5beginEl
 .text.twi_init
                0x00001910       0x3c src/libraries/Wire/src/utility/twi.o
                0x00001910                twi_init
 .text.twi_readFrom
                0x0000194c       0x90 src/libraries/Wire/src/utility/twi.o
                0x0000194c                twi_readFrom
 .text.twi_writeTo
                0x000019dc       0xac src/libraries/Wire/src/utility/twi.o
                0x000019dc                twi_writeTo
 .text.twi_transmit
                0x00001a88       0x50 src/libraries/Wire/src/utility/twi.o
                0x00001a88                twi_transmit
 .text.twi_stop
                0x00001ad8       0x14 src/libraries/Wire/src/utility/twi.o
                0x00001ad8                twi_stop
 .text.twi_releaseBus
                0x00001aec        0xc src/libraries/Wire/src/utility/twi.o
                0x00001aec                twi_releaseBus
 .text.__vector_24
                0x00001af8      0x254 src/libraries/Wire/src/utility/twi.o
                0x00001af8                __vector_24
 .text._ZN7TwoWire9availableEv
                0x00001d4c       0x10 src/libraries/Wire/src/Wire.o
                0x00001d4c                _ZN7TwoWire9availableEv
 .text._ZN7TwoWire4readEv
                0x00001d5c       0x28 src/libraries/Wire/src/Wire.o
                0x00001d5c                _ZN7TwoWire4readEv
 .text._ZN7TwoWire4peekEv
                0x00001d84       0x1e src/libraries/Wire/src/Wire.o
                0x00001d84                _ZN7TwoWire4peekEv
 .text._ZN7TwoWire5flushEv
                0x00001da2        0x2 src/libraries/Wire/src/Wire.o
                0x00001da2                _ZN7TwoWire5flushEv
 .text._ZN7TwoWire5writeEPKhj
                0x00001da4       0x5e src/libraries/Wire/src/Wire.o
                0x00001da4                _ZN7TwoWire5writeEPKhj
 .text._ZN7TwoWire5writeEh
                0x00001e02       0x5c src/libraries/Wire/src/Wire.o
                0x00001e02                _ZN7TwoWire5writeEh
 .text._ZN7TwoWireC2Ev
                0x00001e5e       0x20 src/libraries/Wire/src/Wire.o
                0x00001e5e                _ZN7TwoWireC1Ev
                0x00001e5e                _ZN7TwoWireC2Ev
 .text._ZN7TwoWire5beginEv
                0x00001e7e       0x12 src/libraries/Wire/src/Wire.o
                0x00001e7e                _ZN7TwoWire5beginEv
 .text._ZN7TwoWire17beginTransmissionEh
                0x00001e90       0x14 src/libraries/Wire/src/Wire.o
                0x00001e90                _ZN7TwoWire17beginTransmissionEh
 .text._ZN7TwoWire17beginTransmissionEi
                0x00001ea4        0x2 src/libraries/Wire/src/Wire.o
                0x00001ea4                _ZN7TwoWire17beginTransmissionEi
 .text._ZN7TwoWire15endTransmissionEh
                0x00001ea6       0x24 src/libraries/Wire/src/Wire.o
                0x00001ea6                _ZN7TwoWire15endTransmissionEh
 .text._ZN7TwoWire11requestFromEhhmhh
                0x00001eca       0xa2 src/libraries/Wire/src/Wire.o
                0x00001eca                _ZN7TwoWire11requestFromEhhmhh
 .text._ZN7TwoWire11requestFromEhhh
                0x00001f6c       0x1e src/libraries/Wire/src/Wire.o
                0x00001f6c                _ZN7TwoWire11requestFromEhhh
 .text._ZN7TwoWire11requestFromEii
                0x00001f8a        0x4 src/libraries/Wire/src/Wire.o
                0x00001f8a                _ZN7TwoWire11requestFromEii
 .text._ZN7TwoWire15endTransmissionEv
                0x00001f8e        0x4 src/libraries/Wire/src/Wire.o
                0x00001f8e                _ZN7TwoWire15endTransmissionEv
 .text.startup._GLOBAL__sub_I__ZN7TwoWire8rxBufferE
                0x00001f92        0x6 src/libraries/Wire/src/Wire.o
 .text.avr-libc.fplib
                0x00001f98        0xa c:/program files (x86)/atmel/studio/7.0/toolchain/avr8/avr8-gnu-toolchain/bin/../lib/gcc/avr/4.9.2/../../../../avr/lib/avr5\libm.a(addsf3.o)
                0x00001f98                __subsf3
                0x00001f9a                __addsf3
 .text.avr-libc.fplib
                0x00001fa2       0xc0 c:/program files (x86)/atmel/studio/7.0/toolchain/avr8/avr8-gnu-toolchain/bin/../lib/gcc/avr/4.9.2/../../../../avr/lib/avr5\libm.a(addsf3x.o)
                0x00001fbc                __addsf3x
 .text.avr-libc.fplib
                0x00002062        0x4 c:/program files (x86)/atmel/studio/7.0/toolchain/avr8/avr8-gnu-toolchain/bin/../lib/gcc/avr/4.9.2/../../../../avr/lib/avr5\libm.a(divsf3.o)
                0x00002062                __divsf3
 .text.avr-libc.fplib
                0x00002066       0xcc c:/program files (x86)/atmel/studio/7.0/toolchain/avr8/avr8-gnu-toolchain/bin/../lib/gcc/avr/4.9.2/../../../../avr/lib/avr5\libm.a(divsf3x.o)
                0x0000207c                __divsf3x
                0x00002080                __divsf3_pse
 .text.avr-libc.fplib
                0x00002132        0xa c:/program files (x86)/atmel/studio/7.0/toolchain/avr8/avr8-gnu-toolchain/bin/../lib/gcc/avr/4.9.2/../../../../avr/lib/avr5\libm.a(fixsfsi.o)
                0x00002132                __fixsfsi
 .text.avr-libc.fplib
                0x0000213c       0x58 c:/program files (x86)/atmel/studio/7.0/toolchain/avr8/avr8-gnu-toolchain/bin/../lib/gcc/avr/4.9.2/../../../../avr/lib/avr5\libm.a(fixunssfsi.o)
                0x0000213c                __fixunssfsi
 .text.avr-libc.fplib
                0x00002194       0x7a c:/program files (x86)/atmel/studio/7.0/toolchain/avr8/avr8-gnu-toolchain/bin/../lib/gcc/avr/4.9.2/../../../../avr/lib/avr5\libm.a(floatsisf.o)
                0x00002194                __floatunsisf
                0x00002198                __floatsisf
 .text.avr-libc.fplib
                0x0000220e        0xc c:/program files (x86)/atmel/studio/7.0/toolchain/avr8/avr8-gnu-toolchain/bin/../lib/gcc/avr/4.9.2/../../../../avr/lib/avr5\libm.a(fp_inf.o)
                0x0000220e                __fp_inf
 .text.avr-libc.fplib
                0x0000221a        0x6 c:/program files (x86)/atmel/studio/7.0/toolchain/avr8/avr8-gnu-toolchain/bin/../lib/gcc/avr/4.9.2/../../../../avr/lib/avr5\libm.a(fp_nan.o)
                0x0000221a                __fp_nan
 .text.avr-libc.fplib
                0x00002220        0xe c:/program files (x86)/atmel/studio/7.0/toolchain/avr8/avr8-gnu-toolchain/bin/../lib/gcc/avr/4.9.2/../../../../avr/lib/avr5\libm.a(fp_pscA.o)
                0x00002220                __fp_pscA
 .text.avr-libc.fplib
                0x0000222e        0xe c:/program files (x86)/atmel/studio/7.0/toolchain/avr8/avr8-gnu-toolchain/bin/../lib/gcc/avr/4.9.2/../../../../avr/lib/avr5\libm.a(fp_pscB.o)
                0x0000222e                __fp_pscB
 .text.avr-libc.fplib
                0x0000223c       0x22 c:/program files (x86)/atmel/studio/7.0/toolchain/avr8/avr8-gnu-toolchain/bin/../lib/gcc/avr/4.9.2/../../../../avr/lib/avr5\libm.a(fp_round.o)
                0x0000223c                __fp_round
 .text.avr-libc.fplib
                0x0000225e       0x44 c:/program files (x86)/atmel/studio/7.0/toolchain/avr8/avr8-gnu-toolchain/bin/../lib/gcc/avr/4.9.2/../../../../avr/lib/avr5\libm.a(fp_split3.o)
                0x0000225e                __fp_split3
                0x0000226e                __fp_splitA
 .text.avr-libc.fplib
                0x000022a2        0xe c:/program files (x86)/atmel/studio/7.0/toolchain/avr8/avr8-gnu-toolchain/bin/../lib/gcc/avr/4.9.2/../../../../avr/lib/avr5\libm.a(fp_zero.o)
                0x000022a2                __fp_zero
                0x000022a4                __fp_szero
 .text.avr-libc.fplib
                0x000022b0        0x4 c:/program files (x86)/atmel/studio/7.0/toolchain/avr8/avr8-gnu-toolchain/bin/../lib/gcc/avr/4.9.2/../../../../avr/lib/avr5\libm.a(mulsf3.o)
                0x000022b0                __mulsf3
 .text.avr-libc.fplib
                0x000022b4       0xc2 c:/program files (x86)/atmel/studio/7.0/toolchain/avr8/avr8-gnu-toolchain/bin/../lib/gcc/avr/4.9.2/../../../../avr/lib/avr5\libm.a(mulsf3x.o)
                0x000022c8                __mulsf3x
                0x000022cc                __mulsf3_pse
 .text.avr-libc.fplib
                0x00002376       0x98 c:/program files (x86)/atmel/studio/7.0/toolchain/avr8/avr8-gnu-toolchain/bin/../lib/gcc/avr/4.9.2/../../../../avr/lib/avr5\libm.a(pow.o)
                0x00002376                pow
 .text.avr-libc.fplib
                0x0000240e       0x62 c:/program files (x86)/atmel/studio/7.0/toolchain/avr8/avr8-gnu-toolchain/bin/../lib/gcc/avr/4.9.2/../../../../avr/lib/avr5\libm.a(exp.o)
                0x00002418                exp
 .text.avr-libc.fplib
                0x00002470       0x4a c:/program files (x86)/atmel/studio/7.0/toolchain/avr8/avr8-gnu-toolchain/bin/../lib/gcc/avr/4.9.2/../../../../avr/lib/avr5\libm.a(fp_powser.o)
                0x00002470                __fp_powser
 .text.avr-libc.fplib
                0x000024ba        0xe c:/program files (x86)/atmel/studio/7.0/toolchain/avr8/avr8-gnu-toolchain/bin/../lib/gcc/avr/4.9.2/../../../../avr/lib/avr5\libm.a(inverse.o)
                0x000024ba                inverse
 .text.avr-libc.fplib
                0x000024c8       0x6c c:/program files (x86)/atmel/studio/7.0/toolchain/avr8/avr8-gnu-toolchain/bin/../lib/gcc/avr/4.9.2/../../../../avr/lib/avr5\libm.a(ldexp.o)
                0x000024cc                ldexp
 .text.avr-libc.fplib
                0x00002534       0x8a c:/program files (x86)/atmel/studio/7.0/toolchain/avr8/avr8-gnu-toolchain/bin/../lib/gcc/avr/4.9.2/../../../../avr/lib/avr5\libm.a(log.o)
                0x0000253e                log
 .text.avr-libc.fplib
                0x000025be       0x66 c:/program files (x86)/atmel/studio/7.0/toolchain/avr8/avr8-gnu-toolchain/bin/../lib/gcc/avr/4.9.2/../../../../avr/lib/avr5\libm.a(modf.o)
                0x000025be                modf
                0x000025be                modff
 .text.avr-libc.fplib
                0x00002624       0x1c c:/program files (x86)/atmel/studio/7.0/toolchain/avr8/avr8-gnu-toolchain/bin/../lib/gcc/avr/4.9.2/../../../../avr/lib/avr5\libm.a(fp_mpack.o)
                0x00002624                __fp_mpack
                0x00002628                __fp_mpack_finite
 .text._ZN14HardwareSerial9availableEv
                0x00002640       0x18 I:\atmel studio\led2\ArduinoSketch31\ArduinoSketch31\ArduinoCore\Debug\libArduinoCore.a(HardwareSerial.o)
                0x00002640                _ZN14HardwareSerial9availableEv
 .text._ZN14HardwareSerial4peekEv
                0x00002658       0x1c I:\atmel studio\led2\ArduinoSketch31\ArduinoSketch31\ArduinoCore\Debug\libArduinoCore.a(HardwareSerial.o)
                0x00002658                _ZN14HardwareSerial4peekEv
 .text._ZN14HardwareSerial4readEv
                0x00002674       0x28 I:\atmel studio\led2\ArduinoSketch31\ArduinoSketch31\ArduinoCore\Debug\libArduinoCore.a(HardwareSerial.o)
                0x00002674                _ZN14HardwareSerial4readEv
 .text._ZN14HardwareSerial17availableForWriteEv
                0x0000269c       0x1e I:\atmel studio\led2\ArduinoSketch31\ArduinoSketch31\ArduinoCore\Debug\libArduinoCore.a(HardwareSerial.o)
                0x0000269c                _ZN14HardwareSerial17availableForWriteEv
 .text._Z14serialEventRunv
                0x000026ba       0x1a I:\atmel studio\led2\ArduinoSketch31\ArduinoSketch31\ArduinoCore\Debug\libArduinoCore.a(HardwareSerial.o)
                0x000026ba                _Z14serialEventRunv
 .text._ZN14HardwareSerial17_tx_udr_empty_irqEv
                0x000026d4       0x42 I:\atmel studio\led2\ArduinoSketch31\ArduinoSketch31\ArduinoCore\Debug\libArduinoCore.a(HardwareSerial.o)
                0x000026d4                _ZN14HardwareSerial17_tx_udr_empty_irqEv
 .text._ZN14HardwareSerial5flushEv
                0x00002716       0x42 I:\atmel studio\led2\ArduinoSketch31\ArduinoSketch31\ArduinoCore\Debug\libArduinoCore.a(HardwareSerial.o)
                0x00002716                _ZN14HardwareSerial5flushEv
 .text._ZN14HardwareSerial5writeEh
                0x00002758       0x8c I:\atmel studio\led2\ArduinoSketch31\ArduinoSketch31\ArduinoCore\Debug\libArduinoCore.a(HardwareSerial.o)
                0x00002758                _ZN14HardwareSerial5writeEh
 .text._ZN14HardwareSerial5beginEmh
                0x000027e4       0xc6 I:\atmel studio\led2\ArduinoSketch31\ArduinoSketch31\ArduinoCore\Debug\libArduinoCore.a(HardwareSerial.o)
                0x000027e4                _ZN14HardwareSerial5beginEmh
 .text.__vector_18
                0x000028aa       0x64 I:\atmel studio\led2\ArduinoSketch31\ArduinoSketch31\ArduinoCore\Debug\libArduinoCore.a(HardwareSerial0.o)
                0x000028aa                __vector_18
 .text.__vector_19
                0x0000290e       0x4a I:\atmel studio\led2\ArduinoSketch31\ArduinoSketch31\ArduinoCore\Debug\libArduinoCore.a(HardwareSerial0.o)
                0x0000290e                __vector_19
 .text._Z17Serial0_availablev
                0x00002958       0x12 I:\atmel studio\led2\ArduinoSketch31\ArduinoSketch31\ArduinoCore\Debug\libArduinoCore.a(HardwareSerial0.o)
                0x00002958                _Z17Serial0_availablev
 .text.startup._GLOBAL__sub_I___vector_18
                0x0000296a       0x5a I:\atmel studio\led2\ArduinoSketch31\ArduinoSketch31\ArduinoCore\Debug\libArduinoCore.a(HardwareSerial0.o)
 .text.initVariant
                0x000029c4        0x2 I:\atmel studio\led2\ArduinoSketch31\ArduinoSketch31\ArduinoCore\Debug\libArduinoCore.a(main.o)
                0x000029c4                initVariant
 .text.startup.main
                0x000029c6       0x18 I:\atmel studio\led2\ArduinoSketch31\ArduinoSketch31\ArduinoCore\Debug\libArduinoCore.a(main.o)
                0x000029c6                main
 .text._ZN5Print5writeEPKhj
                0x000029de       0x56 I:\atmel studio\led2\ArduinoSketch31\ArduinoSketch31\ArduinoCore\Debug\libArduinoCore.a(Print.o)
                0x000029de                _ZN5Print5writeEPKhj
 .text._ZN5Print5writeEPKc
                0x00002a34       0x2a I:\atmel studio\led2\ArduinoSketch31\ArduinoSketch31\ArduinoCore\Debug\libArduinoCore.a(Print.o)
                0x00002a34                _ZN5Print5writeEPKc
 .text._ZN5Print5printERK6String
                0x00002a5e       0x1c I:\atmel studio\led2\ArduinoSketch31\ArduinoSketch31\ArduinoCore\Debug\libArduinoCore.a(Print.o)
                0x00002a5e                _ZN5Print5printERK6String
 .text._ZN5Print5printEPKc
                0x00002a7a        0x2 I:\atmel studio\led2\ArduinoSketch31\ArduinoSketch31\ArduinoCore\Debug\libArduinoCore.a(Print.o)
                0x00002a7a                _ZN5Print5printEPKc
 .text._ZN5Print5printEc
                0x00002a7c        0xe I:\atmel studio\led2\ArduinoSketch31\ArduinoSketch31\ArduinoCore\Debug\libArduinoCore.a(Print.o)
                0x00002a7c                _ZN5Print5printEc
 .text._ZN5Print7printlnEv
                0x00002a8a        0x6 I:\atmel studio\led2\ArduinoSketch31\ArduinoSketch31\ArduinoCore\Debug\libArduinoCore.a(Print.o)
                0x00002a8a                _ZN5Print7printlnEv
 .text._ZN5Print7printlnERK6String
                0x00002a90       0x20 I:\atmel studio\led2\ArduinoSketch31\ArduinoSketch31\ArduinoCore\Debug\libArduinoCore.a(Print.o)
                0x00002a90                _ZN5Print7printlnERK6String
 .text._ZN5Print7printlnEPKc
                0x00002ab0       0x20 I:\atmel studio\led2\ArduinoSketch31\ArduinoSketch31\ArduinoCore\Debug\libArduinoCore.a(Print.o)
                0x00002ab0                _ZN5Print7printlnEPKc
 .text._ZN5Print11printNumberEmh
                0x00002ad0       0xa4 I:\atmel studio\led2\ArduinoSketch31\ArduinoSketch31\ArduinoCore\Debug\libArduinoCore.a(Print.o)
                0x00002ad0                _ZN5Print11printNumberEmh
 .text._ZN5Print5printEli
                0x00002b74       0x8e I:\atmel studio\led2\ArduinoSketch31\ArduinoSketch31\ArduinoCore\Debug\libArduinoCore.a(Print.o)
                0x00002b74                _ZN5Print5printEli
 .text._ZN5Print7printlnEii
                0x00002c02       0x2a I:\atmel studio\led2\ArduinoSketch31\ArduinoSketch31\ArduinoCore\Debug\libArduinoCore.a(Print.o)
                0x00002c02                _ZN5Print7printlnEii
 .text._ZN5Print10printFloatEdh
                0x00002c2c      0x19c I:\atmel studio\led2\ArduinoSketch31\ArduinoSketch31\ArduinoCore\Debug\libArduinoCore.a(Print.o)
                0x00002c2c                _ZN5Print10printFloatEdh
 .text._ZN5Print5printEdi
                0x00002dc8        0x2 I:\atmel studio\led2\ArduinoSketch31\ArduinoSketch31\ArduinoCore\Debug\libArduinoCore.a(Print.o)
                0x00002dc8                _ZN5Print5printEdi
 .text.__vector_16
                0x00002dca       0x94 I:\atmel studio\led2\ArduinoSketch31\ArduinoSketch31\ArduinoCore\Debug\libArduinoCore.a(wiring.o)
                0x00002dca                __vector_16
 .text.millis   0x00002e5e       0x18 I:\atmel studio\led2\ArduinoSketch31\ArduinoSketch31\ArduinoCore\Debug\libArduinoCore.a(wiring.o)
                0x00002e5e                millis
 .text.micros   0x00002e76       0x4a I:\atmel studio\led2\ArduinoSketch31\ArduinoSketch31\ArduinoCore\Debug\libArduinoCore.a(wiring.o)
                0x00002e76                micros
 .text.delay    0x00002ec0       0x72 I:\atmel studio\led2\ArduinoSketch31\ArduinoSketch31\ArduinoCore\Debug\libArduinoCore.a(wiring.o)
                0x00002ec0                delay
 .text.init     0x00002f32       0x76 I:\atmel studio\led2\ArduinoSketch31\ArduinoSketch31\ArduinoCore\Debug\libArduinoCore.a(wiring.o)
                0x00002f32                init
 .text.turnOffPWM
                0x00002fa8       0x52 I:\atmel studio\led2\ArduinoSketch31\ArduinoSketch31\ArduinoCore\Debug\libArduinoCore.a(wiring_digital.o)
 .text.pinMode  0x00002ffa       0x78 I:\atmel studio\led2\ArduinoSketch31\ArduinoSketch31\ArduinoCore\Debug\libArduinoCore.a(wiring_digital.o)
                0x00002ffa                pinMode
 .text.digitalWrite
                0x00003072       0x5e I:\atmel studio\led2\ArduinoSketch31\ArduinoSketch31\ArduinoCore\Debug\libArduinoCore.a(wiring_digital.o)
                0x00003072                digitalWrite
 .text._ZNK6String14StringIfHelperEv
                0x000030d0        0x2 I:\atmel studio\led2\ArduinoSketch31\ArduinoSketch31\ArduinoCore\Debug\libArduinoCore.a(WString.o)
                0x000030d0                _ZNK6String14StringIfHelperEv
 .text._ZN6StringD2Ev
                0x000030d2        0x8 I:\atmel studio\led2\ArduinoSketch31\ArduinoSketch31\ArduinoCore\Debug\libArduinoCore.a(WString.o)
                0x000030d2                _ZN6StringD2Ev
                0x000030d2                _ZN6StringD1Ev
 .text._ZN6String10invalidateEv
                0x000030da       0x22 I:\atmel studio\led2\ArduinoSketch31\ArduinoSketch31\ArduinoCore\Debug\libArduinoCore.a(WString.o)
                0x000030da                _ZN6String10invalidateEv
 .text._ZN6String12changeBufferEj
                0x000030fc       0x32 I:\atmel studio\led2\ArduinoSketch31\ArduinoSketch31\ArduinoCore\Debug\libArduinoCore.a(WString.o)
                0x000030fc                _ZN6String12changeBufferEj
 .text._ZN6String7reserveEj
                0x0000312e       0x36 I:\atmel studio\led2\ArduinoSketch31\ArduinoSketch31\ArduinoCore\Debug\libArduinoCore.a(WString.o)
                0x0000312e                _ZN6String7reserveEj
 .text._ZN6String4copyEPKcj
                0x00003164       0x3c I:\atmel studio\led2\ArduinoSketch31\ArduinoSketch31\ArduinoCore\Debug\libArduinoCore.a(WString.o)
                0x00003164                _ZN6String4copyEPKcj
 .text._ZN6StringC2EPKc
                0x000031a0       0x28 I:\atmel studio\led2\ArduinoSketch31\ArduinoSketch31\ArduinoCore\Debug\libArduinoCore.a(WString.o)
                0x000031a0                _ZN6StringC2EPKc
                0x000031a0                _ZN6StringC1EPKc
 .text._ZN6String4moveERS_
                0x000031c8       0x76 I:\atmel studio\led2\ArduinoSketch31\ArduinoSketch31\ArduinoCore\Debug\libArduinoCore.a(WString.o)
                0x000031c8                _ZN6String4moveERS_
 .text._ZN6StringaSERKS_
                0x0000323e       0x2a I:\atmel studio\led2\ArduinoSketch31\ArduinoSketch31\ArduinoCore\Debug\libArduinoCore.a(WString.o)
                0x0000323e                _ZN6StringaSERKS_
 .text._ZN6StringC2ERKS_
                0x00003268       0x10 I:\atmel studio\led2\ArduinoSketch31\ArduinoSketch31\ArduinoCore\Debug\libArduinoCore.a(WString.o)
                0x00003268                _ZN6StringC2ERKS_
                0x00003268                _ZN6StringC1ERKS_
 .text._ZN6StringaSEOS_
                0x00003278       0x16 I:\atmel studio\led2\ArduinoSketch31\ArduinoSketch31\ArduinoCore\Debug\libArduinoCore.a(WString.o)
                0x00003278                _ZN6StringaSEOS_
 .text._ZN6StringaSEPKc
                0x0000328e       0x2a I:\atmel studio\led2\ArduinoSketch31\ArduinoSketch31\ArduinoCore\Debug\libArduinoCore.a(WString.o)
                0x0000328e                _ZN6StringaSEPKc
 .text._ZN6String6concatEPKcj
                0x000032b8       0x58 I:\atmel studio\led2\ArduinoSketch31\ArduinoSketch31\ArduinoCore\Debug\libArduinoCore.a(WString.o)
                0x000032b8                _ZN6String6concatEPKcj
 .text._ZN6String6concatERKS_
                0x00003310        0xc I:\atmel studio\led2\ArduinoSketch31\ArduinoSketch31\ArduinoCore\Debug\libArduinoCore.a(WString.o)
                0x00003310                _ZN6String6concatERKS_
 .text._ZN6String6concatEPKc
                0x0000331c       0x1c I:\atmel studio\led2\ArduinoSketch31\ArduinoSketch31\ArduinoCore\Debug\libArduinoCore.a(WString.o)
                0x0000331c                _ZN6String6concatEPKc
 .text._ZN6String6concatEc
                0x00003338       0x24 I:\atmel studio\led2\ArduinoSketch31\ArduinoSketch31\ArduinoCore\Debug\libArduinoCore.a(WString.o)
                0x00003338                _ZN6String6concatEc
 .text._ZN6String6concatEm
                0x0000335c       0x5e I:\atmel studio\led2\ArduinoSketch31\ArduinoSketch31\ArduinoCore\Debug\libArduinoCore.a(WString.o)
                0x0000335c                _ZN6String6concatEm
 .text._ZN6String6concatEd
                0x000033ba       0x5e I:\atmel studio\led2\ArduinoSketch31\ArduinoSketch31\ArduinoCore\Debug\libArduinoCore.a(WString.o)
                0x000033ba                _ZN6String6concatEd
 .text._ZNK6String7indexOfERKS_j
                0x00003418       0x38 I:\atmel studio\led2\ArduinoSketch31\ArduinoSketch31\ArduinoCore\Debug\libArduinoCore.a(WString.o)
                0x00003418                _ZNK6String7indexOfERKS_j
 .text._ZNK6String7indexOfERKS_
                0x00003450        0x6 I:\atmel studio\led2\ArduinoSketch31\ArduinoSketch31\ArduinoCore\Debug\libArduinoCore.a(WString.o)
                0x00003450                _ZNK6String7indexOfERKS_
 .text._ZNK6String9substringEjj
                0x00003456       0x88 I:\atmel studio\led2\ArduinoSketch31\ArduinoSketch31\ArduinoCore\Debug\libArduinoCore.a(WString.o)
                0x00003456                _ZNK6String9substringEjj
 .text._ZN6String11toUpperCaseEv
                0x000034de       0x22 I:\atmel studio\led2\ArduinoSketch31\ArduinoSketch31\ArduinoCore\Debug\libArduinoCore.a(WString.o)
                0x000034de                _ZN6String11toUpperCaseEv
 .text._ZNK6String5toIntEv
                0x00003500       0x14 I:\atmel studio\led2\ArduinoSketch31\ArduinoSketch31\ArduinoCore\Debug\libArduinoCore.a(WString.o)
                0x00003500                _ZNK6String5toIntEv
 .text._ZNK6String8toDoubleEv
                0x00003514       0x14 I:\atmel studio\led2\ArduinoSketch31\ArduinoSketch31\ArduinoCore\Debug\libArduinoCore.a(WString.o)
                0x00003514                _ZNK6String8toDoubleEv
 .text.__empty  0x00003528        0x2 I:\atmel studio\led2\ArduinoSketch31\ArduinoSketch31\ArduinoCore\Debug\libArduinoCore.a(hooks.o)
                0x00003528                yield
 .text.avr-libc.fplib
                0x0000352a        0x8 c:/program files (x86)/atmel/studio/7.0/toolchain/avr8/avr8-gnu-toolchain/bin/../lib/gcc/avr/4.9.2/../../../../avr/lib/avr5\libm.a(cmpsf2.o)
                0x0000352a                __nesf2
                0x0000352a                __eqsf2
                0x0000352a                __cmpsf2
                0x0000352a                __ltsf2
                0x0000352a                __lesf2
 .text.avr-libc.fplib
                0x00003532       0x48 c:/program files (x86)/atmel/studio/7.0/toolchain/avr8/avr8-gnu-toolchain/bin/../lib/gcc/avr/4.9.2/../../../../avr/lib/avr5\libm.a(fp_cmp.o)
                0x00003532                __fp_cmp
 .text.avr-libc.fplib
                0x0000357a        0x8 c:/program files (x86)/atmel/studio/7.0/toolchain/avr8/avr8-gnu-toolchain/bin/../lib/gcc/avr/4.9.2/../../../../avr/lib/avr5\libm.a(gesf2.o)
                0x0000357a                __gesf2
                0x0000357a                __gtsf2
 .text.avr-libc.fplib
                0x00003582        0x8 c:/program files (x86)/atmel/studio/7.0/toolchain/avr8/avr8-gnu-toolchain/bin/../lib/gcc/avr/4.9.2/../../../../avr/lib/avr5\libm.a(unordsf2.o)
                0x00003582                __unordsf2
 .text.libgcc.div
                0x0000358a       0x26 c:/program files (x86)/atmel/studio/7.0/toolchain/avr8/avr8-gnu-toolchain/bin/../lib/gcc/avr/4.9.2/avr5\libgcc.a(_divmodhi4.o)
                0x0000358a                _div
                0x0000358a                __divmodhi4
 .text.libgcc.div
                0x000035b0       0x44 c:/program files (x86)/atmel/studio/7.0/toolchain/avr8/avr8-gnu-toolchain/bin/../lib/gcc/avr/4.9.2/avr5\libgcc.a(_udivmodsi4.o)
                0x000035b0                __udivmodsi4
 .text.libgcc.div
                0x000035f4       0x28 c:/program files (x86)/atmel/studio/7.0/toolchain/avr8/avr8-gnu-toolchain/bin/../lib/gcc/avr/4.9.2/avr5\libgcc.a(_divmodsi4.o)
                0x000035f4                __divmodsi4
 .text.libgcc.div
                0x0000361c       0x10 c:/program files (x86)/atmel/studio/7.0/toolchain/avr8/avr8-gnu-toolchain/bin/../lib/gcc/avr/4.9.2/avr5\libgcc.a(_negsi2.o)
                0x0000361c                __negsi2
 .text.libgcc.mul
                0x0000362c       0x1e c:/program files (x86)/atmel/studio/7.0/toolchain/avr8/avr8-gnu-toolchain/bin/../lib/gcc/avr/4.9.2/avr5\libgcc.a(_umulhisi3.o)
                0x0000362c                __umulhisi3
 .text.libgcc.div
                0x0000364a       0x28 c:/program files (x86)/atmel/studio/7.0/toolchain/avr8/avr8-gnu-toolchain/bin/../lib/gcc/avr/4.9.2/avr5\libgcc.a(_udivmodhi4.o)
                0x0000364a                __udivmodhi4
 .text.libgcc   0x00003672        0xc c:/program files (x86)/atmel/studio/7.0/toolchain/avr8/avr8-gnu-toolchain/bin/../lib/gcc/avr/4.9.2/avr5\libgcc.a(_tablejump2.o)
                0x00003672                __tablejump2__
 .text.avr-libc
                0x0000367e       0x3e c:/program files (x86)/atmel/studio/7.0/toolchain/avr8/avr8-gnu-toolchain/bin/../lib/gcc/avr/4.9.2/../../../../avr/lib/avr5\libc.a(dtostrf.o)
                0x0000367e                dtostrf
 .text.avr-libc
                0x000036bc      0x25a c:/program files (x86)/atmel/studio/7.0/toolchain/avr8/avr8-gnu-toolchain/bin/../lib/gcc/avr/4.9.2/../../../../avr/lib/avr5\libc.a(malloc.o)
                0x000036bc                malloc
                0x000037e6                free
 .text.avr-libc
                0x00003916      0x186 c:/program files (x86)/atmel/studio/7.0/toolchain/avr8/avr8-gnu-toolchain/bin/../lib/gcc/avr/4.9.2/../../../../avr/lib/avr5\libc.a(realloc.o)
                0x00003916                realloc
 .text.avr-libc
                0x00003a9c        0x6 c:/program files (x86)/atmel/studio/7.0/toolchain/avr8/avr8-gnu-toolchain/bin/../lib/gcc/avr/4.9.2/../../../../avr/lib/avr5\libc.a(atof.o)
                0x00003a9c                atof
 .text.avr-libc
                0x00003aa2       0x4c c:/program files (x86)/atmel/studio/7.0/toolchain/avr8/avr8-gnu-toolchain/bin/../lib/gcc/avr/4.9.2/../../../../avr/lib/avr5\libc.a(atol.o)
                0x00003aa2                atol
 .text.avr-libc
                0x00003aee       0x10 c:/program files (x86)/atmel/studio/7.0/toolchain/avr8/avr8-gnu-toolchain/bin/../lib/gcc/avr/4.9.2/../../../../avr/lib/avr5\libc.a(isspace.o)
                0x00003aee                isspace
 .text.avr-libc
                0x00003afe       0x10 c:/program files (x86)/atmel/studio/7.0/toolchain/avr8/avr8-gnu-toolchain/bin/../lib/gcc/avr/4.9.2/../../../../avr/lib/avr5\libc.a(toupper.o)
                0x00003afe                toupper
 .text.avr-libc
                0x00003b0e       0x12 c:/program files (x86)/atmel/studio/7.0/toolchain/avr8/avr8-gnu-toolchain/bin/../lib/gcc/avr/4.9.2/../../../../avr/lib/avr5\libc.a(memcpy.o)
                0x00003b0e                memcpy
 .text.avr-libc
                0x00003b20        0xe c:/program files (x86)/atmel/studio/7.0/toolchain/avr8/avr8-gnu-toolchain/bin/../lib/gcc/avr/4.9.2/../../../../avr/lib/avr5\libc.a(strcpy.o)
                0x00003b20                strcpy
 .text.avr-libc
                0x00003b2e       0x34 c:/program files (x86)/atmel/studio/7.0/toolchain/avr8/avr8-gnu-toolchain/bin/../lib/gcc/avr/4.9.2/../../../../avr/lib/avr5\libc.a(strstr.o)
                0x00003b2e                strstr
 .text.avr-libc
                0x00003b62       0x2a c:/program files (x86)/atmel/studio/7.0/toolchain/avr8/avr8-gnu-toolchain/bin/../lib/gcc/avr/4.9.2/../../../../avr/lib/avr5\libc.a(mulsi10.o)
                0x00003b62                __mulsi_const_10
 .text.avr-libc
                0x00003b8c       0x42 c:/program files (x86)/atmel/studio/7.0/toolchain/avr8/avr8-gnu-toolchain/bin/../lib/gcc/avr/4.9.2/../../../../avr/lib/avr5\libc.a(ultoa_ncheck.o)
                0x00003b8c                __ultoa_ncheck
                0x00003b8e                __ultoa_common
 .text.avr-libc
                0x00003bce      0x31a c:/program files (x86)/atmel/studio/7.0/toolchain/avr8/avr8-gnu-toolchain/bin/../lib/gcc/avr/4.9.2/../../../../avr/lib/avr5\libc.a(dtoa_prf.o)
                0x00003bce                dtoa_prf
 .text.avr-libc
                0x00003ee8      0x2a8 c:/program files (x86)/atmel/studio/7.0/toolchain/avr8/avr8-gnu-toolchain/bin/../lib/gcc/avr/4.9.2/../../../../avr/lib/avr5\libc.a(strtod.o)
                0x00003ee8                strtod
 .text.avr-libc
                0x00004190      0x1b0 c:/program files (x86)/atmel/studio/7.0/toolchain/avr8/avr8-gnu-toolchain/bin/../lib/gcc/avr/4.9.2/../../../../avr/lib/avr5\libc.a(ftoa_engine.o)
                0x00004190                __ftoa_engine
 .text.avr-libc
                0x00004340        0x6 c:/program files (x86)/atmel/studio/7.0/toolchain/avr8/avr8-gnu-toolchain/bin/../lib/gcc/avr/4.9.2/../../../../avr/lib/avr5\libc.a(cty_isfalse.o)
                0x00004340                __ctype_isfalse
                0x00004344                __ctype_istrue
 .text.avr-libc
                0x00004346       0x30 c:/program files (x86)/atmel/studio/7.0/toolchain/avr8/avr8-gnu-toolchain/bin/../lib/gcc/avr/4.9.2/../../../../avr/lib/avr5\libc.a(strncasecmp_P.o)
                0x00004346                strncasecmp_P
 .text.avr-libc
                0x00004376       0x20 c:/program files (x86)/atmel/studio/7.0/toolchain/avr8/avr8-gnu-toolchain/bin/../lib/gcc/avr/4.9.2/../../../../avr/lib/avr5\libc.a(strrev.o)
                0x00004376                strrev
 .text.libgcc.mul
                0x00004396       0x14 c:/program files (x86)/atmel/studio/7.0/toolchain/avr8/avr8-gnu-toolchain/bin/../lib/gcc/avr/4.9.2/avr5\libgcc.a(_muluhisi3.o)
                0x00004396                __muluhisi3
 .text.libgcc.prologue
                0x000043aa       0x38 c:/program files (x86)/atmel/studio/7.0/toolchain/avr8/avr8-gnu-toolchain/bin/../lib/gcc/avr/4.9.2/avr5\libgcc.a(_prologue.o)
                0x000043aa                __prologue_saves__
 .text.libgcc.prologue
                0x000043e2       0x36 c:/program files (x86)/atmel/studio/7.0/toolchain/avr8/avr8-gnu-toolchain/bin/../lib/gcc/avr/4.9.2/avr5\libgcc.a(_epilogue.o)
                0x000043e2                __epilogue_restores__
                0x00004418                . = ALIGN (0x2)
 *(.fini9)
 .fini9         0x00004418        0x0 c:/program files (x86)/atmel/studio/7.0/toolchain/avr8/avr8-gnu-toolchain/bin/../lib/gcc/avr/4.9.2/avr5\libgcc.a(_exit.o)
                0x00004418                _exit
                0x00004418                exit
 *(.fini9)
 *(.fini8)
 *(.fini8)
 *(.fini7)
 *(.fini7)
 *(.fini6)
 .fini6         0x00004418       0x14 c:/program files (x86)/atmel/studio/7.0/toolchain/avr8/avr8-gnu-toolchain/bin/../lib/gcc/avr/4.9.2/avr5\libgcc.a(_dtors.o)
                0x00004418                __do_global_dtors
 *(.fini6)
 *(.fini5)
 *(.fini5)
 *(.fini4)
 *(.fini4)
 *(.fini3)
 *(.fini3)
 *(.fini2)
 *(.fini2)
 *(.fini1)
 *(.fini1)
 *(.fini0)
 .fini0         0x0000442c        0x4 c:/program files (x86)/atmel/studio/7.0/toolchain/avr8/avr8-gnu-toolchain/bin/../lib/gcc/avr/4.9.2/avr5\libgcc.a(_exit.o)
 *(.fini0)
                0x00004430                _etext = .

.data           0x00800100       0xf6 load address 0x00004430
                0x00800100                PROVIDE (__data_start, .)
 *(.data)
 .data          0x00800100        0x6 c:/program files (x86)/atmel/studio/7.0/toolchain/avr8/avr8-gnu-toolchain/bin/../lib/gcc/avr/4.9.2/../../../../avr/lib/avr5\libc.a(malloc.o)
                0x00800100                __malloc_heap_end
                0x00800102                __malloc_heap_start
                0x00800104                __malloc_margin
 *(.data*)
 *(.rodata)
 *(.rodata*)
 .rodata.str1.1
                0x00800106       0x41 ComwithDisplay.o
                                 0x44 (size before relaxing)
 .rodata.str1.1
                0x00800147       0x1a ComwithMotor.o
 .rodata.str1.1
                0x00800161        0x6 ComwithRC.o
                                 0x10 (size before relaxing)
 .rodata.str1.1
                0x00800167       0x43 ComwithShot.o
                                 0x51 (size before relaxing)
 .rodata.str1.1
                0x008001aa        0x6 Sketch.o
                                  0x7 (size before relaxing)
 .rodata._ZTV14SoftwareSerial
                0x008001b0       0x12 src/libraries/SoftwareSerial/src/SoftwareSerial.o
                0x008001b0                _ZTV14SoftwareSerial
 .rodata._ZTV7TwoWire
                0x008001c2       0x12 src/libraries/Wire/src/Wire.o
                0x008001c2                _ZTV7TwoWire
 .rodata._ZTV14HardwareSerial
                0x008001d4       0x12 I:\atmel studio\led2\ArduinoSketch31\ArduinoSketch31\ArduinoCore\Debug\libArduinoCore.a(HardwareSerial.o)
                0x008001d4                _ZTV14HardwareSerial
 .rodata.str1.1
                0x008001e6        0xf I:\atmel studio\led2\ArduinoSketch31\ArduinoSketch31\ArduinoCore\Debug\libArduinoCore.a(Print.o)
 .rodata.str1.1
                0x008001f5        0x1 I:\atmel studio\led2\ArduinoSketch31\ArduinoSketch31\ArduinoCore\Debug\libArduinoCore.a(WString.o)
 *(.gnu.linkonce.d*)
                0x008001f6                . = ALIGN (0x2)
 *fill*         0x008001f5        0x1 
                0x008001f6                _edata = .
                0x008001f6                PROVIDE (__data_end, .)

.bss            0x008001f6      0x269
                0x008001f6                PROVIDE (__bss_start, .)
 *(.bss)
 *(.bss*)
 .bss.mySerial  0x008001f6       0x1f ComwithDisplay.o
                0x008001f6                mySerial
 .bss.refresh_cout
                0x00800215        0x2 Sketch.o
                0x00800215                refresh_cout
 .bss.main_str  0x00800217        0x6 Sketch.o
                0x00800217                main_str
 .bss.str1      0x0080021d        0x6 Sketch.o
                0x0080021d                str1
 .bss.angular_vel_z
                0x00800223        0x4 Sketch.o
                0x00800223                angular_vel_z
 .bss.kin       0x00800227       0x2e Sketch.o
                0x00800227                kin
 .bss.CP        0x00800255        0xf Sketch.o
                0x00800255                CP
 .bss.CS        0x00800264        0x3 Sketch.o
                0x00800264                CS
 .bss.CD        0x00800267        0x1 Sketch.o
                0x00800267                CD
 .bss.RC        0x00800268       0x26 Sketch.o
                0x00800268                RC
 .bss.CM        0x0080028e       0x21 Sketch.o
                0x0080028e                CM
 .bss._ZN14SoftwareSerial20_receive_buffer_headE
                0x008002af        0x1 src/libraries/SoftwareSerial/src/SoftwareSerial.o
                0x008002af                _ZN14SoftwareSerial20_receive_buffer_headE
 .bss._ZN14SoftwareSerial20_receive_buffer_tailE
                0x008002b0        0x1 src/libraries/SoftwareSerial/src/SoftwareSerial.o
                0x008002b0                _ZN14SoftwareSerial20_receive_buffer_tailE
 .bss._ZN14SoftwareSerial15_receive_bufferE
                0x008002b1       0x40 src/libraries/SoftwareSerial/src/SoftwareSerial.o
                0x008002b1                _ZN14SoftwareSerial15_receive_bufferE
 .bss._ZN14SoftwareSerial13active_objectE
                0x008002f1        0x2 src/libraries/SoftwareSerial/src/SoftwareSerial.o
                0x008002f1                _ZN14SoftwareSerial13active_objectE
 .bss.twi_error
                0x008002f3        0x1 src/libraries/Wire/src/utility/twi.o
 .bss.twi_rxBufferIndex
                0x008002f4        0x1 src/libraries/Wire/src/utility/twi.o
 .bss.twi_rxBuffer
                0x008002f5       0x20 src/libraries/Wire/src/utility/twi.o
 .bss.twi_txBufferLength
                0x00800315        0x1 src/libraries/Wire/src/utility/twi.o
 .bss.twi_txBufferIndex
                0x00800316        0x1 src/libraries/Wire/src/utility/twi.o
 .bss.twi_txBuffer
                0x00800317       0x20 src/libraries/Wire/src/utility/twi.o
 .bss.twi_masterBufferLength
                0x00800337        0x1 src/libraries/Wire/src/utility/twi.o
 .bss.twi_masterBufferIndex
                0x00800338        0x1 src/libraries/Wire/src/utility/twi.o
 .bss.twi_masterBuffer
                0x00800339       0x20 src/libraries/Wire/src/utility/twi.o
 .bss.twi_onSlaveReceive
                0x00800359        0x2 src/libraries/Wire/src/utility/twi.o
 .bss.twi_onSlaveTransmit
                0x0080035b        0x2 src/libraries/Wire/src/utility/twi.o
 .bss.twi_inRepStart
                0x0080035d        0x1 src/libraries/Wire/src/utility/twi.o
 .bss.twi_sendStop
                0x0080035e        0x1 src/libraries/Wire/src/utility/twi.o
 .bss.twi_slarw
                0x0080035f        0x1 src/libraries/Wire/src/utility/twi.o
 .bss.twi_state
                0x00800360        0x1 src/libraries/Wire/src/utility/twi.o
 .bss.Wire      0x00800361        0xc src/libraries/Wire/src/Wire.o
                0x00800361                Wire
 .bss._ZN7TwoWire12transmittingE
                0x0080036d        0x1 src/libraries/Wire/src/Wire.o
                0x0080036d                _ZN7TwoWire12transmittingE
 .bss._ZN7TwoWire14txBufferLengthE
                0x0080036e        0x1 src/libraries/Wire/src/Wire.o
                0x0080036e                _ZN7TwoWire14txBufferLengthE
 .bss._ZN7TwoWire13txBufferIndexE
                0x0080036f        0x1 src/libraries/Wire/src/Wire.o
                0x0080036f                _ZN7TwoWire13txBufferIndexE
 .bss._ZN7TwoWire8txBufferE
                0x00800370       0x20 src/libraries/Wire/src/Wire.o
                0x00800370                _ZN7TwoWire8txBufferE
 .bss._ZN7TwoWire9txAddressE
                0x00800390        0x1 src/libraries/Wire/src/Wire.o
                0x00800390                _ZN7TwoWire9txAddressE
 .bss._ZN7TwoWire14rxBufferLengthE
                0x00800391        0x1 src/libraries/Wire/src/Wire.o
                0x00800391                _ZN7TwoWire14rxBufferLengthE
 .bss._ZN7TwoWire13rxBufferIndexE
                0x00800392        0x1 src/libraries/Wire/src/Wire.o
                0x00800392                _ZN7TwoWire13rxBufferIndexE
 .bss._ZN7TwoWire8rxBufferE
                0x00800393       0x20 src/libraries/Wire/src/Wire.o
                0x00800393                _ZN7TwoWire8rxBufferE
 .bss.Serial    0x008003b3       0x9d I:\atmel studio\led2\ArduinoSketch31\ArduinoSketch31\ArduinoCore\Debug\libArduinoCore.a(HardwareSerial0.o)
                0x008003b3                Serial
 .bss.timer0_fract
                0x00800450        0x1 I:\atmel studio\led2\ArduinoSketch31\ArduinoSketch31\ArduinoCore\Debug\libArduinoCore.a(wiring.o)
 .bss.timer0_millis
                0x00800451        0x4 I:\atmel studio\led2\ArduinoSketch31\ArduinoSketch31\ArduinoCore\Debug\libArduinoCore.a(wiring.o)
                0x00800451                timer0_millis
 .bss.timer0_overflow_count
                0x00800455        0x4 I:\atmel studio\led2\ArduinoSketch31\ArduinoSketch31\ArduinoCore\Debug\libArduinoCore.a(wiring.o)
                0x00800455                timer0_overflow_count
 *(COMMON)
 COMMON         0x00800459        0x4 c:/program files (x86)/atmel/studio/7.0/toolchain/avr8/avr8-gnu-toolchain/bin/../lib/gcc/avr/4.9.2/../../../../avr/lib/avr5\libc.a(malloc.o)
                0x00800459                __brkval
                0x0080045b                __flp
 COMMON         0x0080045d        0x2 c:/program files (x86)/atmel/studio/7.0/toolchain/avr8/avr8-gnu-toolchain/bin/../lib/gcc/avr/4.9.2/../../../../avr/lib/avr5\libc.a(errno.o)
                0x0080045d                errno
                0x0080045f                PROVIDE (__bss_end, .)
                0x00004430                __data_load_start = LOADADDR (.data)
                0x00004526                __data_load_end = (__data_load_start + SIZEOF (.data))

.noinit         0x0080045f        0x0
                [!provide]                PROVIDE (__noinit_start, .)
 *(.noinit*)
                [!provide]                PROVIDE (__noinit_end, .)
                0x0080045f                _end = .
                0x0080045f                PROVIDE (__heap_start, .)

.eeprom         0x00810000        0x0
 *(.eeprom*)
                0x00810000                __eeprom_end = .

.fuse
 *(.fuse)
 *(.lfuse)
 *(.hfuse)
 *(.efuse)

.lock
 *(.lock*)

.signature
 *(.signature*)

.user_signatures
 *(.user_signatures*)

.stab
 *(.stab)

.stabstr
 *(.stabstr)

.stab.excl
 *(.stab.excl)

.stab.exclstr
 *(.stab.exclstr)

.stab.index
 *(.stab.index)

.stab.indexstr
 *(.stab.indexstr)

.comment        0x00000000       0x5c
 *(.comment)
 .comment       0x00000000       0x30 ComwithDisplay.o
                                 0x31 (size before relaxing)
 .comment       0x00000030       0x31 ComwithMotor.o
 .comment       0x00000030       0x31 ComwithPOS.o
 .comment       0x00000030       0x31 ComwithRC.o
 .comment       0x00000030       0x31 ComwithShot.o
 .comment       0x00000030       0x31 DisplayBuff.o
 .comment       0x00000030       0x31 Kinematics.o
 .comment       0x00000030       0x31 Sketch.o
 .comment       0x00000030       0x31 src/libraries/SoftwareSerial/src/SoftwareSerial.o
 .comment       0x00000030       0x31 src/libraries/Wire/src/utility/twi.o
 .comment       0x00000030       0x31 src/libraries/Wire/src/Wire.o
 .comment       0x00000030       0x31 I:\atmel studio\led2\ArduinoSketch31\ArduinoSketch31\ArduinoCore\Debug\libArduinoCore.a(HardwareSerial.o)
 .comment       0x00000030       0x31 I:\atmel studio\led2\ArduinoSketch31\ArduinoSketch31\ArduinoCore\Debug\libArduinoCore.a(HardwareSerial0.o)
 .comment       0x00000030       0x31 I:\atmel studio\led2\ArduinoSketch31\ArduinoSketch31\ArduinoCore\Debug\libArduinoCore.a(main.o)
 .comment       0x00000030       0x31 I:\atmel studio\led2\ArduinoSketch31\ArduinoSketch31\ArduinoCore\Debug\libArduinoCore.a(Print.o)
 .comment       0x00000030       0x31 I:\atmel studio\led2\ArduinoSketch31\ArduinoSketch31\ArduinoCore\Debug\libArduinoCore.a(wiring.o)
 .comment       0x00000030       0x31 I:\atmel studio\led2\ArduinoSketch31\ArduinoSketch31\ArduinoCore\Debug\libArduinoCore.a(wiring_digital.o)
 .comment       0x00000030       0x31 I:\atmel studio\led2\ArduinoSketch31\ArduinoSketch31\ArduinoCore\Debug\libArduinoCore.a(WString.o)
 .comment       0x00000030       0x31 I:\atmel studio\led2\ArduinoSketch31\ArduinoSketch31\ArduinoCore\Debug\libArduinoCore.a(hooks.o)
 .comment       0x00000030       0x31 c:/program files (x86)/atmel/studio/7.0/toolchain/avr8/avr8-gnu-toolchain/bin/../lib/gcc/avr/4.9.2/../../../../avr/lib/avr5\libc.a(dtostrf.o)
 .comment       0x00000030       0x31 c:/program files (x86)/atmel/studio/7.0/toolchain/avr8/avr8-gnu-toolchain/bin/../lib/gcc/avr/4.9.2/../../../../avr/lib/avr5\libc.a(malloc.o)
 .comment       0x00000030       0x31 c:/program files (x86)/atmel/studio/7.0/toolchain/avr8/avr8-gnu-toolchain/bin/../lib/gcc/avr/4.9.2/../../../../avr/lib/avr5\libc.a(realloc.o)
 .comment       0x00000030       0x31 c:/program files (x86)/atmel/studio/7.0/toolchain/avr8/avr8-gnu-toolchain/bin/../lib/gcc/avr/4.9.2/../../../../avr/lib/avr5\libc.a(dtoa_prf.o)
 .comment       0x00000030       0x31 c:/program files (x86)/atmel/studio/7.0/toolchain/avr8/avr8-gnu-toolchain/bin/../lib/gcc/avr/4.9.2/../../../../avr/lib/avr5\libc.a(strtod.o)
 .comment       0x00000030       0x2c c:/program files (x86)/atmel/studio/7.0/toolchain/avr8/avr8-gnu-toolchain/bin/../lib/gcc/avr/4.9.2/../../../../avr/lib/avr5\libc.a(errno.o)
                                 0x2d (size before relaxing)

.note.gnu.avr.deviceinfo
                0x00000000       0x40
 .note.gnu.avr.deviceinfo
                0x00000000       0x40 C:/Program Files (x86)/Atmel/Studio/7.0/Packs/atmel/ATmega_DFP/1.0.106/gcc/dev/atmega328p/avr5/crtatmega328p.o

.note.gnu.build-id
 *(.note.gnu.build-id)

.debug
 *(.debug)

.line
 *(.line)

.debug_srcinfo
 *(.debug_srcinfo)

.debug_sfnames
 *(.debug_sfnames)

.debug_aranges  0x00000000      0x990
 *(.debug_aranges)
 .debug_aranges
                0x00000000       0x60 ComwithDisplay.o
 .debug_aranges
                0x00000060       0x88 ComwithMotor.o
 .debug_aranges
                0x000000e8       0x20 ComwithPOS.o
 .debug_aranges
                0x00000108       0x28 ComwithRC.o
 .debug_aranges
                0x00000130       0x38 ComwithShot.o
 .debug_aranges
                0x00000168       0x40 DisplayBuff.o
 .debug_aranges
                0x000001a8       0x48 Kinematics.o
 .debug_aranges
                0x000001f0       0x40 Sketch.o
 .debug_aranges
                0x00000230       0xa8 src/libraries/SoftwareSerial/src/SoftwareSerial.o
 .debug_aranges
                0x000002d8       0x80 src/libraries/Wire/src/utility/twi.o
 .debug_aranges
                0x00000358       0xf8 src/libraries/Wire/src/Wire.o
 .debug_aranges
                0x00000450       0x68 I:\atmel studio\led2\ArduinoSketch31\ArduinoSketch31\ArduinoCore\Debug\libArduinoCore.a(HardwareSerial.o)
 .debug_aranges
                0x000004b8       0x48 I:\atmel studio\led2\ArduinoSketch31\ArduinoSketch31\ArduinoCore\Debug\libArduinoCore.a(HardwareSerial0.o)
 .debug_aranges
                0x00000500       0x38 I:\atmel studio\led2\ArduinoSketch31\ArduinoSketch31\ArduinoCore\Debug\libArduinoCore.a(main.o)
 .debug_aranges
                0x00000538      0x100 I:\atmel studio\led2\ArduinoSketch31\ArduinoSketch31\ArduinoCore\Debug\libArduinoCore.a(Print.o)
 .debug_aranges
                0x00000638       0x48 I:\atmel studio\led2\ArduinoSketch31\ArduinoSketch31\ArduinoCore\Debug\libArduinoCore.a(wiring.o)
 .debug_aranges
                0x00000680       0x38 I:\atmel studio\led2\ArduinoSketch31\ArduinoSketch31\ArduinoCore\Debug\libArduinoCore.a(wiring_digital.o)
 .debug_aranges
                0x000006b8      0x2b8 I:\atmel studio\led2\ArduinoSketch31\ArduinoSketch31\ArduinoCore\Debug\libArduinoCore.a(WString.o)
 .debug_aranges
                0x00000970       0x20 I:\atmel studio\led2\ArduinoSketch31\ArduinoSketch31\ArduinoCore\Debug\libArduinoCore.a(hooks.o)

.debug_pubnames
 *(.debug_pubnames)

.debug_info     0x00000000    0x19421
 *(.debug_info .gnu.linkonce.wi.*)
 .debug_info    0x00000000     0x1bd9 ComwithDisplay.o
 .debug_info    0x00001bd9      0xe63 ComwithMotor.o
 .debug_info    0x00002a3c      0x143 ComwithPOS.o
 .debug_info    0x00002b7f     0x177f ComwithRC.o
 .debug_info    0x000042fe      0x6ff ComwithShot.o
 .debug_info    0x000049fd     0x131e DisplayBuff.o
 .debug_info    0x00005d1b      0x803 Kinematics.o
 .debug_info    0x0000651e     0x24cc Sketch.o
 .debug_info    0x000089ea     0x28a4 src/libraries/SoftwareSerial/src/SoftwareSerial.o
 .debug_info    0x0000b28e      0x609 src/libraries/Wire/src/utility/twi.o
 .debug_info    0x0000b897     0x27c0 src/libraries/Wire/src/Wire.o
 .debug_info    0x0000e057     0x1e35 I:\atmel studio\led2\ArduinoSketch31\ArduinoSketch31\ArduinoCore\Debug\libArduinoCore.a(HardwareSerial.o)
 .debug_info    0x0000fe8c     0x1ac7 I:\atmel studio\led2\ArduinoSketch31\ArduinoSketch31\ArduinoCore\Debug\libArduinoCore.a(HardwareSerial0.o)
 .debug_info    0x00011953      0x231 I:\atmel studio\led2\ArduinoSketch31\ArduinoSketch31\ArduinoCore\Debug\libArduinoCore.a(main.o)
 .debug_info    0x00011b84     0x2a7c I:\atmel studio\led2\ArduinoSketch31\ArduinoSketch31\ArduinoCore\Debug\libArduinoCore.a(Print.o)
 .debug_info    0x00014600      0x2c8 I:\atmel studio\led2\ArduinoSketch31\ArduinoSketch31\ArduinoCore\Debug\libArduinoCore.a(wiring.o)
 .debug_info    0x000148c8      0x5f9 I:\atmel studio\led2\ArduinoSketch31\ArduinoSketch31\ArduinoCore\Debug\libArduinoCore.a(wiring_digital.o)
 .debug_info    0x00014ec1     0x4522 I:\atmel studio\led2\ArduinoSketch31\ArduinoSketch31\ArduinoCore\Debug\libArduinoCore.a(WString.o)
 .debug_info    0x000193e3       0x3e I:\atmel studio\led2\ArduinoSketch31\ArduinoSketch31\ArduinoCore\Debug\libArduinoCore.a(hooks.o)

.debug_abbrev   0x00000000     0x3a47
 *(.debug_abbrev)
 .debug_abbrev  0x00000000      0x383 ComwithDisplay.o
 .debug_abbrev  0x00000383      0x2f6 ComwithMotor.o
 .debug_abbrev  0x00000679       0xe9 ComwithPOS.o
 .debug_abbrev  0x00000762      0x312 ComwithRC.o
 .debug_abbrev  0x00000a74      0x215 ComwithShot.o
 .debug_abbrev  0x00000c89      0x2ec DisplayBuff.o
 .debug_abbrev  0x00000f75      0x224 Kinematics.o
 .debug_abbrev  0x00001199      0x4a2 Sketch.o
 .debug_abbrev  0x0000163b      0x63a src/libraries/SoftwareSerial/src/SoftwareSerial.o
 .debug_abbrev  0x00001c75      0x25f src/libraries/Wire/src/utility/twi.o
 .debug_abbrev  0x00001ed4      0x5c4 src/libraries/Wire/src/Wire.o
 .debug_abbrev  0x00002498      0x478 I:\atmel studio\led2\ArduinoSketch31\ArduinoSketch31\ArduinoCore\Debug\libArduinoCore.a(HardwareSerial.o)
 .debug_abbrev  0x00002910      0x3dd I:\atmel studio\led2\ArduinoSketch31\ArduinoSketch31\ArduinoCore\Debug\libArduinoCore.a(HardwareSerial0.o)
 .debug_abbrev  0x00002ced      0x109 I:\atmel studio\led2\ArduinoSketch31\ArduinoSketch31\ArduinoCore\Debug\libArduinoCore.a(main.o)
 .debug_abbrev  0x00002df6      0x498 I:\atmel studio\led2\ArduinoSketch31\ArduinoSketch31\ArduinoCore\Debug\libArduinoCore.a(Print.o)
 .debug_abbrev  0x0000328e      0x145 I:\atmel studio\led2\ArduinoSketch31\ArduinoSketch31\ArduinoCore\Debug\libArduinoCore.a(wiring.o)
 .debug_abbrev  0x000033d3      0x15b I:\atmel studio\led2\ArduinoSketch31\ArduinoSketch31\ArduinoCore\Debug\libArduinoCore.a(wiring_digital.o)
 .debug_abbrev  0x0000352e      0x4ef I:\atmel studio\led2\ArduinoSketch31\ArduinoSketch31\ArduinoCore\Debug\libArduinoCore.a(WString.o)
 .debug_abbrev  0x00003a1d       0x2a I:\atmel studio\led2\ArduinoSketch31\ArduinoSketch31\ArduinoCore\Debug\libArduinoCore.a(hooks.o)

.debug_line     0x00000000     0x4f49
 *(.debug_line .debug_line.* .debug_line_end)
 .debug_line    0x00000000      0x2fc ComwithDisplay.o
 .debug_line    0x000002fc      0x4ed ComwithMotor.o
 .debug_line    0x000007e9       0x57 ComwithPOS.o
 .debug_line    0x00000840      0x1e4 ComwithRC.o
 .debug_line    0x00000a24      0x2ac ComwithShot.o
 .debug_line    0x00000cd0      0x1d5 DisplayBuff.o
 .debug_line    0x00000ea5      0x2a2 Kinematics.o
 .debug_line    0x00001147      0x3ce Sketch.o
 .debug_line    0x00001515      0x7f3 src/libraries/SoftwareSerial/src/SoftwareSerial.o
 .debug_line    0x00001d08      0x519 src/libraries/Wire/src/utility/twi.o
 .debug_line    0x00002221      0x5e6 src/libraries/Wire/src/Wire.o
 .debug_line    0x00002807      0x426 I:\atmel studio\led2\ArduinoSketch31\ArduinoSketch31\ArduinoCore\Debug\libArduinoCore.a(HardwareSerial.o)
 .debug_line    0x00002c2d      0x28c I:\atmel studio\led2\ArduinoSketch31\ArduinoSketch31\ArduinoCore\Debug\libArduinoCore.a(HardwareSerial0.o)
 .debug_line    0x00002eb9      0x175 I:\atmel studio\led2\ArduinoSketch31\ArduinoSketch31\ArduinoCore\Debug\libArduinoCore.a(main.o)
 .debug_line    0x0000302e      0x69b I:\atmel studio\led2\ArduinoSketch31\ArduinoSketch31\ArduinoCore\Debug\libArduinoCore.a(Print.o)
 .debug_line    0x000036c9      0x299 I:\atmel studio\led2\ArduinoSketch31\ArduinoSketch31\ArduinoCore\Debug\libArduinoCore.a(wiring.o)
 .debug_line    0x00003962      0x252 I:\atmel studio\led2\ArduinoSketch31\ArduinoSketch31\ArduinoCore\Debug\libArduinoCore.a(wiring_digital.o)
 .debug_line    0x00003bb4     0x1354 I:\atmel studio\led2\ArduinoSketch31\ArduinoSketch31\ArduinoCore\Debug\libArduinoCore.a(WString.o)
 .debug_line    0x00004f08       0x41 I:\atmel studio\led2\ArduinoSketch31\ArduinoSketch31\ArduinoCore\Debug\libArduinoCore.a(hooks.o)

.debug_frame    0x00000000     0x1fa0
 *(.debug_frame)
 .debug_frame   0x00000000      0x188 ComwithDisplay.o
 .debug_frame   0x00000188      0x220 ComwithMotor.o
 .debug_frame   0x000003a8       0x24 ComwithPOS.o
 .debug_frame   0x000003cc       0x8c ComwithRC.o
 .debug_frame   0x00000458       0xbc ComwithShot.o
 .debug_frame   0x00000514       0x64 DisplayBuff.o
 .debug_frame   0x00000578      0x200 Kinematics.o
 .debug_frame   0x00000778       0xdc Sketch.o
 .debug_frame   0x00000854      0x1d4 src/libraries/SoftwareSerial/src/SoftwareSerial.o
 .debug_frame   0x00000a28      0x134 src/libraries/Wire/src/utility/twi.o
 .debug_frame   0x00000b5c      0x278 src/libraries/Wire/src/Wire.o
 .debug_frame   0x00000dd4      0x110 I:\atmel studio\led2\ArduinoSketch31\ArduinoSketch31\ArduinoCore\Debug\libArduinoCore.a(HardwareSerial.o)
 .debug_frame   0x00000ee4       0xe0 I:\atmel studio\led2\ArduinoSketch31\ArduinoSketch31\ArduinoCore\Debug\libArduinoCore.a(HardwareSerial0.o)
 .debug_frame   0x00000fc4       0x54 I:\atmel studio\led2\ArduinoSketch31\ArduinoSketch31\ArduinoCore\Debug\libArduinoCore.a(main.o)
 .debug_frame   0x00001018      0x3bc I:\atmel studio\led2\ArduinoSketch31\ArduinoSketch31\ArduinoCore\Debug\libArduinoCore.a(Print.o)
 .debug_frame   0x000013d4       0xc4 I:\atmel studio\led2\ArduinoSketch31\ArduinoSketch31\ArduinoCore\Debug\libArduinoCore.a(wiring.o)
 .debug_frame   0x00001498       0x7c I:\atmel studio\led2\ArduinoSketch31\ArduinoSketch31\ArduinoCore\Debug\libArduinoCore.a(wiring_digital.o)
 .debug_frame   0x00001514      0xa68 I:\atmel studio\led2\ArduinoSketch31\ArduinoSketch31\ArduinoCore\Debug\libArduinoCore.a(WString.o)
 .debug_frame   0x00001f7c       0x24 I:\atmel studio\led2\ArduinoSketch31\ArduinoSketch31\ArduinoCore\Debug\libArduinoCore.a(hooks.o)

.debug_str      0x00000000     0x357b
 *(.debug_str)
 .debug_str     0x00000000      0xd25 ComwithDisplay.o
                                0xddc (size before relaxing)
 .debug_str     0x00000d25      0x43d ComwithMotor.o
                                0x6a8 (size before relaxing)
 .debug_str     0x00001162       0x83 ComwithPOS.o
                                0x204 (size before relaxing)
 .debug_str     0x000011e5       0xe2 ComwithRC.o
                                0xc5b (size before relaxing)
 .debug_str     0x000012c7       0x9c ComwithShot.o
                                0x436 (size before relaxing)
 .debug_str     0x00001363       0xbd DisplayBuff.o
                                0xc04 (size before relaxing)
 .debug_str     0x00001420      0x258 Kinematics.o
                                0x4a8 (size before relaxing)
 .debug_str     0x00001678      0x12d Sketch.o
                               0x146d (size before relaxing)
 .debug_str     0x000017a5      0x9c8 src/libraries/SoftwareSerial/src/SoftwareSerial.o
                               0x1671 (size before relaxing)
 .debug_str     0x0000216d      0x2cf src/libraries/Wire/src/utility/twi.o
                                0x3c8 (size before relaxing)
 .debug_str     0x0000243c      0x415 src/libraries/Wire/src/Wire.o
                               0x1620 (size before relaxing)
 .debug_str     0x00002851      0x40a I:\atmel studio\led2\ArduinoSketch31\ArduinoSketch31\ArduinoCore\Debug\libArduinoCore.a(HardwareSerial.o)
                               0x1332 (size before relaxing)
 .debug_str     0x00002c5b       0x47 I:\atmel studio\led2\ArduinoSketch31\ArduinoSketch31\ArduinoCore\Debug\libArduinoCore.a(HardwareSerial0.o)
                               0x1175 (size before relaxing)
 .debug_str     0x00002ca2       0x43 I:\atmel studio\led2\ArduinoSketch31\ArduinoSketch31\ArduinoCore\Debug\libArduinoCore.a(main.o)
                                0x2b0 (size before relaxing)
 .debug_str     0x00002ce5      0x2f2 I:\atmel studio\led2\ArduinoSketch31\ArduinoSketch31\ArduinoCore\Debug\libArduinoCore.a(Print.o)
                                0xfea (size before relaxing)
 .debug_str     0x00002fd7      0x143 I:\atmel studio\led2\ArduinoSketch31\ArduinoSketch31\ArduinoCore\Debug\libArduinoCore.a(wiring.o)
                                0x23a (size before relaxing)
 .debug_str     0x0000311a       0x69 I:\atmel studio\led2\ArduinoSketch31\ArduinoSketch31\ArduinoCore\Debug\libArduinoCore.a(wiring_digital.o)
                                0x29f (size before relaxing)
 .debug_str     0x00003183      0x3dc I:\atmel studio\led2\ArduinoSketch31\ArduinoSketch31\ArduinoCore\Debug\libArduinoCore.a(WString.o)
                                0xf7a (size before relaxing)
 .debug_str     0x0000355f       0x1c I:\atmel studio\led2\ArduinoSketch31\ArduinoSketch31\ArduinoCore\Debug\libArduinoCore.a(hooks.o)
                                0x12f (size before relaxing)

.debug_loc      0x00000000     0xb6fc
 *(.debug_loc)
 .debug_loc     0x00000000      0x682 ComwithDisplay.o
 .debug_loc     0x00000682      0x9fb ComwithMotor.o
 .debug_loc     0x0000107d       0x28 ComwithPOS.o
 .debug_loc     0x000010a5      0x24c ComwithRC.o
 .debug_loc     0x000012f1      0x2ed ComwithShot.o
 .debug_loc     0x000015de       0xa8 DisplayBuff.o
 .debug_loc     0x00001686     0x122d Kinematics.o
 .debug_loc     0x000028b3      0x20f Sketch.o
 .debug_loc     0x00002ac2      0xd8f src/libraries/SoftwareSerial/src/SoftwareSerial.o
 .debug_loc     0x00003851      0x449 src/libraries/Wire/src/utility/twi.o
 .debug_loc     0x00003c9a      0xb98 src/libraries/Wire/src/Wire.o
 .debug_loc     0x00004832      0x497 I:\atmel studio\led2\ArduinoSketch31\ArduinoSketch31\ArduinoCore\Debug\libArduinoCore.a(HardwareSerial.o)
 .debug_loc     0x00004cc9      0x187 I:\atmel studio\led2\ArduinoSketch31\ArduinoSketch31\ArduinoCore\Debug\libArduinoCore.a(HardwareSerial0.o)
 .debug_loc     0x00004e50     0x1f1c I:\atmel studio\led2\ArduinoSketch31\ArduinoSketch31\ArduinoCore\Debug\libArduinoCore.a(Print.o)
 .debug_loc     0x00006d6c      0x269 I:\atmel studio\led2\ArduinoSketch31\ArduinoSketch31\ArduinoCore\Debug\libArduinoCore.a(wiring.o)
 .debug_loc     0x00006fd5      0x5e3 I:\atmel studio\led2\ArduinoSketch31\ArduinoSketch31\ArduinoCore\Debug\libArduinoCore.a(wiring_digital.o)
 .debug_loc     0x000075b8     0x4144 I:\atmel studio\led2\ArduinoSketch31\ArduinoSketch31\ArduinoCore\Debug\libArduinoCore.a(WString.o)

.debug_macinfo
 *(.debug_macinfo)

.debug_weaknames
 *(.debug_weaknames)

.debug_funcnames
 *(.debug_funcnames)

.debug_typenames
 *(.debug_typenames)

.debug_varnames
 *(.debug_varnames)

.debug_pubtypes
 *(.debug_pubtypes)

.debug_ranges   0x00000000      0x9d0
 *(.debug_ranges)
 .debug_ranges  0x00000000       0x50 ComwithDisplay.o
 .debug_ranges  0x00000050       0x90 ComwithMotor.o
 .debug_ranges  0x000000e0       0x10 ComwithPOS.o
 .debug_ranges  0x000000f0       0x18 ComwithRC.o
 .debug_ranges  0x00000108       0x28 ComwithShot.o
 .debug_ranges  0x00000130       0x30 DisplayBuff.o
 .debug_ranges  0x00000160       0x38 Kinematics.o
 .debug_ranges  0x00000198       0x48 Sketch.o
 .debug_ranges  0x000001e0       0xf8 src/libraries/SoftwareSerial/src/SoftwareSerial.o
 .debug_ranges  0x000002d8       0x70 src/libraries/Wire/src/utility/twi.o
 .debug_ranges  0x00000348       0xe8 src/libraries/Wire/src/Wire.o
 .debug_ranges  0x00000430       0x70 I:\atmel studio\led2\ArduinoSketch31\ArduinoSketch31\ArduinoCore\Debug\libArduinoCore.a(HardwareSerial.o)
 .debug_ranges  0x000004a0       0x38 I:\atmel studio\led2\ArduinoSketch31\ArduinoSketch31\ArduinoCore\Debug\libArduinoCore.a(HardwareSerial0.o)
 .debug_ranges  0x000004d8       0x28 I:\atmel studio\led2\ArduinoSketch31\ArduinoSketch31\ArduinoCore\Debug\libArduinoCore.a(main.o)
 .debug_ranges  0x00000500      0x138 I:\atmel studio\led2\ArduinoSketch31\ArduinoSketch31\ArduinoCore\Debug\libArduinoCore.a(Print.o)
 .debug_ranges  0x00000638       0x38 I:\atmel studio\led2\ArduinoSketch31\ArduinoSketch31\ArduinoCore\Debug\libArduinoCore.a(wiring.o)
 .debug_ranges  0x00000670       0x28 I:\atmel studio\led2\ArduinoSketch31\ArduinoSketch31\ArduinoCore\Debug\libArduinoCore.a(wiring_digital.o)
 .debug_ranges  0x00000698      0x328 I:\atmel studio\led2\ArduinoSketch31\ArduinoSketch31\ArduinoCore\Debug\libArduinoCore.a(WString.o)
 .debug_ranges  0x000009c0       0x10 I:\atmel studio\led2\ArduinoSketch31\ArduinoSketch31\ArduinoCore\Debug\libArduinoCore.a(hooks.o)

.debug_macro
 *(.debug_macro)
OUTPUT(sketch_jul30a.elf elf32-avr)
LOAD linker stubs
