Archive member included to satisfy reference by file (symbol)

c:/program files (x86)/atmel/studio/7.0/toolchain/avr8/avr8-gnu-toolchain/bin/../lib/gcc/avr/4.9.2/../../../../avr/lib/avr5\libm.a(addsf3.o)
                              Kinematics.o (__subsf3)
c:/program files (x86)/atmel/studio/7.0/toolchain/avr8/avr8-gnu-toolchain/bin/../lib/gcc/avr/4.9.2/../../../../avr/lib/avr5\libm.a(addsf3x.o)
                              c:/program files (x86)/atmel/studio/7.0/toolchain/avr8/avr8-gnu-toolchain/bin/../lib/gcc/avr/4.9.2/../../../../avr/lib/avr5\libm.a(addsf3.o) (__addsf3x)
c:/program files (x86)/atmel/studio/7.0/toolchain/avr8/avr8-gnu-toolchain/bin/../lib/gcc/avr/4.9.2/../../../../avr/lib/avr5\libm.a(divsf3.o)
                              Kinematics.o (__divsf3)
c:/program files (x86)/atmel/studio/7.0/toolchain/avr8/avr8-gnu-toolchain/bin/../lib/gcc/avr/4.9.2/../../../../avr/lib/avr5\libm.a(divsf3x.o)
                              c:/program files (x86)/atmel/studio/7.0/toolchain/avr8/avr8-gnu-toolchain/bin/../lib/gcc/avr/4.9.2/../../../../avr/lib/avr5\libm.a(divsf3.o) (__divsf3x)
c:/program files (x86)/atmel/studio/7.0/toolchain/avr8/avr8-gnu-toolchain/bin/../lib/gcc/avr/4.9.2/../../../../avr/lib/avr5\libm.a(fixsfsi.o)
                              ComwithRC.o (__fixsfsi)
c:/program files (x86)/atmel/studio/7.0/toolchain/avr8/avr8-gnu-toolchain/bin/../lib/gcc/avr/4.9.2/../../../../avr/lib/avr5\libm.a(fixunssfsi.o)
                              c:/program files (x86)/atmel/studio/7.0/toolchain/avr8/avr8-gnu-toolchain/bin/../lib/gcc/avr/4.9.2/../../../../avr/lib/avr5\libm.a(fixsfsi.o) (__fixunssfsi)
c:/program files (x86)/atmel/studio/7.0/toolchain/avr8/avr8-gnu-toolchain/bin/../lib/gcc/avr/4.9.2/../../../../avr/lib/avr5\libm.a(floatsisf.o)
                              Kinematics.o (__floatsisf)
c:/program files (x86)/atmel/studio/7.0/toolchain/avr8/avr8-gnu-toolchain/bin/../lib/gcc/avr/4.9.2/../../../../avr/lib/avr5\libm.a(fp_inf.o)
                              c:/program files (x86)/atmel/studio/7.0/toolchain/avr8/avr8-gnu-toolchain/bin/../lib/gcc/avr/4.9.2/../../../../avr/lib/avr5\libm.a(addsf3x.o) (__fp_inf)
c:/program files (x86)/atmel/studio/7.0/toolchain/avr8/avr8-gnu-toolchain/bin/../lib/gcc/avr/4.9.2/../../../../avr/lib/avr5\libm.a(fp_nan.o)
                              c:/program files (x86)/atmel/studio/7.0/toolchain/avr8/avr8-gnu-toolchain/bin/../lib/gcc/avr/4.9.2/../../../../avr/lib/avr5\libm.a(addsf3x.o) (__fp_nan)
c:/program files (x86)/atmel/studio/7.0/toolchain/avr8/avr8-gnu-toolchain/bin/../lib/gcc/avr/4.9.2/../../../../avr/lib/avr5\libm.a(fp_pscA.o)
                              c:/program files (x86)/atmel/studio/7.0/toolchain/avr8/avr8-gnu-toolchain/bin/../lib/gcc/avr/4.9.2/../../../../avr/lib/avr5\libm.a(addsf3x.o) (__fp_pscA)
c:/program files (x86)/atmel/studio/7.0/toolchain/avr8/avr8-gnu-toolchain/bin/../lib/gcc/avr/4.9.2/../../../../avr/lib/avr5\libm.a(fp_pscB.o)
                              c:/program files (x86)/atmel/studio/7.0/toolchain/avr8/avr8-gnu-toolchain/bin/../lib/gcc/avr/4.9.2/../../../../avr/lib/avr5\libm.a(addsf3x.o) (__fp_pscB)
c:/program files (x86)/atmel/studio/7.0/toolchain/avr8/avr8-gnu-toolchain/bin/../lib/gcc/avr/4.9.2/../../../../avr/lib/avr5\libm.a(fp_round.o)
                              c:/program files (x86)/atmel/studio/7.0/toolchain/avr8/avr8-gnu-toolchain/bin/../lib/gcc/avr/4.9.2/../../../../avr/lib/avr5\libm.a(addsf3.o) (__fp_round)
c:/program files (x86)/atmel/studio/7.0/toolchain/avr8/avr8-gnu-toolchain/bin/../lib/gcc/avr/4.9.2/../../../../avr/lib/avr5\libm.a(fp_split3.o)
                              c:/program files (x86)/atmel/studio/7.0/toolchain/avr8/avr8-gnu-toolchain/bin/../lib/gcc/avr/4.9.2/../../../../avr/lib/avr5\libm.a(addsf3x.o) (__fp_split3)
c:/program files (x86)/atmel/studio/7.0/toolchain/avr8/avr8-gnu-toolchain/bin/../lib/gcc/avr/4.9.2/../../../../avr/lib/avr5\libm.a(fp_zero.o)
                              c:/program files (x86)/atmel/studio/7.0/toolchain/avr8/avr8-gnu-toolchain/bin/../lib/gcc/avr/4.9.2/../../../../avr/lib/avr5\libm.a(addsf3x.o) (__fp_zero)
c:/program files (x86)/atmel/studio/7.0/toolchain/avr8/avr8-gnu-toolchain/bin/../lib/gcc/avr/4.9.2/../../../../avr/lib/avr5\libm.a(mulsf3.o)
                              Kinematics.o (__mulsf3)
c:/program files (x86)/atmel/studio/7.0/toolchain/avr8/avr8-gnu-toolchain/bin/../lib/gcc/avr/4.9.2/../../../../avr/lib/avr5\libm.a(mulsf3x.o)
                              c:/program files (x86)/atmel/studio/7.0/toolchain/avr8/avr8-gnu-toolchain/bin/../lib/gcc/avr/4.9.2/../../../../avr/lib/avr5\libm.a(mulsf3.o) (__mulsf3x)
c:/program files (x86)/atmel/studio/7.0/toolchain/avr8/avr8-gnu-toolchain/bin/../lib/gcc/avr/4.9.2/../../../../avr/lib/avr5\libm.a(pow.o)
                              Kinematics.o (pow)
c:/program files (x86)/atmel/studio/7.0/toolchain/avr8/avr8-gnu-toolchain/bin/../lib/gcc/avr/4.9.2/../../../../avr/lib/avr5\libm.a(exp.o)
[...]
Memory Configuration

Name             Origin             Length             Attributes
text             0x00000000         0x00020000         xr
data             0x00800060         0x0000ffa0         rw !x
eeprom           0x00810000         0x00010000         rw !x
fuse             0x00820000         0x00000400         rw !x
lock             0x00830000         0x00000400         rw !x
signature        0x00840000         0x00000400         rw !x
user_signatures  0x00850000         0x00000400         rw !x
*default*        0x00000000         0xffffffff

Linker script and memory map

Address of section .data set to 0x800100
LOAD C:/Program Files (x86)/Atmel/Studio/7.0/Packs/atmel/ATmega_DFP/1.0.106/gcc/dev/atmega328p/avr5/crtatmega328p.o
LOAD ComwithDisplay.o
LOAD ComwithMotor.o
LOAD ComwithRC.o
LOAD DisplayBuff.o
LOAD Kinematics.o
LOAD Sketch.o
LOAD src/libraries/Adafruit-GFX-Library-master/Adafruit_GFX.o
LOAD src/libraries/Adafruit-GFX-Library-master/Adafruit_SPITFT.o
LOAD src/libraries/Adafruit-GFX-Library-master/glcdfont.o
LOAD src/libraries/Adafruit_SSD1306-master/Adafruit_SSD1306.o
LOAD src/libraries/SoftwareSerial/src/SoftwareSerial.o
LOAD src/libraries/SPI/src/SPI.o
LOAD src/libraries/Wire/src/utility/twi.o
LOAD src/libraries/Wire/src/Wire.o
START GROUP
LOAD c:/program files (x86)/atmel/studio/7.0/toolchain/avr8/avr8-gnu-toolchain/bin/../lib/gcc/avr/4.9.2/../../../../avr/lib/avr5\libm.a
LOAD I:\atmel studio\led2\ArduinoSketch31\ArduinoSketch31\ArduinoCore\Debug\libArduinoCore.a
END GROUP
LOAD c:/program files (x86)/atmel/studio/7.0/toolchain/avr8/avr8-gnu-toolchain/bin/../lib/gcc/avr/4.9.2/avr5\libgcc.a
LOAD c:/program files (x86)/atmel/studio/7.0/toolchain/avr8/avr8-gnu-toolchain/bin/../lib/gcc/avr/4.9.2/../../../../avr/lib/avr5\libm.a
START GROUP
LOAD c:/program files (x86)/atmel/studio/7.0/toolchain/avr8/avr8-gnu-toolchain/bin/../lib/gcc/avr/4.9.2/avr5\libgcc.a
LOAD c:/program files (x86)/atmel/studio/7.0/toolchain/avr8/avr8-gnu-toolchain/bin/../lib/gcc/avr/4.9.2/../../../../avr/lib/avr5\libm.a
LOAD c:/program files (x86)/atmel/studio/7.0/toolchain/avr8/avr8-gnu-toolchain/bin/../lib/gcc/avr/4.9.2/../../../../avr/lib/avr5\libc.a
LOAD C:/Program Files (x86)/Atmel/Studio/7.0/Packs/atmel/ATmega_DFP/1.0.106/gcc/dev/atmega328p/avr5\libatmega328p.a
END GROUP
                0x00020000                __TEXT_REGION_LENGTH__ = DEFINED (__TEXT_REGION_LENGTH__)?__TEXT_REGION_LENGTH__:0x20000
                0x0000ffa0                __DATA_REGION_LENGTH__ = DEFINED (__DATA_REGION_LENGTH__)?__DATA_REGION_LENGTH__:0xffa0
                0x00010000                __EEPROM_REGION_LENGTH__ = DEFINED (__EEPROM_REGION_LENGTH__)?__EEPROM_REGION_LENGTH__:0x10000
                0x00000400                __FUSE_REGION_LENGTH__ = DEFINED (__FUSE_REGION_LENGTH__)?__FUSE_REGION_LENGTH__:0x400
                0x00000400                __LOCK_REGION_LENGTH__ = DEFINED (__LOCK_REGION_LENGTH__)?__LOCK_REGION_LENGTH__:0x400
                0x00000400                __SIGNATURE_REGION_LENGTH__ = DEFINED (__SIGNATURE_REGION_LENGTH__)?__SIGNATURE_REGION_LENGTH__:0x400
                0x00000400                __USER_SIGNATURE_REGION_LENGTH__ = DEFINED (__USER_SIGNATURE_REGION_LENGTH__)?__USER_SIGNATURE_REGION_LENGTH__:0x400

.hash
 *(.hash)

.dynsym
 *(.dynsym)

.dynstr
 *(.dynstr)

.gnu.version
 *(.gnu.version)

.gnu.version_d
 *(.gnu.version_d)

.gnu.version_r
 *(.gnu.version_r)

.rel.init
 *(.rel.init)

.rela.init
 *(.rela.init)

.rel.text
 *(.rel.text)
 *(.rel.text.*)
 *(.rel.gnu.linkonce.t*)

.rela.text
 *(.rela.text)
 *(.rela.text.*)
 *(.rela.gnu.linkonce.t*)

.rel.fini
 *(.rel.fini)

.rela.fini
 *(.rela.fini)

.rel.rodata
 *(.rel.rodata)
 *(.rel.rodata.*)
 *(.rel.gnu.linkonce.r*)

.rela.rodata
 *(.rela.rodata)
 *(.rela.rodata.*)
 *(.rela.gnu.linkonce.r*)

.rel.data
 *(.rel.data)
 *(.rel.data.*)
 *(.rel.gnu.linkonce.d*)

.rela.data
 *(.rela.data)
 *(.rela.data.*)
 *(.rela.gnu.linkonce.d*)

.rel.ctors
 *(.rel.ctors)

.rela.ctors
 *(.rela.ctors)

.rel.dtors
 *(.rel.dtors)

.rela.dtors
 *(.rela.dtors)

.rel.got
 *(.rel.got)

.rela.got
 *(.rela.got)

.rel.bss
 *(.rel.bss)

.rela.bss
 *(.rela.bss)

.rel.plt
 *(.rel.plt)

.rela.plt
 *(.rela.plt)

.text           0x00000000     0x3932
 *(.vectors)
 .vectors       0x00000000       0x68 C:/Program Files (x86)/Atmel/Studio/7.0/Packs/atmel/ATmega_DFP/1.0.106/gcc/dev/atmega328p/avr5/crtatmega328p.o
                0x00000000                __vector_default
                0x00000000                __vectors
 *(.vectors)
 *(.progmem.gcc*)
 .progmem.gcc_fplib
                0x00000068       0x28 c:/program files (x86)/atmel/studio/7.0/toolchain/avr8/avr8-gnu-toolchain/bin/../lib/gcc/avr/4.9.2/../../../../avr/lib/avr5\libm.a(exp.o)
 .progmem.gcc_fplib
                0x00000090       0x5a c:/program files (x86)/atmel/studio/7.0/toolchain/avr8/avr8-gnu-toolchain/bin/../lib/gcc/avr/4.9.2/../../../../avr/lib/avr5\libm.a(log.o)
                0x000000ea                . = ALIGN (0x2)
                0x000000ea                __trampolines_start = .
 *(.trampolines)
 .trampolines   0x000000ea        0x0 linker stubs
 *(.trampolines*)
                0x000000ea                __trampolines_end = .
 *libprintf_flt.a:*(.progmem.data)
 *libc.a:*(.progmem.data)
 .progmem.data  0x000000ea       0x3b c:/program files (x86)/atmel/studio/7.0/toolchain/avr8/avr8-gnu-toolchain/bin/../lib/gcc/avr/4.9.2/../../../../avr/lib/avr5\libc.a(strtod.o)
 *(.progmem*)
 .progmem.data.digital_pin_to_timer_PGM
                0x00000125       0x14 I:\atmel studio\led2\ArduinoSketch31\ArduinoSketch31\ArduinoCore\Debug\libArduinoCore.a(wiring_digital.o)
                0x00000125                digital_pin_to_timer_PGM
 .progmem.data.digital_pin_to_bit_mask_PGM
                0x00000139       0x14 I:\atmel studio\led2\ArduinoSketch31\ArduinoSketch31\ArduinoCore\Debug\libArduinoCore.a(wiring_digital.o)
                0x00000139                digital_pin_to_bit_mask_PGM
 .progmem.data.digital_pin_to_port_PGM
                0x0000014d       0x14 I:\atmel studio\led2\ArduinoSketch31\ArduinoSketch31\ArduinoCore\Debug\libArduinoCore.a(wiring_digital.o)
                0x0000014d                digital_pin_to_port_PGM
 .progmem.data.port_to_input_PGM
                0x00000161        0xa I:\atmel studio\led2\ArduinoSketch31\ArduinoSketch31\ArduinoCore\Debug\libArduinoCore.a(wiring_digital.o)
                0x00000161                port_to_input_PGM
 .progmem.data.port_to_output_PGM
                0x0000016b        0xa I:\atmel studio\led2\ArduinoSketch31\ArduinoSketch31\ArduinoCore\Debug\libArduinoCore.a(wiring_digital.o)
                0x0000016b                port_to_output_PGM
 .progmem.data.port_to_mode_PGM
                0x00000175        0xa I:\atmel studio\led2\ArduinoSketch31\ArduinoSketch31\ArduinoCore\Debug\libArduinoCore.a(wiring_digital.o)
                0x00000175                port_to_mode_PGM
                0x00000180                . = ALIGN (0x2)
 *fill*         0x0000017f        0x1 
 *(.jumptables)
 *(.jumptables*)
 *(.lowtext)
 *(.lowtext*)
                0x00000180                __ctors_start = .
 *(.ctors)
 .ctors         0x00000180        0x2 ComwithDisplay.o
 .ctors         0x00000182        0x2 Sketch.o
 .ctors         0x00000184        0x2 src/libraries/Wire/src/Wire.o
 .ctors         0x00000186        0x2 I:\atmel studio\led2\ArduinoSketch31\ArduinoSketch31\ArduinoCore\Debug\libArduinoCore.a(HardwareSerial0.o)
                0x00000188                __ctors_end = .
                0x00000188                __dtors_start = .
 *(.dtors)
 .dtors         0x00000188        0x2 ComwithDisplay.o
 .dtors         0x0000018a        0x2 Sketch.o
                0x0000018c                __dtors_end = .
 SORT(*)(.ctors)
 SORT(*)(.dtors)
 *(.init0)
 .init0         0x0000018c        0x0 C:/Program Files (x86)/Atmel/Studio/7.0/Packs/atmel/ATmega_DFP/1.0.106/gcc/dev/atmega328p/avr5/crtatmega328p.o
                0x0000018c                __init
 *(.init0)
 *(.init1)
 *(.init1)
 *(.init2)
 .init2         0x0000018c        0xc C:/Program Files (x86)/Atmel/Studio/7.0/Packs/atmel/ATmega_DFP/1.0.106/gcc/dev/atmega328p/avr5/crtatmega328p.o
 *(.init2)
 *(.init3)
 *(.init3)
 *(.init4)
 .init4         0x00000198       0x16 c:/program files (x86)/atmel/studio/7.0/toolchain/avr8/avr8-gnu-toolchain/bin/../lib/gcc/avr/4.9.2/avr5\libgcc.a(_copy_data.o)
                0x00000198                __do_copy_data
 .init4         0x000001ae       0x10 c:/program files (x86)/atmel/studio/7.0/toolchain/avr8/avr8-gnu-toolchain/bin/../lib/gcc/avr/4.9.2/avr5\libgcc.a(_clear_bss.o)
                0x000001ae                __do_clear_bss
 *(.init4)
 *(.init5)
 *(.init5)
 *(.init6)
 .init6         0x000001be       0x16 c:/program files (x86)/atmel/studio/7.0/toolchain/avr8/avr8-gnu-toolchain/bin/../lib/gcc/avr/4.9.2/avr5\libgcc.a(_ctors.o)
                0x000001be                __do_global_ctors
 *(.init6)
 *(.init7)
 *(.init7)
 *(.init8)
 *(.init8)
 *(.init9)
 .init9         0x000001d4        0x8 C:/Program Files (x86)/Atmel/Studio/7.0/Packs/atmel/ATmega_DFP/1.0.106/gcc/dev/atmega328p/avr5/crtatmega328p.o
 *(.init9)
 *(.text)
 .text          0x000001dc        0x2 C:/Program Files (x86)/Atmel/Studio/7.0/Packs/atmel/ATmega_DFP/1.0.106/gcc/dev/atmega328p/avr5/crtatmega328p.o
                0x000001dc                __vector_22
                0x000001dc                __vector_1
                0x000001dc                __vector_12
                0x000001dc                __bad_interrupt
                0x000001dc                __vector_6
                0x000001dc                __vector_23
                0x000001dc                __vector_25
                0x000001dc                __vector_11
                0x000001dc                __vector_13
                0x000001dc                __vector_17
                0x000001dc                __vector_7
                0x000001dc                __vector_9
                0x000001dc                __vector_2
                0x000001dc                __vector_21
                0x000001dc                __vector_15
                0x000001dc                __vector_8
                0x000001dc                __vector_14
                0x000001dc                __vector_10
                0x000001dc                __vector_20
                0x000001de                . = ALIGN (0x2)
 *(.text.*)
 .text._ZN14ComwithDisplayC2Ev
                0x000001de        0x2 ComwithDisplay.o
                0x000001de                _ZN14ComwithDisplayC1Ev
                0x000001de                _ZN14ComwithDisplayC2Ev
 .text._ZN14ComwithDisplay13displayMotorsEbbbb
                0x000001e0       0xa8 ComwithDisplay.o
                0x000001e0                _ZN14ComwithDisplay13displayMotorsEbbbb
 .text._ZN14ComwithDisplay11displaySHOTEb
                0x00000288       0x5e ComwithDisplay.o
                0x00000288                _ZN14ComwithDisplay11displaySHOTEb
 .text._ZN14ComwithDisplay10displayPOSEb
                0x000002e6       0x5e ComwithDisplay.o
                0x000002e6                _ZN14ComwithDisplay10displayPOSEb
 .text._ZN14ComwithDisplay10displayMsgE6String
                0x00000344       0x56 ComwithDisplay.o
                0x00000344                _ZN14ComwithDisplay10displayMsgE6String
 .text._ZN14ComwithDisplay10systemInitEv
                0x0000039a       0x56 ComwithDisplay.o
                0x0000039a                _ZN14ComwithDisplay10systemInitEv
 .text.startup._GLOBAL__sub_I_mySerial
                0x000003f0        0xc ComwithDisplay.o
 .text.exit._GLOBAL__sub_D_mySerial
                0x000003fc        0x6 ComwithDisplay.o
 .text._ZN12ComwithMotorC2Ev
                0x00000402       0x4e ComwithMotor.o
                0x00000402                _ZN12ComwithMotorC1Ev
                0x00000402                _ZN12ComwithMotorC2Ev
 .text._ZN12ComwithMotor18connectedtoL1RightEv
                0x00000450        0x6 ComwithMotor.o
                0x00000450                _ZN12ComwithMotor18connectedtoL1RightEv
 .text._ZN12ComwithMotor18connectedtoL2RightEv
                0x00000456        0x6 ComwithMotor.o
                0x00000456                _ZN12ComwithMotor18connectedtoL2RightEv
 .text._ZN12ComwithMotor18connectedtoR1RightEv
                0x0000045c        0x6 ComwithMotor.o
                0x0000045c                _ZN12ComwithMotor18connectedtoR1RightEv
 .text._ZN12ComwithMotor18connectedtoR2RightEv
                0x00000462        0x6 ComwithMotor.o
                0x00000462                _ZN12ComwithMotor18connectedtoR2RightEv
 .text._ZN12ComwithMotor7SendAtoENS_5MotorEi
                0x00000468       0x36 ComwithMotor.o
                0x00000468                _ZN12ComwithMotor7SendAtoENS_5MotorEi
 .text._ZN12ComwithMotor10SendAtoALLEiiii
                0x0000049e       0x44 ComwithMotor.o
                0x0000049e                _ZN12ComwithMotor10SendAtoALLEiiii
 .text._ZN12ComwithMotor7SendKtoENS_5MotorEddd
                0x000004e2       0xc6 ComwithMotor.o
                0x000004e2                _ZN12ComwithMotor7SendKtoENS_5MotorEddd
 .text._ZN12ComwithMotor10SendKtoALLEddd
                0x000005a8       0xa2 ComwithMotor.o
                0x000005a8                _ZN12ComwithMotor10SendKtoALLEddd
 .text._ZN12ComwithMotor9ReadBfromENS_5MotorE
                0x0000064a       0x46 ComwithMotor.o
                0x0000064a                _ZN12ComwithMotor9ReadBfromENS_5MotorE
 .text._ZN12ComwithMotor5beginEv
                0x00000690       0xf0 ComwithMotor.o
                0x00000690                _ZN12ComwithMotor5beginEv
 .text._ZN9ComwithRCC2Ev
                0x00000780       0x46 ComwithRC.o
                0x00000780                _ZN9ComwithRCC2Ev
                0x00000780                _ZN9ComwithRCC1Ev
 .text._ZN9ComwithRC7recivedE6String
                0x000007c6      0x16c ComwithRC.o
                0x000007c6                _ZN9ComwithRC7recivedE6String
 .text._ZN5Print17availableForWriteEv
                0x00000932        0x6 DisplayBuff.o
                0x00000932                _ZN5Print17availableForWriteEv
 .text._ZN10KinematicsC2Eiffi
                0x00000938       0x9a Kinematics.o
                0x00000938                _ZN10KinematicsC1Eiffi
                0x00000938                _ZN10KinematicsC2Eiffi
 .text._ZN10Kinematics6getRPMEfff
                0x000009d2      0x1de Kinematics.o
                0x000009d2                _ZN10Kinematics6getRPMEfff
 .text.setup    0x00000bb0       0x92 Sketch.o
                0x00000bb0                setup
 .text.loop     0x00000c42      0x13c Sketch.o
                0x00000c42                loop
 .text.startup._GLOBAL__sub_I_CM
                0x00000d7e       0x66 Sketch.o
 .text.exit._GLOBAL__sub_D_CM
                0x00000de4       0x28 Sketch.o
 .text._Z11serialEventv
                0x00000e0c       0xe8 Sketch.o
                0x00000e0c                _Z11serialEventv
 .text._ZN14SoftwareSerial4readEv
                0x00000ef4       0x42 src/libraries/SoftwareSerial/src/SoftwareSerial.o
                0x00000ef4                _ZN14SoftwareSerial4readEv
 .text._ZN14SoftwareSerial5writeEh
                0x00000f36       0xa8 src/libraries/SoftwareSerial/src/SoftwareSerial.o
                0x00000f36                _ZN14SoftwareSerial5writeEh
 .text._ZN14SoftwareSerial5flushEv
                0x00000fde        0x2 src/libraries/SoftwareSerial/src/SoftwareSerial.o
                0x00000fde                _ZN14SoftwareSerial5flushEv
 .text._ZN14SoftwareSerial4peekEv
                0x00000fe0       0x30 src/libraries/SoftwareSerial/src/SoftwareSerial.o
                0x00000fe0                _ZN14SoftwareSerial4peekEv
 .text._ZN14SoftwareSerial9availableEv
                0x00001010       0x2e src/libraries/SoftwareSerial/src/SoftwareSerial.o
                0x00001010                _ZN14SoftwareSerial9availableEv
 .text._ZN14SoftwareSerial13stopListeningEv
                0x0000103e       0x2c src/libraries/SoftwareSerial/src/SoftwareSerial.o
                0x0000103e                _ZN14SoftwareSerial13stopListeningEv
 .text._ZN14SoftwareSerial6listenEv
                0x0000106a       0x50 src/libraries/SoftwareSerial/src/SoftwareSerial.o
                0x0000106a                _ZN14SoftwareSerial6listenEv
 .text.__vector_3
                0x000010ba       0xf4 src/libraries/SoftwareSerial/src/SoftwareSerial.o
                0x000010ba                __vector_5
                0x000010ba                __vector_4
                0x000010ba                __vector_3
 .text._ZN14SoftwareSerialD2Ev
                0x000011ae        0xc src/libraries/SoftwareSerial/src/SoftwareSerial.o
                0x000011ae                _ZN14SoftwareSerialD1Ev
                0x000011ae                _ZN14SoftwareSerialD2Ev
 .text._ZN14SoftwareSerial5setTXEh
                0x000011ba       0x52 src/libraries/SoftwareSerial/src/SoftwareSerial.o
                0x000011ba                _ZN14SoftwareSerial5setTXEh
 .text._ZN14SoftwareSerial5setRXEh
                0x0000120c       0x52 src/libraries/SoftwareSerial/src/SoftwareSerial.o
                0x0000120c                _ZN14SoftwareSerial5setRXEh
 .text._ZN14SoftwareSerialC2Ehhb
                0x0000125e       0x52 src/libraries/SoftwareSerial/src/SoftwareSerial.o
                0x0000125e                _ZN14SoftwareSerialC1Ehhb
                0x0000125e                _ZN14SoftwareSerialC2Ehhb
 .text._ZN14SoftwareSerial5beginEl
                0x000012b0      0x11a src/libraries/SoftwareSerial/src/SoftwareSerial.o
                0x000012b0                _ZN14SoftwareSerial5beginEl
 .text.twi_init
                0x000013ca       0x3c src/libraries/Wire/src/utility/twi.o
                0x000013ca                twi_init
 .text.twi_readFrom
                0x00001406       0x90 src/libraries/Wire/src/utility/twi.o
                0x00001406                twi_readFrom
 .text.twi_writeTo
                0x00001496       0xac src/libraries/Wire/src/utility/twi.o
                0x00001496                twi_writeTo
 .text.twi_transmit
                0x00001542       0x50 src/libraries/Wire/src/utility/twi.o
                0x00001542                twi_transmit
 .text.twi_stop
                0x00001592       0x14 src/libraries/Wire/src/utility/twi.o
                0x00001592                twi_stop
 .text.twi_releaseBus
                0x000015a6        0xc src/libraries/Wire/src/utility/twi.o
                0x000015a6                twi_releaseBus
 .text.__vector_24
                0x000015b2      0x254 src/libraries/Wire/src/utility/twi.o
                0x000015b2                __vector_24
 .text._ZN7TwoWire9availableEv
                0x00001806       0x10 src/libraries/Wire/src/Wire.o
                0x00001806                _ZN7TwoWire9availableEv
 .text._ZN7TwoWire4readEv
                0x00001816       0x28 src/libraries/Wire/src/Wire.o
                0x00001816                _ZN7TwoWire4readEv
 .text._ZN7TwoWire4peekEv
                0x0000183e       0x1e src/libraries/Wire/src/Wire.o
                0x0000183e                _ZN7TwoWire4peekEv
 .text._ZN7TwoWire5flushEv
                0x0000185c        0x2 src/libraries/Wire/src/Wire.o
                0x0000185c                _ZN7TwoWire5flushEv
 .text._ZN7TwoWire5writeEPKhj
                0x0000185e       0x5e src/libraries/Wire/src/Wire.o
                0x0000185e                _ZN7TwoWire5writeEPKhj
 .text._ZN7TwoWire5writeEh
                0x000018bc       0x5c src/libraries/Wire/src/Wire.o
                0x000018bc                _ZN7TwoWire5writeEh
 .text._ZN7TwoWireC2Ev
                0x00001918       0x20 src/libraries/Wire/src/Wire.o
                0x00001918                _ZN7TwoWireC1Ev
                0x00001918                _ZN7TwoWireC2Ev
 .text._ZN7TwoWire5beginEv
                0x00001938       0x12 src/libraries/Wire/src/Wire.o
                0x00001938                _ZN7TwoWire5beginEv
 .text._ZN7TwoWire17beginTransmissionEh
                0x0000194a       0x14 src/libraries/Wire/src/Wire.o
                0x0000194a                _ZN7TwoWire17beginTransmissionEh
 .text._ZN7TwoWire17beginTransmissionEi
                0x0000195e        0x2 src/libraries/Wire/src/Wire.o
                0x0000195e                _ZN7TwoWire17beginTransmissionEi
 .text._ZN7TwoWire15endTransmissionEh
                0x00001960       0x24 src/libraries/Wire/src/Wire.o
                0x00001960                _ZN7TwoWire15endTransmissionEh
 .text._ZN7TwoWire11requestFromEhhmhh
                0x00001984       0xa2 src/libraries/Wire/src/Wire.o
                0x00001984                _ZN7TwoWire11requestFromEhhmhh
 .text._ZN7TwoWire11requestFromEhhh
                0x00001a26       0x1e src/libraries/Wire/src/Wire.o
                0x00001a26                _ZN7TwoWire11requestFromEhhh
 .text._ZN7TwoWire11requestFromEii
                0x00001a44        0x4 src/libraries/Wire/src/Wire.o
                0x00001a44                _ZN7TwoWire11requestFromEii
 .text._ZN7TwoWire15endTransmissionEv
                0x00001a48        0x4 src/libraries/Wire/src/Wire.o
                0x00001a48                _ZN7TwoWire15endTransmissionEv
 .text.startup._GLOBAL__sub_I__ZN7TwoWire8rxBufferE
                0x00001a4c        0x6 src/libraries/Wire/src/Wire.o
 .text.avr-libc.fplib
                0x00001a52        0xa c:/program files (x86)/atmel/studio/7.0/toolchain/avr8/avr8-gnu-toolchain/bin/../lib/gcc/avr/4.9.2/../../../../avr/lib/avr5\libm.a(addsf3.o)
                0x00001a52                __subsf3
                0x00001a54                __addsf3
 .text.avr-libc.fplib
                0x00001a5c       0xc0 c:/program files (x86)/atmel/studio/7.0/toolchain/avr8/avr8-gnu-toolchain/bin/../lib/gcc/avr/4.9.2/../../../../avr/lib/avr5\libm.a(addsf3x.o)
                0x00001a76                __addsf3x
 .text.avr-libc.fplib
                0x00001b1c        0x4 c:/program files (x86)/atmel/studio/7.0/toolchain/avr8/avr8-gnu-toolchain/bin/../lib/gcc/avr/4.9.2/../../../../avr/lib/avr5\libm.a(divsf3.o)
                0x00001b1c                __divsf3
 .text.avr-libc.fplib
                0x00001b20       0xcc c:/program files (x86)/atmel/studio/7.0/toolchain/avr8/avr8-gnu-toolchain/bin/../lib/gcc/avr/4.9.2/../../../../avr/lib/avr5\libm.a(divsf3x.o)
                0x00001b36                __divsf3x
                0x00001b3a                __divsf3_pse
 .text.avr-libc.fplib
                0x00001bec        0xa c:/program files (x86)/atmel/studio/7.0/toolchain/avr8/avr8-gnu-toolchain/bin/../lib/gcc/avr/4.9.2/../../../../avr/lib/avr5\libm.a(fixsfsi.o)
                0x00001bec                __fixsfsi
 .text.avr-libc.fplib
                0x00001bf6       0x58 c:/program files (x86)/atmel/studio/7.0/toolchain/avr8/avr8-gnu-toolchain/bin/../lib/gcc/avr/4.9.2/../../../../avr/lib/avr5\libm.a(fixunssfsi.o)
                0x00001bf6                __fixunssfsi
 .text.avr-libc.fplib
                0x00001c4e       0x7a c:/program files (x86)/atmel/studio/7.0/toolchain/avr8/avr8-gnu-toolchain/bin/../lib/gcc/avr/4.9.2/../../../../avr/lib/avr5\libm.a(floatsisf.o)
                0x00001c4e                __floatunsisf
                0x00001c52                __floatsisf
 .text.avr-libc.fplib
                0x00001cc8        0xc c:/program files (x86)/atmel/studio/7.0/toolchain/avr8/avr8-gnu-toolchain/bin/../lib/gcc/avr/4.9.2/../../../../avr/lib/avr5\libm.a(fp_inf.o)
                0x00001cc8                __fp_inf
 .text.avr-libc.fplib
                0x00001cd4        0x6 c:/program files (x86)/atmel/studio/7.0/toolchain/avr8/avr8-gnu-toolchain/bin/../lib/gcc/avr/4.9.2/../../../../avr/lib/avr5\libm.a(fp_nan.o)
                0x00001cd4                __fp_nan
 .text.avr-libc.fplib
                0x00001cda        0xe c:/program files (x86)/atmel/studio/7.0/toolchain/avr8/avr8-gnu-toolchain/bin/../lib/gcc/avr/4.9.2/../../../../avr/lib/avr5\libm.a(fp_pscA.o)
                0x00001cda                __fp_pscA
 .text.avr-libc.fplib
                0x00001ce8        0xe c:/program files (x86)/atmel/studio/7.0/toolchain/avr8/avr8-gnu-toolchain/bin/../lib/gcc/avr/4.9.2/../../../../avr/lib/avr5\libm.a(fp_pscB.o)
                0x00001ce8                __fp_pscB
 .text.avr-libc.fplib
                0x00001cf6       0x22 c:/program files (x86)/atmel/studio/7.0/toolchain/avr8/avr8-gnu-toolchain/bin/../lib/gcc/avr/4.9.2/../../../../avr/lib/avr5\libm.a(fp_round.o)
                0x00001cf6                __fp_round
 .text.avr-libc.fplib
                0x00001d18       0x44 c:/program files (x86)/atmel/studio/7.0/toolchain/avr8/avr8-gnu-toolchain/bin/../lib/gcc/avr/4.9.2/../../../../avr/lib/avr5\libm.a(fp_split3.o)
                0x00001d18                __fp_split3
                0x00001d28                __fp_splitA
 .text.avr-libc.fplib
                0x00001d5c        0xe c:/program files (x86)/atmel/studio/7.0/toolchain/avr8/avr8-gnu-toolchain/bin/../lib/gcc/avr/4.9.2/../../../../avr/lib/avr5\libm.a(fp_zero.o)
                0x00001d5c                __fp_zero
                0x00001d5e                __fp_szero
 .text.avr-libc.fplib
                0x00001d6a        0x4 c:/program files (x86)/atmel/studio/7.0/toolchain/avr8/avr8-gnu-toolchain/bin/../lib/gcc/avr/4.9.2/../../../../avr/lib/avr5\libm.a(mulsf3.o)
                0x00001d6a                __mulsf3
 .text.avr-libc.fplib
                0x00001d6e       0xc2 c:/program files (x86)/atmel/studio/7.0/toolchain/avr8/avr8-gnu-toolchain/bin/../lib/gcc/avr/4.9.2/../../../../avr/lib/avr5\libm.a(mulsf3x.o)
                0x00001d82                __mulsf3x
                0x00001d86                __mulsf3_pse
 .text.avr-libc.fplib
                0x00001e30       0x98 c:/program files (x86)/atmel/studio/7.0/toolchain/avr8/avr8-gnu-toolchain/bin/../lib/gcc/avr/4.9.2/../../../../avr/lib/avr5\libm.a(pow.o)
                0x00001e30                pow
 .text.avr-libc.fplib
                0x00001ec8       0x62 c:/program files (x86)/atmel/studio/7.0/toolchain/avr8/avr8-gnu-toolchain/bin/../lib/gcc/avr/4.9.2/../../../../avr/lib/avr5\libm.a(exp.o)
                0x00001ed2                exp
 .text.avr-libc.fplib
                0x00001f2a       0x4a c:/program files (x86)/atmel/studio/7.0/toolchain/avr8/avr8-gnu-toolchain/bin/../lib/gcc/avr/4.9.2/../../../../avr/lib/avr5\libm.a(fp_powser.o)
                0x00001f2a                __fp_powser
 .text.avr-libc.fplib
                0x00001f74        0xe c:/program files (x86)/atmel/studio/7.0/toolchain/avr8/avr8-gnu-toolchain/bin/../lib/gcc/avr/4.9.2/../../../../avr/lib/avr5\libm.a(inverse.o)
                0x00001f74                inverse
 .text.avr-libc.fplib
                0x00001f82       0x6c c:/program files (x86)/atmel/studio/7.0/toolchain/avr8/avr8-gnu-toolchain/bin/../lib/gcc/avr/4.9.2/../../../../avr/lib/avr5\libm.a(ldexp.o)
                0x00001f86                ldexp
 .text.avr-libc.fplib
                0x00001fee       0x8a c:/program files (x86)/atmel/studio/7.0/toolchain/avr8/avr8-gnu-toolchain/bin/../lib/gcc/avr/4.9.2/../../../../avr/lib/avr5\libm.a(log.o)
                0x00001ff8                log
 .text.avr-libc.fplib
                0x00002078       0x66 c:/program files (x86)/atmel/studio/7.0/toolchain/avr8/avr8-gnu-toolchain/bin/../lib/gcc/avr/4.9.2/../../../../avr/lib/avr5\libm.a(modf.o)
                0x00002078                modf
                0x00002078                modff
 .text.avr-libc.fplib
                0x000020de       0x1c c:/program files (x86)/atmel/studio/7.0/toolchain/avr8/avr8-gnu-toolchain/bin/../lib/gcc/avr/4.9.2/../../../../avr/lib/avr5\libm.a(fp_mpack.o)
                0x000020de                __fp_mpack
                0x000020e2                __fp_mpack_finite
 .text._ZN14HardwareSerial9availableEv
                0x000020fa       0x18 I:\atmel studio\led2\ArduinoSketch31\ArduinoSketch31\ArduinoCore\Debug\libArduinoCore.a(HardwareSerial.o)
                0x000020fa                _ZN14HardwareSerial9availableEv
 .text._ZN14HardwareSerial4peekEv
                0x00002112       0x1c I:\atmel studio\led2\ArduinoSketch31\ArduinoSketch31\ArduinoCore\Debug\libArduinoCore.a(HardwareSerial.o)
                0x00002112                _ZN14HardwareSerial4peekEv
 .text._ZN14HardwareSerial4readEv
                0x0000212e       0x28 I:\atmel studio\led2\ArduinoSketch31\ArduinoSketch31\ArduinoCore\Debug\libArduinoCore.a(HardwareSerial.o)
                0x0000212e                _ZN14HardwareSerial4readEv
 .text._ZN14HardwareSerial17availableForWriteEv
                0x00002156       0x1e I:\atmel studio\led2\ArduinoSketch31\ArduinoSketch31\ArduinoCore\Debug\libArduinoCore.a(HardwareSerial.o)
                0x00002156                _ZN14HardwareSerial17availableForWriteEv
 .text._Z14serialEventRunv
                0x00002174       0x1a I:\atmel studio\led2\ArduinoSketch31\ArduinoSketch31\ArduinoCore\Debug\libArduinoCore.a(HardwareSerial.o)
                0x00002174                _Z14serialEventRunv
 .text._ZN14HardwareSerial17_tx_udr_empty_irqEv
                0x0000218e       0x42 I:\atmel studio\led2\ArduinoSketch31\ArduinoSketch31\ArduinoCore\Debug\libArduinoCore.a(HardwareSerial.o)
                0x0000218e                _ZN14HardwareSerial17_tx_udr_empty_irqEv
 .text._ZN14HardwareSerial5flushEv
                0x000021d0       0x42 I:\atmel studio\led2\ArduinoSketch31\ArduinoSketch31\ArduinoCore\Debug\libArduinoCore.a(HardwareSerial.o)
                0x000021d0                _ZN14HardwareSerial5flushEv
 .text._ZN14HardwareSerial5writeEh
                0x00002212       0x8c I:\atmel studio\led2\ArduinoSketch31\ArduinoSketch31\ArduinoCore\Debug\libArduinoCore.a(HardwareSerial.o)
                0x00002212                _ZN14HardwareSerial5writeEh
 .text._ZN14HardwareSerial5beginEmh
                0x0000229e       0xc6 I:\atmel studio\led2\ArduinoSketch31\ArduinoSketch31\ArduinoCore\Debug\libArduinoCore.a(HardwareSerial.o)
                0x0000229e                _ZN14HardwareSerial5beginEmh
 .text.__vector_18
                0x00002364       0x64 I:\atmel studio\led2\ArduinoSketch31\ArduinoSketch31\ArduinoCore\Debug\libArduinoCore.a(HardwareSerial0.o)
                0x00002364                __vector_18
 .text.__vector_19
                0x000023c8       0x4a I:\atmel studio\led2\ArduinoSketch31\ArduinoSketch31\ArduinoCore\Debug\libArduinoCore.a(HardwareSerial0.o)
                0x000023c8                __vector_19
 .text._Z17Serial0_availablev
                0x00002412       0x12 I:\atmel studio\led2\ArduinoSketch31\ArduinoSketch31\ArduinoCore\Debug\libArduinoCore.a(HardwareSerial0.o)
                0x00002412                _Z17Serial0_availablev
 .text.startup._GLOBAL__sub_I___vector_18
                0x00002424       0x5a I:\atmel studio\led2\ArduinoSketch31\ArduinoSketch31\ArduinoCore\Debug\libArduinoCore.a(HardwareSerial0.o)
 .text.initVariant
                0x0000247e        0x2 I:\atmel studio\led2\ArduinoSketch31\ArduinoSketch31\ArduinoCore\Debug\libArduinoCore.a(main.o)
                0x0000247e                initVariant
 .text.startup.main
                0x00002480       0x18 I:\atmel studio\led2\ArduinoSketch31\ArduinoSketch31\ArduinoCore\Debug\libArduinoCore.a(main.o)
                0x00002480                main
 .text._ZN5Print5writeEPKhj
                0x00002498       0x56 I:\atmel studio\led2\ArduinoSketch31\ArduinoSketch31\ArduinoCore\Debug\libArduinoCore.a(Print.o)
                0x00002498                _ZN5Print5writeEPKhj
 .text._ZN5Print5writeEPKc
                0x000024ee       0x2a I:\atmel studio\led2\ArduinoSketch31\ArduinoSketch31\ArduinoCore\Debug\libArduinoCore.a(Print.o)
                0x000024ee                _ZN5Print5writeEPKc
 .text._ZN5Print5printERK6String
                0x00002518       0x1c I:\atmel studio\led2\ArduinoSketch31\ArduinoSketch31\ArduinoCore\Debug\libArduinoCore.a(Print.o)
                0x00002518                _ZN5Print5printERK6String
 .text._ZN5Print5printEPKc
                0x00002534        0x2 I:\atmel studio\led2\ArduinoSketch31\ArduinoSketch31\ArduinoCore\Debug\libArduinoCore.a(Print.o)
                0x00002534                _ZN5Print5printEPKc
 .text._ZN5Print5printEc
                0x00002536        0xe I:\atmel studio\led2\ArduinoSketch31\ArduinoSketch31\ArduinoCore\Debug\libArduinoCore.a(Print.o)
                0x00002536                _ZN5Print5printEc
 .text._ZN5Print7printlnEv
                0x00002544        0x6 I:\atmel studio\led2\ArduinoSketch31\ArduinoSketch31\ArduinoCore\Debug\libArduinoCore.a(Print.o)
                0x00002544                _ZN5Print7printlnEv
 .text._ZN5Print7printlnERK6String
                0x0000254a       0x20 I:\atmel studio\led2\ArduinoSketch31\ArduinoSketch31\ArduinoCore\Debug\libArduinoCore.a(Print.o)
                0x0000254a                _ZN5Print7printlnERK6String
 .text._ZN5Print7printlnEPKc
                0x0000256a       0x20 I:\atmel studio\led2\ArduinoSketch31\ArduinoSketch31\ArduinoCore\Debug\libArduinoCore.a(Print.o)
                0x0000256a                _ZN5Print7printlnEPKc
 .text._ZN5Print11printNumberEmh
                0x0000258a       0xa4 I:\atmel studio\led2\ArduinoSketch31\ArduinoSketch31\ArduinoCore\Debug\libArduinoCore.a(Print.o)
                0x0000258a                _ZN5Print11printNumberEmh
 .text._ZN5Print5printEli
                0x0000262e       0x8e I:\atmel studio\led2\ArduinoSketch31\ArduinoSketch31\ArduinoCore\Debug\libArduinoCore.a(Print.o)
                0x0000262e                _ZN5Print5printEli
 .text._ZN5Print7printlnEii
                0x000026bc       0x2a I:\atmel studio\led2\ArduinoSketch31\ArduinoSketch31\ArduinoCore\Debug\libArduinoCore.a(Print.o)
                0x000026bc                _ZN5Print7printlnEii
 .text._ZN5Print5printEmi
                0x000026e6       0x18 I:\atmel studio\led2\ArduinoSketch31\ArduinoSketch31\ArduinoCore\Debug\libArduinoCore.a(Print.o)
                0x000026e6                _ZN5Print5printEmi
 .text._ZN5Print7printlnEmi
                0x000026fe       0x20 I:\atmel studio\led2\ArduinoSketch31\ArduinoSketch31\ArduinoCore\Debug\libArduinoCore.a(Print.o)
                0x000026fe                _ZN5Print7printlnEmi
 .text._ZN5Print10printFloatEdh
                0x0000271e      0x19c I:\atmel studio\led2\ArduinoSketch31\ArduinoSketch31\ArduinoCore\Debug\libArduinoCore.a(Print.o)
                0x0000271e                _ZN5Print10printFloatEdh
 .text._ZN5Print5printEdi
                0x000028ba        0x2 I:\atmel studio\led2\ArduinoSketch31\ArduinoSketch31\ArduinoCore\Debug\libArduinoCore.a(Print.o)
                0x000028ba                _ZN5Print5printEdi
 .text.__vector_16
                0x000028bc       0x94 I:\atmel studio\led2\ArduinoSketch31\ArduinoSketch31\ArduinoCore\Debug\libArduinoCore.a(wiring.o)
                0x000028bc                __vector_16
 .text.millis   0x00002950       0x18 I:\atmel studio\led2\ArduinoSketch31\ArduinoSketch31\ArduinoCore\Debug\libArduinoCore.a(wiring.o)
                0x00002950                millis
 .text.micros   0x00002968       0x4a I:\atmel studio\led2\ArduinoSketch31\ArduinoSketch31\ArduinoCore\Debug\libArduinoCore.a(wiring.o)
                0x00002968                micros
 .text.delay    0x000029b2       0x72 I:\atmel studio\led2\ArduinoSketch31\ArduinoSketch31\ArduinoCore\Debug\libArduinoCore.a(wiring.o)
                0x000029b2                delay
 .text.init     0x00002a24       0x76 I:\atmel studio\led2\ArduinoSketch31\ArduinoSketch31\ArduinoCore\Debug\libArduinoCore.a(wiring.o)
                0x00002a24                init
 .text.turnOffPWM
                0x00002a9a       0x52 I:\atmel studio\led2\ArduinoSketch31\ArduinoSketch31\ArduinoCore\Debug\libArduinoCore.a(wiring_digital.o)
 .text.pinMode  0x00002aec       0x78 I:\atmel studio\led2\ArduinoSketch31\ArduinoSketch31\ArduinoCore\Debug\libArduinoCore.a(wiring_digital.o)
                0x00002aec                pinMode
 .text.digitalWrite
                0x00002b64       0x5e I:\atmel studio\led2\ArduinoSketch31\ArduinoSketch31\ArduinoCore\Debug\libArduinoCore.a(wiring_digital.o)
                0x00002b64                digitalWrite
 .text._ZNK6String14StringIfHelperEv
                0x00002bc2        0x2 I:\atmel studio\led2\ArduinoSketch31\ArduinoSketch31\ArduinoCore\Debug\libArduinoCore.a(WString.o)
                0x00002bc2                _ZNK6String14StringIfHelperEv
 .text._ZN6StringD2Ev
                0x00002bc4        0x8 I:\atmel studio\led2\ArduinoSketch31\ArduinoSketch31\ArduinoCore\Debug\libArduinoCore.a(WString.o)
                0x00002bc4                _ZN6StringD2Ev
                0x00002bc4                _ZN6StringD1Ev
 .text._ZN6String10invalidateEv
                0x00002bcc       0x22 I:\atmel studio\led2\ArduinoSketch31\ArduinoSketch31\ArduinoCore\Debug\libArduinoCore.a(WString.o)
                0x00002bcc                _ZN6String10invalidateEv
 .text._ZN6String12changeBufferEj
                0x00002bee       0x32 I:\atmel studio\led2\ArduinoSketch31\ArduinoSketch31\ArduinoCore\Debug\libArduinoCore.a(WString.o)
                0x00002bee                _ZN6String12changeBufferEj
 .text._ZN6String7reserveEj
                0x00002c20       0x36 I:\atmel studio\led2\ArduinoSketch31\ArduinoSketch31\ArduinoCore\Debug\libArduinoCore.a(WString.o)
                0x00002c20                _ZN6String7reserveEj
 .text._ZN6String4copyEPKcj
                0x00002c56       0x3c I:\atmel studio\led2\ArduinoSketch31\ArduinoSketch31\ArduinoCore\Debug\libArduinoCore.a(WString.o)
                0x00002c56                _ZN6String4copyEPKcj
 .text._ZN6StringC2EPKc
                0x00002c92       0x28 I:\atmel studio\led2\ArduinoSketch31\ArduinoSketch31\ArduinoCore\Debug\libArduinoCore.a(WString.o)
                0x00002c92                _ZN6StringC2EPKc
                0x00002c92                _ZN6StringC1EPKc
 .text._ZN6String4moveERS_
                0x00002cba       0x76 I:\atmel studio\led2\ArduinoSketch31\ArduinoSketch31\ArduinoCore\Debug\libArduinoCore.a(WString.o)
                0x00002cba                _ZN6String4moveERS_
 .text._ZN6StringaSERKS_
                0x00002d30       0x2a I:\atmel studio\led2\ArduinoSketch31\ArduinoSketch31\ArduinoCore\Debug\libArduinoCore.a(WString.o)
                0x00002d30                _ZN6StringaSERKS_
 .text._ZN6StringC2ERKS_
                0x00002d5a       0x10 I:\atmel studio\led2\ArduinoSketch31\ArduinoSketch31\ArduinoCore\Debug\libArduinoCore.a(WString.o)
                0x00002d5a                _ZN6StringC2ERKS_
                0x00002d5a                _ZN6StringC1ERKS_
 .text._ZN6StringaSEOS_
                0x00002d6a       0x16 I:\atmel studio\led2\ArduinoSketch31\ArduinoSketch31\ArduinoCore\Debug\libArduinoCore.a(WString.o)
                0x00002d6a                _ZN6StringaSEOS_
 .text._ZN6StringaSEPKc
                0x00002d80       0x2a I:\atmel studio\led2\ArduinoSketch31\ArduinoSketch31\ArduinoCore\Debug\libArduinoCore.a(WString.o)
                0x00002d80                _ZN6StringaSEPKc
 .text._ZN6String6concatEPKcj
                0x00002daa       0x58 I:\atmel studio\led2\ArduinoSketch31\ArduinoSketch31\ArduinoCore\Debug\libArduinoCore.a(WString.o)
                0x00002daa                _ZN6String6concatEPKcj
 .text._ZN6String6concatERKS_
                0x00002e02        0xc I:\atmel studio\led2\ArduinoSketch31\ArduinoSketch31\ArduinoCore\Debug\libArduinoCore.a(WString.o)
                0x00002e02                _ZN6String6concatERKS_
 .text._ZN6String6concatEPKc
                0x00002e0e       0x1c I:\atmel studio\led2\ArduinoSketch31\ArduinoSketch31\ArduinoCore\Debug\libArduinoCore.a(WString.o)
                0x00002e0e                _ZN6String6concatEPKc
 .text._ZN6String6concatEc
                0x00002e2a       0x24 I:\atmel studio\led2\ArduinoSketch31\ArduinoSketch31\ArduinoCore\Debug\libArduinoCore.a(WString.o)
                0x00002e2a                _ZN6String6concatEc
 .text._ZN6String6concatEm
                0x00002e4e       0x5e I:\atmel studio\led2\ArduinoSketch31\ArduinoSketch31\ArduinoCore\Debug\libArduinoCore.a(WString.o)
                0x00002e4e                _ZN6String6concatEm
 .text._ZNK6String7indexOfERKS_j
                0x00002eac       0x38 I:\atmel studio\led2\ArduinoSketch31\ArduinoSketch31\ArduinoCore\Debug\libArduinoCore.a(WString.o)
                0x00002eac                _ZNK6String7indexOfERKS_j
 .text._ZNK6String7indexOfERKS_
                0x00002ee4        0x6 I:\atmel studio\led2\ArduinoSketch31\ArduinoSketch31\ArduinoCore\Debug\libArduinoCore.a(WString.o)
                0x00002ee4                _ZNK6String7indexOfERKS_
 .text._ZNK6String9substringEjj
                0x00002eea       0x88 I:\atmel studio\led2\ArduinoSketch31\ArduinoSketch31\ArduinoCore\Debug\libArduinoCore.a(WString.o)
                0x00002eea                _ZNK6String9substringEjj
 .text._ZN6String11toUpperCaseEv
                0x00002f72       0x22 I:\atmel studio\led2\ArduinoSketch31\ArduinoSketch31\ArduinoCore\Debug\libArduinoCore.a(WString.o)
                0x00002f72                _ZN6String11toUpperCaseEv
 .text._ZNK6String8toDoubleEv
                0x00002f94       0x14 I:\atmel studio\led2\ArduinoSketch31\ArduinoSketch31\ArduinoCore\Debug\libArduinoCore.a(WString.o)
                0x00002f94                _ZNK6String8toDoubleEv
 .text.__empty  0x00002fa8        0x2 I:\atmel studio\led2\ArduinoSketch31\ArduinoSketch31\ArduinoCore\Debug\libArduinoCore.a(hooks.o)
                0x00002fa8                yield
 .text.avr-libc.fplib
                0x00002faa        0x8 c:/program files (x86)/atmel/studio/7.0/toolchain/avr8/avr8-gnu-toolchain/bin/../lib/gcc/avr/4.9.2/../../../../avr/lib/avr5\libm.a(cmpsf2.o)
                0x00002faa                __nesf2
                0x00002faa                __eqsf2
                0x00002faa                __cmpsf2
                0x00002faa                __ltsf2
                0x00002faa                __lesf2
 .text.avr-libc.fplib
                0x00002fb2       0x48 c:/program files (x86)/atmel/studio/7.0/toolchain/avr8/avr8-gnu-toolchain/bin/../lib/gcc/avr/4.9.2/../../../../avr/lib/avr5\libm.a(fp_cmp.o)
                0x00002fb2                __fp_cmp
 .text.avr-libc.fplib
                0x00002ffa        0x8 c:/program files (x86)/atmel/studio/7.0/toolchain/avr8/avr8-gnu-toolchain/bin/../lib/gcc/avr/4.9.2/../../../../avr/lib/avr5\libm.a(gesf2.o)
                0x00002ffa                __gesf2
                0x00002ffa                __gtsf2
 .text.avr-libc.fplib
                0x00003002        0x8 c:/program files (x86)/atmel/studio/7.0/toolchain/avr8/avr8-gnu-toolchain/bin/../lib/gcc/avr/4.9.2/../../../../avr/lib/avr5\libm.a(unordsf2.o)
                0x00003002                __unordsf2
 .text.libgcc.div
                0x0000300a       0x26 c:/program files (x86)/atmel/studio/7.0/toolchain/avr8/avr8-gnu-toolchain/bin/../lib/gcc/avr/4.9.2/avr5\libgcc.a(_divmodhi4.o)
                0x0000300a                _div
                0x0000300a                __divmodhi4
 .text.libgcc.div
                0x00003030       0x44 c:/program files (x86)/atmel/studio/7.0/toolchain/avr8/avr8-gnu-toolchain/bin/../lib/gcc/avr/4.9.2/avr5\libgcc.a(_udivmodsi4.o)
                0x00003030                __udivmodsi4
 .text.libgcc.div
                0x00003074       0x28 c:/program files (x86)/atmel/studio/7.0/toolchain/avr8/avr8-gnu-toolchain/bin/../lib/gcc/avr/4.9.2/avr5\libgcc.a(_divmodsi4.o)
                0x00003074                __divmodsi4
 .text.libgcc.div
                0x0000309c       0x10 c:/program files (x86)/atmel/studio/7.0/toolchain/avr8/avr8-gnu-toolchain/bin/../lib/gcc/avr/4.9.2/avr5\libgcc.a(_negsi2.o)
                0x0000309c                __negsi2
 .text.libgcc.mul
                0x000030ac       0x1e c:/program files (x86)/atmel/studio/7.0/toolchain/avr8/avr8-gnu-toolchain/bin/../lib/gcc/avr/4.9.2/avr5\libgcc.a(_umulhisi3.o)
                0x000030ac                __umulhisi3
 .text.libgcc.div
                0x000030ca       0x28 c:/program files (x86)/atmel/studio/7.0/toolchain/avr8/avr8-gnu-toolchain/bin/../lib/gcc/avr/4.9.2/avr5\libgcc.a(_udivmodhi4.o)
                0x000030ca                __udivmodhi4
 .text.libgcc   0x000030f2        0xc c:/program files (x86)/atmel/studio/7.0/toolchain/avr8/avr8-gnu-toolchain/bin/../lib/gcc/avr/4.9.2/avr5\libgcc.a(_tablejump2.o)
                0x000030f2                __tablejump2__
 .text.avr-libc
                0x000030fe      0x25a c:/program files (x86)/atmel/studio/7.0/toolchain/avr8/avr8-gnu-toolchain/bin/../lib/gcc/avr/4.9.2/../../../../avr/lib/avr5\libc.a(malloc.o)
                0x000030fe                malloc
                0x00003228                free
 .text.avr-libc
                0x00003358      0x186 c:/program files (x86)/atmel/studio/7.0/toolchain/avr8/avr8-gnu-toolchain/bin/../lib/gcc/avr/4.9.2/../../../../avr/lib/avr5\libc.a(realloc.o)
                0x00003358                realloc
 .text.avr-libc
                0x000034de        0x6 c:/program files (x86)/atmel/studio/7.0/toolchain/avr8/avr8-gnu-toolchain/bin/../lib/gcc/avr/4.9.2/../../../../avr/lib/avr5\libc.a(atof.o)
                0x000034de                atof
 .text.avr-libc
                0x000034e4       0x10 c:/program files (x86)/atmel/studio/7.0/toolchain/avr8/avr8-gnu-toolchain/bin/../lib/gcc/avr/4.9.2/../../../../avr/lib/avr5\libc.a(isspace.o)
                0x000034e4                isspace
 .text.avr-libc
                0x000034f4       0x10 c:/program files (x86)/atmel/studio/7.0/toolchain/avr8/avr8-gnu-toolchain/bin/../lib/gcc/avr/4.9.2/../../../../avr/lib/avr5\libc.a(toupper.o)
                0x000034f4                toupper
 .text.avr-libc
                0x00003504       0x12 c:/program files (x86)/atmel/studio/7.0/toolchain/avr8/avr8-gnu-toolchain/bin/../lib/gcc/avr/4.9.2/../../../../avr/lib/avr5\libc.a(memcpy.o)
                0x00003504                memcpy
 .text.avr-libc
                0x00003516        0xe c:/program files (x86)/atmel/studio/7.0/toolchain/avr8/avr8-gnu-toolchain/bin/../lib/gcc/avr/4.9.2/../../../../avr/lib/avr5\libc.a(strcpy.o)
                0x00003516                strcpy
 .text.avr-libc
                0x00003524       0x34 c:/program files (x86)/atmel/studio/7.0/toolchain/avr8/avr8-gnu-toolchain/bin/../lib/gcc/avr/4.9.2/../../../../avr/lib/avr5\libc.a(strstr.o)
                0x00003524                strstr
 .text.avr-libc
                0x00003558       0x42 c:/program files (x86)/atmel/studio/7.0/toolchain/avr8/avr8-gnu-toolchain/bin/../lib/gcc/avr/4.9.2/../../../../avr/lib/avr5\libc.a(ultoa_ncheck.o)
                0x00003558                __ultoa_ncheck
                0x0000355a                __ultoa_common
 .text.avr-libc
                0x0000359a      0x2a8 c:/program files (x86)/atmel/studio/7.0/toolchain/avr8/avr8-gnu-toolchain/bin/../lib/gcc/avr/4.9.2/../../../../avr/lib/avr5\libc.a(strtod.o)
                0x0000359a                strtod
 .text.avr-libc
                0x00003842        0x6 c:/program files (x86)/atmel/studio/7.0/toolchain/avr8/avr8-gnu-toolchain/bin/../lib/gcc/avr/4.9.2/../../../../avr/lib/avr5\libc.a(cty_isfalse.o)
                0x00003842                __ctype_isfalse
                0x00003846                __ctype_istrue
 .text.avr-libc
                0x00003848       0x30 c:/program files (x86)/atmel/studio/7.0/toolchain/avr8/avr8-gnu-toolchain/bin/../lib/gcc/avr/4.9.2/../../../../avr/lib/avr5\libc.a(strncasecmp_P.o)
                0x00003848                strncasecmp_P
 .text.avr-libc
                0x00003878       0x20 c:/program files (x86)/atmel/studio/7.0/toolchain/avr8/avr8-gnu-toolchain/bin/../lib/gcc/avr/4.9.2/../../../../avr/lib/avr5\libc.a(strrev.o)
                0x00003878                strrev
 .text.libgcc.mul
                0x00003898       0x14 c:/program files (x86)/atmel/studio/7.0/toolchain/avr8/avr8-gnu-toolchain/bin/../lib/gcc/avr/4.9.2/avr5\libgcc.a(_muluhisi3.o)
                0x00003898                __muluhisi3
 .text.libgcc.prologue
                0x000038ac       0x38 c:/program files (x86)/atmel/studio/7.0/toolchain/avr8/avr8-gnu-toolchain/bin/../lib/gcc/avr/4.9.2/avr5\libgcc.a(_prologue.o)
                0x000038ac                __prologue_saves__
 .text.libgcc.prologue
                0x000038e4       0x36 c:/program files (x86)/atmel/studio/7.0/toolchain/avr8/avr8-gnu-toolchain/bin/../lib/gcc/avr/4.9.2/avr5\libgcc.a(_epilogue.o)
                0x000038e4                __epilogue_restores__
                0x0000391a                . = ALIGN (0x2)
 *(.fini9)
 .fini9         0x0000391a        0x0 c:/program files (x86)/atmel/studio/7.0/toolchain/avr8/avr8-gnu-toolchain/bin/../lib/gcc/avr/4.9.2/avr5\libgcc.a(_exit.o)
                0x0000391a                _exit
                0x0000391a                exit
 *(.fini9)
 *(.fini8)
 *(.fini8)
 *(.fini7)
 *(.fini7)
 *(.fini6)
 .fini6         0x0000391a       0x14 c:/program files (x86)/atmel/studio/7.0/toolchain/avr8/avr8-gnu-toolchain/bin/../lib/gcc/avr/4.9.2/avr5\libgcc.a(_dtors.o)
                0x0000391a                __do_global_dtors
 *(.fini6)
 *(.fini5)
 *(.fini5)
 *(.fini4)
 *(.fini4)
 *(.fini3)
 *(.fini3)
 *(.fini2)
 *(.fini2)
 *(.fini1)
 *(.fini1)
 *(.fini0)
 .fini0         0x0000392e        0x4 c:/program files (x86)/atmel/studio/7.0/toolchain/avr8/avr8-gnu-toolchain/bin/../lib/gcc/avr/4.9.2/avr5\libgcc.a(_exit.o)
 *(.fini0)
                0x00003932                _etext = .

.data           0x00800100       0xb2 load address 0x00003932
                0x00800100                PROVIDE (__data_start, .)
 *(.data)
 .data          0x00800100        0x6 c:/program files (x86)/atmel/studio/7.0/toolchain/avr8/avr8-gnu-toolchain/bin/../lib/gcc/avr/4.9.2/../../../../avr/lib/avr5\libc.a(malloc.o)
                0x00800100                __malloc_heap_end
                0x00800102                __malloc_heap_start
                0x00800104                __malloc_margin
 *(.data*)
 *(.rodata)
 *(.rodata*)
 .rodata.str1.1
                0x00800106       0x41 ComwithDisplay.o
                                 0x44 (size before relaxing)
 .rodata.str1.1
                0x00800147       0x1a ComwithMotor.o
 .rodata.str1.1
                0x00800161        0x6 ComwithRC.o
                                  0xa (size before relaxing)
 .rodata.str1.1
                0x00800167        0x6 Sketch.o
                                  0x7 (size before relaxing)
 .rodata._ZTV14SoftwareSerial
                0x0080016d       0x12 src/libraries/SoftwareSerial/src/SoftwareSerial.o
                0x0080016d                _ZTV14SoftwareSerial
 .rodata._ZTV7TwoWire
                0x0080017f       0x12 src/libraries/Wire/src/Wire.o
                0x0080017f                _ZTV7TwoWire
 .rodata._ZTV14HardwareSerial
                0x00800191       0x12 I:\atmel studio\led2\ArduinoSketch31\ArduinoSketch31\ArduinoCore\Debug\libArduinoCore.a(HardwareSerial.o)
                0x00800191                _ZTV14HardwareSerial
 .rodata.str1.1
                0x008001a3        0xf I:\atmel studio\led2\ArduinoSketch31\ArduinoSketch31\ArduinoCore\Debug\libArduinoCore.a(Print.o)
 .rodata.str1.1
                0x008001b2        0x1 I:\atmel studio\led2\ArduinoSketch31\ArduinoSketch31\ArduinoCore\Debug\libArduinoCore.a(WString.o)
 *(.gnu.linkonce.d*)
                0x008001b4                . = ALIGN (0x2)
                0x008001b4                _edata = .
                0x008001b4                PROVIDE (__data_end, .)

.bss            0x008001b2      0x251
                0x008001b2                PROVIDE (__bss_start, .)
 *(.bss)
 *(.bss*)
 .bss.mySerial  0x008001b2       0x1f ComwithDisplay.o
                0x008001b2                mySerial
 .bss.refresh_cout
                0x008001d1        0x2 Sketch.o
                0x008001d1                refresh_cout
 .bss.main_str  0x008001d3        0x6 Sketch.o
                0x008001d3                main_str
 .bss.str1      0x008001d9        0x6 Sketch.o
                0x008001d9                str1
 .bss.angular_vel_z
                0x008001df        0x4 Sketch.o
                0x008001df                angular_vel_z
 .bss.linear_vel_y
                0x008001e3        0x4 Sketch.o
                0x008001e3                linear_vel_y
 .bss.linear_vel_x
                0x008001e7        0x4 Sketch.o
                0x008001e7                linear_vel_x
 .bss.kin       0x008001eb       0x2e Sketch.o
                0x008001eb                kin
 .bss.CD        0x00800219        0x1 Sketch.o
                0x00800219                CD
 .bss.RC        0x0080021a       0x18 Sketch.o
                0x0080021a                RC
 .bss.CM        0x00800232       0x21 Sketch.o
                0x00800232                CM
 .bss._ZN14SoftwareSerial20_receive_buffer_headE
                0x00800253        0x1 src/libraries/SoftwareSerial/src/SoftwareSerial.o
                0x00800253                _ZN14SoftwareSerial20_receive_buffer_headE
 .bss._ZN14SoftwareSerial20_receive_buffer_tailE
                0x00800254        0x1 src/libraries/SoftwareSerial/src/SoftwareSerial.o
                0x00800254                _ZN14SoftwareSerial20_receive_buffer_tailE
 .bss._ZN14SoftwareSerial15_receive_bufferE
                0x00800255       0x40 src/libraries/SoftwareSerial/src/SoftwareSerial.o
                0x00800255                _ZN14SoftwareSerial15_receive_bufferE
 .bss._ZN14SoftwareSerial13active_objectE
                0x00800295        0x2 src/libraries/SoftwareSerial/src/SoftwareSerial.o
                0x00800295                _ZN14SoftwareSerial13active_objectE
 .bss.twi_error
                0x00800297        0x1 src/libraries/Wire/src/utility/twi.o
 .bss.twi_rxBufferIndex
                0x00800298        0x1 src/libraries/Wire/src/utility/twi.o
 .bss.twi_rxBuffer
                0x00800299       0x20 src/libraries/Wire/src/utility/twi.o
 .bss.twi_txBufferLength
                0x008002b9        0x1 src/libraries/Wire/src/utility/twi.o
 .bss.twi_txBufferIndex
                0x008002ba        0x1 src/libraries/Wire/src/utility/twi.o
 .bss.twi_txBuffer
                0x008002bb       0x20 src/libraries/Wire/src/utility/twi.o
 .bss.twi_masterBufferLength
                0x008002db        0x1 src/libraries/Wire/src/utility/twi.o
 .bss.twi_masterBufferIndex
                0x008002dc        0x1 src/libraries/Wire/src/utility/twi.o
 .bss.twi_masterBuffer
                0x008002dd       0x20 src/libraries/Wire/src/utility/twi.o
 .bss.twi_onSlaveReceive
                0x008002fd        0x2 src/libraries/Wire/src/utility/twi.o
 .bss.twi_onSlaveTransmit
                0x008002ff        0x2 src/libraries/Wire/src/utility/twi.o
 .bss.twi_inRepStart
                0x00800301        0x1 src/libraries/Wire/src/utility/twi.o
 .bss.twi_sendStop
                0x00800302        0x1 src/libraries/Wire/src/utility/twi.o
 .bss.twi_slarw
                0x00800303        0x1 src/libraries/Wire/src/utility/twi.o
 .bss.twi_state
                0x00800304        0x1 src/libraries/Wire/src/utility/twi.o
 .bss.Wire      0x00800305        0xc src/libraries/Wire/src/Wire.o
                0x00800305                Wire
 .bss._ZN7TwoWire12transmittingE
                0x00800311        0x1 src/libraries/Wire/src/Wire.o
                0x00800311                _ZN7TwoWire12transmittingE
 .bss._ZN7TwoWire14txBufferLengthE
                0x00800312        0x1 src/libraries/Wire/src/Wire.o
                0x00800312                _ZN7TwoWire14txBufferLengthE
 .bss._ZN7TwoWire13txBufferIndexE
                0x00800313        0x1 src/libraries/Wire/src/Wire.o
                0x00800313                _ZN7TwoWire13txBufferIndexE
 .bss._ZN7TwoWire8txBufferE
                0x00800314       0x20 src/libraries/Wire/src/Wire.o
                0x00800314                _ZN7TwoWire8txBufferE
 .bss._ZN7TwoWire9txAddressE
                0x00800334        0x1 src/libraries/Wire/src/Wire.o
                0x00800334                _ZN7TwoWire9txAddressE
 .bss._ZN7TwoWire14rxBufferLengthE
                0x00800335        0x1 src/libraries/Wire/src/Wire.o
                0x00800335                _ZN7TwoWire14rxBufferLengthE
 .bss._ZN7TwoWire13rxBufferIndexE
                0x00800336        0x1 src/libraries/Wire/src/Wire.o
                0x00800336                _ZN7TwoWire13rxBufferIndexE
 .bss._ZN7TwoWire8rxBufferE
                0x00800337       0x20 src/libraries/Wire/src/Wire.o
                0x00800337                _ZN7TwoWire8rxBufferE
 .bss.Serial    0x00800357       0x9d I:\atmel studio\led2\ArduinoSketch31\ArduinoSketch31\ArduinoCore\Debug\libArduinoCore.a(HardwareSerial0.o)
                0x00800357                Serial
 .bss.timer0_fract
                0x008003f4        0x1 I:\atmel studio\led2\ArduinoSketch31\ArduinoSketch31\ArduinoCore\Debug\libArduinoCore.a(wiring.o)
 .bss.timer0_millis
                0x008003f5        0x4 I:\atmel studio\led2\ArduinoSketch31\ArduinoSketch31\ArduinoCore\Debug\libArduinoCore.a(wiring.o)
                0x008003f5                timer0_millis
 .bss.timer0_overflow_count
                0x008003f9        0x4 I:\atmel studio\led2\ArduinoSketch31\ArduinoSketch31\ArduinoCore\Debug\libArduinoCore.a(wiring.o)
                0x008003f9                timer0_overflow_count
 *(COMMON)
 COMMON         0x008003fd        0x4 c:/program files (x86)/atmel/studio/7.0/toolchain/avr8/avr8-gnu-toolchain/bin/../lib/gcc/avr/4.9.2/../../../../avr/lib/avr5\libc.a(malloc.o)
                0x008003fd                __brkval
                0x008003ff                __flp
 COMMON         0x00800401        0x2 c:/program files (x86)/atmel/studio/7.0/toolchain/avr8/avr8-gnu-toolchain/bin/../lib/gcc/avr/4.9.2/../../../../avr/lib/avr5\libc.a(errno.o)
                0x00800401                errno
                0x00800403                PROVIDE (__bss_end, .)
                0x00003932                __data_load_start = LOADADDR (.data)
                0x000039e4                __data_load_end = (__data_load_start + SIZEOF (.data))

.noinit         0x00800403        0x0
                [!provide]                PROVIDE (__noinit_start, .)
 *(.noinit*)
                [!provide]                PROVIDE (__noinit_end, .)
                0x00800403                _end = .
                0x00800403                PROVIDE (__heap_start, .)

.eeprom         0x00810000        0x0
 *(.eeprom*)
                0x00810000                __eeprom_end = .

.fuse
 *(.fuse)
 *(.lfuse)
 *(.hfuse)
 *(.efuse)

.lock
 *(.lock*)

.signature
 *(.signature*)

.user_signatures
 *(.user_signatures*)

.stab
 *(.stab)

.stabstr
 *(.stabstr)

.stab.excl
 *(.stab.excl)

.stab.exclstr
 *(.stab.exclstr)

.stab.index
 *(.stab.index)

.stab.indexstr
 *(.stab.indexstr)

.comment        0x00000000       0x5c
 *(.comment)
 .comment       0x00000000       0x30 ComwithDisplay.o
                                 0x31 (size before relaxing)
 .comment       0x00000030       0x31 ComwithMotor.o
 .comment       0x00000030       0x31 ComwithRC.o
 .comment       0x00000030       0x31 DisplayBuff.o
 .comment       0x00000030       0x31 Kinematics.o
 .comment       0x00000030       0x31 Sketch.o
 .comment       0x00000030       0x31 src/libraries/SoftwareSerial/src/SoftwareSerial.o
 .comment       0x00000030       0x31 src/libraries/Wire/src/utility/twi.o
 .comment       0x00000030       0x31 src/libraries/Wire/src/Wire.o
 .comment       0x00000030       0x31 I:\atmel studio\led2\ArduinoSketch31\ArduinoSketch31\ArduinoCore\Debug\libArduinoCore.a(HardwareSerial.o)
 .comment       0x00000030       0x31 I:\atmel studio\led2\ArduinoSketch31\ArduinoSketch31\ArduinoCore\Debug\libArduinoCore.a(HardwareSerial0.o)
 .comment       0x00000030       0x31 I:\atmel studio\led2\ArduinoSketch31\ArduinoSketch31\ArduinoCore\Debug\libArduinoCore.a(main.o)
 .comment       0x00000030       0x31 I:\atmel studio\led2\ArduinoSketch31\ArduinoSketch31\ArduinoCore\Debug\libArduinoCore.a(Print.o)
 .comment       0x00000030       0x31 I:\atmel studio\led2\ArduinoSketch31\ArduinoSketch31\ArduinoCore\Debug\libArduinoCore.a(wiring.o)
 .comment       0x00000030       0x31 I:\atmel studio\led2\ArduinoSketch31\ArduinoSketch31\ArduinoCore\Debug\libArduinoCore.a(wiring_digital.o)
 .comment       0x00000030       0x31 I:\atmel studio\led2\ArduinoSketch31\ArduinoSketch31\ArduinoCore\Debug\libArduinoCore.a(WString.o)
 .comment       0x00000030       0x31 I:\atmel studio\led2\ArduinoSketch31\ArduinoSketch31\ArduinoCore\Debug\libArduinoCore.a(hooks.o)
 .comment       0x00000030       0x31 c:/program files (x86)/atmel/studio/7.0/toolchain/avr8/avr8-gnu-toolchain/bin/../lib/gcc/avr/4.9.2/../../../../avr/lib/avr5\libc.a(malloc.o)
 .comment       0x00000030       0x31 c:/program files (x86)/atmel/studio/7.0/toolchain/avr8/avr8-gnu-toolchain/bin/../lib/gcc/avr/4.9.2/../../../../avr/lib/avr5\libc.a(realloc.o)
 .comment       0x00000030       0x31 c:/program files (x86)/atmel/studio/7.0/toolchain/avr8/avr8-gnu-toolchain/bin/../lib/gcc/avr/4.9.2/../../../../avr/lib/avr5\libc.a(strtod.o)
 .comment       0x00000030       0x2c c:/program files (x86)/atmel/studio/7.0/toolchain/avr8/avr8-gnu-toolchain/bin/../lib/gcc/avr/4.9.2/../../../../avr/lib/avr5\libc.a(errno.o)
                                 0x2d (size before relaxing)

.note.gnu.avr.deviceinfo
                0x00000000       0x40
 .note.gnu.avr.deviceinfo
                0x00000000       0x40 C:/Program Files (x86)/Atmel/Studio/7.0/Packs/atmel/ATmega_DFP/1.0.106/gcc/dev/atmega328p/avr5/crtatmega328p.o

.note.gnu.build-id
 *(.note.gnu.build-id)

.debug
 *(.debug)

.line
 *(.line)

.debug_srcinfo
 *(.debug_srcinfo)

.debug_sfnames
 *(.debug_sfnames)

.debug_aranges  0x00000000      0x930
 *(.debug_aranges)
 .debug_aranges
                0x00000000       0x60 ComwithDisplay.o
 .debug_aranges
                0x00000060       0x80 ComwithMotor.o
 .debug_aranges
                0x000000e0       0x28 ComwithRC.o
 .debug_aranges
                0x00000108       0x40 DisplayBuff.o
 .debug_aranges
                0x00000148       0x48 Kinematics.o
 .debug_aranges
                0x00000190       0x40 Sketch.o
 .debug_aranges
                0x000001d0       0xa8 src/libraries/SoftwareSerial/src/SoftwareSerial.o
 .debug_aranges
                0x00000278       0x80 src/libraries/Wire/src/utility/twi.o
 .debug_aranges
                0x000002f8       0xf8 src/libraries/Wire/src/Wire.o
 .debug_aranges
                0x000003f0       0x68 I:\atmel studio\led2\ArduinoSketch31\ArduinoSketch31\ArduinoCore\Debug\libArduinoCore.a(HardwareSerial.o)
 .debug_aranges
                0x00000458       0x48 I:\atmel studio\led2\ArduinoSketch31\ArduinoSketch31\ArduinoCore\Debug\libArduinoCore.a(HardwareSerial0.o)
 .debug_aranges
                0x000004a0       0x38 I:\atmel studio\led2\ArduinoSketch31\ArduinoSketch31\ArduinoCore\Debug\libArduinoCore.a(main.o)
 .debug_aranges
                0x000004d8      0x100 I:\atmel studio\led2\ArduinoSketch31\ArduinoSketch31\ArduinoCore\Debug\libArduinoCore.a(Print.o)
 .debug_aranges
                0x000005d8       0x48 I:\atmel studio\led2\ArduinoSketch31\ArduinoSketch31\ArduinoCore\Debug\libArduinoCore.a(wiring.o)
 .debug_aranges
                0x00000620       0x38 I:\atmel studio\led2\ArduinoSketch31\ArduinoSketch31\ArduinoCore\Debug\libArduinoCore.a(wiring_digital.o)
 .debug_aranges
                0x00000658      0x2b8 I:\atmel studio\led2\ArduinoSketch31\ArduinoSketch31\ArduinoCore\Debug\libArduinoCore.a(WString.o)
 .debug_aranges
                0x00000910       0x20 I:\atmel studio\led2\ArduinoSketch31\ArduinoSketch31\ArduinoCore\Debug\libArduinoCore.a(hooks.o)

.debug_pubnames
 *(.debug_pubnames)

.debug_info     0x00000000    0x188a6
 *(.debug_info .gnu.linkonce.wi.*)
 .debug_info    0x00000000     0x1bd9 ComwithDisplay.o
 .debug_info    0x00001bd9      0xd50 ComwithMotor.o
 .debug_info    0x00002929     0x1725 ComwithRC.o
 .debug_info    0x0000404e     0x131e DisplayBuff.o
 .debug_info    0x0000536c      0x803 Kinematics.o
 .debug_info    0x00005b6f     0x2300 Sketch.o
 .debug_info    0x00007e6f     0x28a4 src/libraries/SoftwareSerial/src/SoftwareSerial.o
 .debug_info    0x0000a713      0x609 src/libraries/Wire/src/utility/twi.o
 .debug_info    0x0000ad1c     0x27c0 src/libraries/Wire/src/Wire.o
 .debug_info    0x0000d4dc     0x1e35 I:\atmel studio\led2\ArduinoSketch31\ArduinoSketch31\ArduinoCore\Debug\libArduinoCore.a(HardwareSerial.o)
 .debug_info    0x0000f311     0x1ac7 I:\atmel studio\led2\ArduinoSketch31\ArduinoSketch31\ArduinoCore\Debug\libArduinoCore.a(HardwareSerial0.o)
 .debug_info    0x00010dd8      0x231 I:\atmel studio\led2\ArduinoSketch31\ArduinoSketch31\ArduinoCore\Debug\libArduinoCore.a(main.o)
 .debug_info    0x00011009     0x2a7c I:\atmel studio\led2\ArduinoSketch31\ArduinoSketch31\ArduinoCore\Debug\libArduinoCore.a(Print.o)
 .debug_info    0x00013a85      0x2c8 I:\atmel studio\led2\ArduinoSketch31\ArduinoSketch31\ArduinoCore\Debug\libArduinoCore.a(wiring.o)
 .debug_info    0x00013d4d      0x5f9 I:\atmel studio\led2\ArduinoSketch31\ArduinoSketch31\ArduinoCore\Debug\libArduinoCore.a(wiring_digital.o)
 .debug_info    0x00014346     0x4522 I:\atmel studio\led2\ArduinoSketch31\ArduinoSketch31\ArduinoCore\Debug\libArduinoCore.a(WString.o)
 .debug_info    0x00018868       0x3e I:\atmel studio\led2\ArduinoSketch31\ArduinoSketch31\ArduinoCore\Debug\libArduinoCore.a(hooks.o)

.debug_abbrev   0x00000000     0x372d
 *(.debug_abbrev)
 .debug_abbrev  0x00000000      0x383 ComwithDisplay.o
 .debug_abbrev  0x00000383      0x2e9 ComwithMotor.o
 .debug_abbrev  0x0000066c      0x303 ComwithRC.o
 .debug_abbrev  0x0000096f      0x2ec DisplayBuff.o
 .debug_abbrev  0x00000c5b      0x224 Kinematics.o
 .debug_abbrev  0x00000e7f      0x4a2 Sketch.o
 .debug_abbrev  0x00001321      0x63a src/libraries/SoftwareSerial/src/SoftwareSerial.o
 .debug_abbrev  0x0000195b      0x25f src/libraries/Wire/src/utility/twi.o
 .debug_abbrev  0x00001bba      0x5c4 src/libraries/Wire/src/Wire.o
 .debug_abbrev  0x0000217e      0x478 I:\atmel studio\led2\ArduinoSketch31\ArduinoSketch31\ArduinoCore\Debug\libArduinoCore.a(HardwareSerial.o)
 .debug_abbrev  0x000025f6      0x3dd I:\atmel studio\led2\ArduinoSketch31\ArduinoSketch31\ArduinoCore\Debug\libArduinoCore.a(HardwareSerial0.o)
 .debug_abbrev  0x000029d3      0x109 I:\atmel studio\led2\ArduinoSketch31\ArduinoSketch31\ArduinoCore\Debug\libArduinoCore.a(main.o)
 .debug_abbrev  0x00002adc      0x498 I:\atmel studio\led2\ArduinoSketch31\ArduinoSketch31\ArduinoCore\Debug\libArduinoCore.a(Print.o)
 .debug_abbrev  0x00002f74      0x145 I:\atmel studio\led2\ArduinoSketch31\ArduinoSketch31\ArduinoCore\Debug\libArduinoCore.a(wiring.o)
 .debug_abbrev  0x000030b9      0x15b I:\atmel studio\led2\ArduinoSketch31\ArduinoSketch31\ArduinoCore\Debug\libArduinoCore.a(wiring_digital.o)
 .debug_abbrev  0x00003214      0x4ef I:\atmel studio\led2\ArduinoSketch31\ArduinoSketch31\ArduinoCore\Debug\libArduinoCore.a(WString.o)
 .debug_abbrev  0x00003703       0x2a I:\atmel studio\led2\ArduinoSketch31\ArduinoSketch31\ArduinoCore\Debug\libArduinoCore.a(hooks.o)

.debug_line     0x00000000     0x4b38
 *(.debug_line .debug_line.* .debug_line_end)
 .debug_line    0x00000000      0x2fc ComwithDisplay.o
 .debug_line    0x000002fc      0x43e ComwithMotor.o
 .debug_line    0x0000073a      0x1e4 ComwithRC.o
 .debug_line    0x0000091e      0x1d5 DisplayBuff.o
 .debug_line    0x00000af3      0x2a2 Kinematics.o
 .debug_line    0x00000d95      0x36f Sketch.o
 .debug_line    0x00001104      0x7f3 src/libraries/SoftwareSerial/src/SoftwareSerial.o
 .debug_line    0x000018f7      0x519 src/libraries/Wire/src/utility/twi.o
 .debug_line    0x00001e10      0x5e6 src/libraries/Wire/src/Wire.o
 .debug_line    0x000023f6      0x426 I:\atmel studio\led2\ArduinoSketch31\ArduinoSketch31\ArduinoCore\Debug\libArduinoCore.a(HardwareSerial.o)
 .debug_line    0x0000281c      0x28c I:\atmel studio\led2\ArduinoSketch31\ArduinoSketch31\ArduinoCore\Debug\libArduinoCore.a(HardwareSerial0.o)
 .debug_line    0x00002aa8      0x175 I:\atmel studio\led2\ArduinoSketch31\ArduinoSketch31\ArduinoCore\Debug\libArduinoCore.a(main.o)
 .debug_line    0x00002c1d      0x69b I:\atmel studio\led2\ArduinoSketch31\ArduinoSketch31\ArduinoCore\Debug\libArduinoCore.a(Print.o)
 .debug_line    0x000032b8      0x299 I:\atmel studio\led2\ArduinoSketch31\ArduinoSketch31\ArduinoCore\Debug\libArduinoCore.a(wiring.o)
 .debug_line    0x00003551      0x252 I:\atmel studio\led2\ArduinoSketch31\ArduinoSketch31\ArduinoCore\Debug\libArduinoCore.a(wiring_digital.o)
 .debug_line    0x000037a3     0x1354 I:\atmel studio\led2\ArduinoSketch31\ArduinoSketch31\ArduinoCore\Debug\libArduinoCore.a(WString.o)
 .debug_line    0x00004af7       0x41 I:\atmel studio\led2\ArduinoSketch31\ArduinoSketch31\ArduinoCore\Debug\libArduinoCore.a(hooks.o)

.debug_frame    0x00000000     0x1e80
 *(.debug_frame)
 .debug_frame   0x00000000      0x188 ComwithDisplay.o
 .debug_frame   0x00000188      0x1e8 ComwithMotor.o
 .debug_frame   0x00000370       0x84 ComwithRC.o
 .debug_frame   0x000003f4       0x64 DisplayBuff.o
 .debug_frame   0x00000458      0x200 Kinematics.o
 .debug_frame   0x00000658       0xdc Sketch.o
 .debug_frame   0x00000734      0x1d4 src/libraries/SoftwareSerial/src/SoftwareSerial.o
 .debug_frame   0x00000908      0x134 src/libraries/Wire/src/utility/twi.o
 .debug_frame   0x00000a3c      0x278 src/libraries/Wire/src/Wire.o
 .debug_frame   0x00000cb4      0x110 I:\atmel studio\led2\ArduinoSketch31\ArduinoSketch31\ArduinoCore\Debug\libArduinoCore.a(HardwareSerial.o)
 .debug_frame   0x00000dc4       0xe0 I:\atmel studio\led2\ArduinoSketch31\ArduinoSketch31\ArduinoCore\Debug\libArduinoCore.a(HardwareSerial0.o)
 .debug_frame   0x00000ea4       0x54 I:\atmel studio\led2\ArduinoSketch31\ArduinoSketch31\ArduinoCore\Debug\libArduinoCore.a(main.o)
 .debug_frame   0x00000ef8      0x3bc I:\atmel studio\led2\ArduinoSketch31\ArduinoSketch31\ArduinoCore\Debug\libArduinoCore.a(Print.o)
 .debug_frame   0x000012b4       0xc4 I:\atmel studio\led2\ArduinoSketch31\ArduinoSketch31\ArduinoCore\Debug\libArduinoCore.a(wiring.o)
 .debug_frame   0x00001378       0x7c I:\atmel studio\led2\ArduinoSketch31\ArduinoSketch31\ArduinoCore\Debug\libArduinoCore.a(wiring_digital.o)
 .debug_frame   0x000013f4      0xa68 I:\atmel studio\led2\ArduinoSketch31\ArduinoSketch31\ArduinoCore\Debug\libArduinoCore.a(WString.o)
 .debug_frame   0x00001e5c       0x24 I:\atmel studio\led2\ArduinoSketch31\ArduinoSketch31\ArduinoCore\Debug\libArduinoCore.a(hooks.o)

.debug_str      0x00000000     0x34db
 *(.debug_str)
 .debug_str     0x00000000      0xd25 ComwithDisplay.o
                                0xddc (size before relaxing)
 .debug_str     0x00000d25      0x423 ComwithMotor.o
                                0x688 (size before relaxing)
 .debug_str     0x00001148      0x17b ComwithRC.o
                                0xcf6 (size before relaxing)
 .debug_str     0x000012c3       0xbd DisplayBuff.o
                                0xc04 (size before relaxing)
 .debug_str     0x00001380      0x258 Kinematics.o
                                0x4a8 (size before relaxing)
 .debug_str     0x000015d8      0x142 Sketch.o
                               0x1431 (size before relaxing)
 .debug_str     0x0000171a      0x9c8 src/libraries/SoftwareSerial/src/SoftwareSerial.o
                               0x1671 (size before relaxing)
 .debug_str     0x000020e2      0x2cf src/libraries/Wire/src/utility/twi.o
                                0x3c8 (size before relaxing)
 .debug_str     0x000023b1      0x415 src/libraries/Wire/src/Wire.o
                               0x1620 (size before relaxing)
 .debug_str     0x000027c6      0x40a I:\atmel studio\led2\ArduinoSketch31\ArduinoSketch31\ArduinoCore\Debug\libArduinoCore.a(HardwareSerial.o)
                               0x1332 (size before relaxing)
 .debug_str     0x00002bd0       0x47 I:\atmel studio\led2\ArduinoSketch31\ArduinoSketch31\ArduinoCore\Debug\libArduinoCore.a(HardwareSerial0.o)
                               0x1175 (size before relaxing)
 .debug_str     0x00002c17       0x43 I:\atmel studio\led2\ArduinoSketch31\ArduinoSketch31\ArduinoCore\Debug\libArduinoCore.a(main.o)
                                0x2b0 (size before relaxing)
 .debug_str     0x00002c5a      0x2dd I:\atmel studio\led2\ArduinoSketch31\ArduinoSketch31\ArduinoCore\Debug\libArduinoCore.a(Print.o)
                                0xfea (size before relaxing)
 .debug_str     0x00002f37      0x143 I:\atmel studio\led2\ArduinoSketch31\ArduinoSketch31\ArduinoCore\Debug\libArduinoCore.a(wiring.o)
                                0x23a (size before relaxing)
 .debug_str     0x0000307a       0x69 I:\atmel studio\led2\ArduinoSketch31\ArduinoSketch31\ArduinoCore\Debug\libArduinoCore.a(wiring_digital.o)
                                0x29f (size before relaxing)
 .debug_str     0x000030e3      0x3dc I:\atmel studio\led2\ArduinoSketch31\ArduinoSketch31\ArduinoCore\Debug\libArduinoCore.a(WString.o)
                                0xf7a (size before relaxing)
 .debug_str     0x000034bf       0x1c I:\atmel studio\led2\ArduinoSketch31\ArduinoSketch31\ArduinoCore\Debug\libArduinoCore.a(hooks.o)
                                0x12f (size before relaxing)

.debug_loc      0x00000000     0xb2d4
 *(.debug_loc)
 .debug_loc     0x00000000      0x682 ComwithDisplay.o
 .debug_loc     0x00000682      0x900 ComwithMotor.o
 .debug_loc     0x00000f82      0x234 ComwithRC.o
 .debug_loc     0x000011b6       0xa8 DisplayBuff.o
 .debug_loc     0x0000125e     0x122d Kinematics.o
 .debug_loc     0x0000248b      0x20f Sketch.o
 .debug_loc     0x0000269a      0xd8f src/libraries/SoftwareSerial/src/SoftwareSerial.o
 .debug_loc     0x00003429      0x449 src/libraries/Wire/src/utility/twi.o
 .debug_loc     0x00003872      0xb98 src/libraries/Wire/src/Wire.o
 .debug_loc     0x0000440a      0x497 I:\atmel studio\led2\ArduinoSketch31\ArduinoSketch31\ArduinoCore\Debug\libArduinoCore.a(HardwareSerial.o)
 .debug_loc     0x000048a1      0x187 I:\atmel studio\led2\ArduinoSketch31\ArduinoSketch31\ArduinoCore\Debug\libArduinoCore.a(HardwareSerial0.o)
 .debug_loc     0x00004a28     0x1f1c I:\atmel studio\led2\ArduinoSketch31\ArduinoSketch31\ArduinoCore\Debug\libArduinoCore.a(Print.o)
 .debug_loc     0x00006944      0x269 I:\atmel studio\led2\ArduinoSketch31\ArduinoSketch31\ArduinoCore\Debug\libArduinoCore.a(wiring.o)
 .debug_loc     0x00006bad      0x5e3 I:\atmel studio\led2\ArduinoSketch31\ArduinoSketch31\ArduinoCore\Debug\libArduinoCore.a(wiring_digital.o)
 .debug_loc     0x00007190     0x4144 I:\atmel studio\led2\ArduinoSketch31\ArduinoSketch31\ArduinoCore\Debug\libArduinoCore.a(WString.o)

.debug_macinfo
 *(.debug_macinfo)

.debug_weaknames
 *(.debug_weaknames)

.debug_funcnames
 *(.debug_funcnames)

.debug_typenames
 *(.debug_typenames)

.debug_varnames
 *(.debug_varnames)

.debug_pubtypes
 *(.debug_pubtypes)

.debug_ranges   0x00000000      0x9a8
 *(.debug_ranges)
 .debug_ranges  0x00000000       0x50 ComwithDisplay.o
 .debug_ranges  0x00000050       0x88 ComwithMotor.o
 .debug_ranges  0x000000d8       0x30 ComwithRC.o
 .debug_ranges  0x00000108       0x30 DisplayBuff.o
 .debug_ranges  0x00000138       0x38 Kinematics.o
 .debug_ranges  0x00000170       0x48 Sketch.o
 .debug_ranges  0x000001b8       0xf8 src/libraries/SoftwareSerial/src/SoftwareSerial.o
 .debug_ranges  0x000002b0       0x70 src/libraries/Wire/src/utility/twi.o
 .debug_ranges  0x00000320       0xe8 src/libraries/Wire/src/Wire.o
 .debug_ranges  0x00000408       0x70 I:\atmel studio\led2\ArduinoSketch31\ArduinoSketch31\ArduinoCore\Debug\libArduinoCore.a(HardwareSerial.o)
 .debug_ranges  0x00000478       0x38 I:\atmel studio\led2\ArduinoSketch31\ArduinoSketch31\ArduinoCore\Debug\libArduinoCore.a(HardwareSerial0.o)
 .debug_ranges  0x000004b0       0x28 I:\atmel studio\led2\ArduinoSketch31\ArduinoSketch31\ArduinoCore\Debug\libArduinoCore.a(main.o)
 .debug_ranges  0x000004d8      0x138 I:\atmel studio\led2\ArduinoSketch31\ArduinoSketch31\ArduinoCore\Debug\libArduinoCore.a(Print.o)
 .debug_ranges  0x00000610       0x38 I:\atmel studio\led2\ArduinoSketch31\ArduinoSketch31\ArduinoCore\Debug\libArduinoCore.a(wiring.o)
 .debug_ranges  0x00000648       0x28 I:\atmel studio\led2\ArduinoSketch31\ArduinoSketch31\ArduinoCore\Debug\libArduinoCore.a(wiring_digital.o)
 .debug_ranges  0x00000670      0x328 I:\atmel studio\led2\ArduinoSketch31\ArduinoSketch31\ArduinoCore\Debug\libArduinoCore.a(WString.o)
 .debug_ranges  0x00000998       0x10 I:\atmel studio\led2\ArduinoSketch31\ArduinoSketch31\ArduinoCore\Debug\libArduinoCore.a(hooks.o)

.debug_macro
 *(.debug_macro)
OUTPUT(sketch_jul30a.elf elf32-avr)
LOAD linker stubs
